Archive member included       because of file (symbol)

/usr/local/openravenscar/lib/gcc-lib/sparc-ork-elf/2.8.1/adalib/libgnarl.a(a-reatim.o)
                              ./devicesfss_v1.o (ada__real_time__clock)
/usr/local/openravenscar/lib/gcc-lib/sparc-ork-elf/2.8.1/adalib/libgnarl.a(a-retide.o)
                              ./fss.o (ada__real_time__delays__delay_until)
/usr/local/openravenscar/lib/gcc-lib/sparc-ork-elf/2.8.1/adalib/libgnarl.a(s-taprob.o)
                              ./devicesfss_v1.o (system__tasking__protected_objects__initialize_protection)
/usr/local/openravenscar/lib/gcc-lib/sparc-ork-elf/2.8.1/adalib/libgnarl.a(s-taprop.o)
                              /usr/local/openravenscar/lib/gcc-lib/sparc-ork-elf/2.8.1/adalib/libgnarl.a(a-retide.o) (system__task_primitives__operations__self)
/usr/local/openravenscar/lib/gcc-lib/sparc-ork-elf/2.8.1/adalib/libgnarl.a(s-tarest.o)
                              ./fss.o (system__tasking__restricted__stages__create_restricted_task)
/usr/local/openravenscar/lib/gcc-lib/sparc-ork-elf/2.8.1/adalib/libgnarl.a(s-tasdeb.o)
                              b~main.o (system__tasking__debug___elabs)
/usr/local/openravenscar/lib/gcc-lib/sparc-ork-elf/2.8.1/adalib/libgnarl.a(s-taskin.o)
                              /usr/local/openravenscar/lib/gcc-lib/sparc-ork-elf/2.8.1/adalib/libgnarl.a(s-tasdeb.o) (system__tasking__task_statesT)
/usr/local/openravenscar/lib/gcc-lib/sparc-ork-elf/2.8.1/adalib/libgnarl.a(s-taspri.o)
                              /usr/local/openravenscar/lib/gcc-lib/sparc-ork-elf/2.8.1/adalib/libgnarl.a(s-taskin.o) (system__task_primitives___init_proc)
/usr/local/openravenscar/lib/gcc-lib/sparc-ork-elf/2.8.1/adalib/libgnarl.a(kernel-interrupts.o)
                              b~main.o (kernel__interrupts___elabb)
/usr/local/openravenscar/lib/gcc-lib/sparc-ork-elf/2.8.1/adalib/libgnarl.a(kernel-threads.o)
                              b~main.o (kernel__threads___elabs)
/usr/local/openravenscar/lib/gcc-lib/sparc-ork-elf/2.8.1/adalib/libgnarl.a(kernel-threads-atcb.o)
                              /usr/local/openravenscar/lib/gcc-lib/sparc-ork-elf/2.8.1/adalib/libgnarl.a(s-taprop.o) (kernel__threads__atcb__set_atcb)
/usr/local/openravenscar/lib/gcc-lib/sparc-ork-elf/2.8.1/adalib/libgnarl.a(kernel-threads-queues.o)
                              /usr/local/openravenscar/lib/gcc-lib/sparc-ork-elf/2.8.1/adalib/libgnarl.a(s-taprop.o) (running_thread)
/usr/local/openravenscar/lib/gcc-lib/sparc-ork-elf/2.8.1/adalib/libgnarl.a(kernel-threads-protection.o)
                              /usr/local/openravenscar/lib/gcc-lib/sparc-ork-elf/2.8.1/adalib/libgnarl.a(kernel-threads.o) (kernel__threads__protection__dispatch)
/usr/local/openravenscar/lib/gcc-lib/sparc-ork-elf/2.8.1/adalib/libgnarl.a(kernel-time.o)
                              /usr/local/openravenscar/lib/gcc-lib/sparc-ork-elf/2.8.1/adalib/libgnarl.a(s-taprop.o) (kernel_clock)
/usr/local/openravenscar/lib/gcc-lib/sparc-ork-elf/2.8.1/adalib/libgnarl.a(kernel-memory.o)
                              /usr/local/openravenscar/sparc-ork-elf/lib/ada_crt0.o (environment_stack)
/usr/local/openravenscar/lib/gcc-lib/sparc-ork-elf/2.8.1/adalib/libgnarl.a(kernel-cpu_primitives.o)
                              /usr/local/openravenscar/lib/gcc-lib/sparc-ork-elf/2.8.1/adalib/libgnarl.a(kernel-threads-protection.o) (kernel__cpu_primitives__context_switch)
/usr/local/openravenscar/lib/gcc-lib/sparc-ork-elf/2.8.1/adalib/libgnarl.a(kernel-peripherals-registers.o)
                              b~main.o (kernel__peripherals__registers___elabs)
/usr/local/openravenscar/lib/gcc-lib/sparc-ork-elf/2.8.1/adalib/libgnarl.a(kernel-peripherals.o)
                              /usr/local/openravenscar/lib/gcc-lib/sparc-ork-elf/2.8.1/adalib/libgnarl.a(kernel-interrupts.o) (kernel__peripherals__to_vector)
/usr/local/openravenscar/lib/gcc-lib/sparc-ork-elf/2.8.1/adalib/libgnarl.a(kernel-serial_output.o)
                              ./devicesfss_v1.o (kernel__serial_output__put__2)
/usr/local/openravenscar/lib/gcc-lib/sparc-ork-elf/2.8.1/adalib/libgnarl.a(context.o)
                              /usr/local/openravenscar/sparc-ork-elf/lib/ada_crt0.o (context_trap)
/usr/local/openravenscar/lib/gcc-lib/sparc-ork-elf/2.8.1/adalib/libgnarl.a(install_handler.o)
                              /usr/local/openravenscar/sparc-ork-elf/lib/ada_crt0.o (FP_Save_Pending)
/usr/local/openravenscar/lib/gcc-lib/sparc-ork-elf/2.8.1/adalib/libgnarl.a(int_level.o)
                              /usr/local/openravenscar/lib/gcc-lib/sparc-ork-elf/2.8.1/adalib/libgnarl.a(kernel-threads-protection.o) (disable_interrupts)
/usr/local/openravenscar/lib/gcc-lib/sparc-ork-elf/2.8.1/adalib/libgnat.a(a-except.o)
                              b~main.o (ada__exceptions___elabs)
/usr/local/openravenscar/lib/gcc-lib/sparc-ork-elf/2.8.1/adalib/libgnat.a(a-filico.o)
                              b~main.o (ada__finalization__list_controller___elabs)
[...]
Memory Configuration

Name             Origin             Length             Attributes
rom              0x00000000         0x00200000         xr
ram              0x02000000         0x003f8000         xrw
*default*        0x00000000         0xffffffff

Linker script and memory map

                0x00200000                PROM_SIZE=0x200000
                0x00400000                RAM_SIZE=0x400000
                0x00000000                PROM_START=0x0
                0x00200000                PROM_END=(PROM_START+PROM_SIZE)
                0x02000000                RAM_START=0x2000000
                0x02400000                RAM_END=(RAM_START+RAM_SIZE)

.text           0x02000000    0x31a70
 CREATE_OBJECT_SYMBOLS
                0x02000000                text_start=.
 *(.text)
 .text          0x02000000     0x1384 /usr/local/openravenscar/sparc-ork-elf/lib/ada_crt0.o
                0x020011bc                __exit
                0x02000000                trap_table
                0x02000000                start
                0x020011bc                _exit
 .text          0x02001384      0x24c b~main.o
                0x020015b8                ada_main___elabb
                0x02001384                adainit
                0x02001538                main
                0x0200151c                adafinal
 .text          0x020015d0       0x1c ./main.o
                0x020015d0                _ada_main
 .text          0x020015ec      0x118 ./scenario_v1.o
                0x020015ec                scenario_v1___elabs
 .text          0x02001704     0x4aa8 ./devicesfss_v1.o
                0x020033c8                devicesfss_v1___init_proc__6
                0x020047ac                devicesfss_v1___init_proc__9
                0x02001d38                devicesfss_v1__read_light_intensity
                0x020055ec                devicesfss_v1__display_altitude
                0x0200341c                devicesfss_v1__read_pilotbutton
                0x02005d84                devicesfss_v1__display_cronometro
                0x02002854                devicesfss_v1___init_proc__4
                0x020059c0                devicesfss_v1__display_joystick
                0x020051dc                devicesfss_v1__light_1
                0x0200404c                devicesfss_v1__read_altitude
                0x02005704                devicesfss_v1__display_distance
                0x020047ec                devicesfss_v1__read_pitch
                0x020022ac                devicesfss_v1___init_proc__3
                0x02004004                devicesfss_v1___init_proc__8
                0x02005c74                devicesfss_v1__display_message
                0x02001764                devicesfss_v1__read_distance
                0x020058a8                devicesfss_v1__display_light_intensity
                0x02005934                devicesfss_v1__display_pilot_power
                0x020028b4                devicesfss_v1__read_power
                0x020039a8                devicesfss_v1__read_speed
                0x0200581c                devicesfss_v1__display_roll
                0x02005b8c                devicesfss_v1__display_pilot_button
                0x02004de4                devicesfss_v1__read_roll
                0x020060f4                devicesfss_v1___elabb
                0x02003968                devicesfss_v1___init_proc__7
                0x02001cd8                devicesfss_v1___init_proc__2
                0x0200528c                devicesfss_v1__light_2
                0x02002e7c                devicesfss_v1__read_pilotpresence
                0x02004814                devicesfss_v1__set_aircraft_pitch
                0x02005678                devicesfss_v1__display_speed
                0x02004e0c                devicesfss_v1__set_aircraft_roll
                0x0200230c                devicesfss_v1__read_joystick
                0x0200536c                devicesfss_v1__alarm
                0x02005aa4                devicesfss_v1__display_pilot_presence
                0x020039d0                devicesfss_v1__set_speed
                0x02005790                devicesfss_v1__display_pitch
                0x02002e28                devicesfss_v1___init_proc__5
                0x02004da4                devicesfss_v1___init_proc__10
                0x02001704                devicesfss_v1___init_proc
 .text          0x020061ac      0x9a8 ./workload.o
                0x020061ac                workload___elabs
                0x020065ac                workload__small_whetstone
                0x02006b3c                workload___elabb
 .text          0x02006b54      0xd08 ./tools.o
                0x0200782c                tools___elabb
                0x020077b8                tools__execution_time
                0x02007710                tools__finish_activity
                0x020075c0                tools__print_a_string
                0x02006e40                tools__print_chrono
                0x02007668                tools__start_activity
                0x02006b54                tools___elabs
                0x02007268                tools__print_an_integer
                0x02007420                tools__print_a_float
                0x02006ba0                tools__current_time
 .text          0x0200785c     0x2194 ./fss.o
                0x02007fd4                fss___init_proc__6
                0x02007898                fss___init_proc
                0x02007f58                fss___init_proc__5
                0x0200785c                fss__background
                0x02007e60                fss___init_proc__3
                0x020095e8                fss___elabb
                0x02007de4                fss___init_proc__2
                0x02007edc                fss___init_proc__4
 .text          0x020099f0      0x5e4 /usr/local/openravenscar/lib/gcc-lib/sparc-ork-elf/2.8.1/adalib/libgnarl.a(a-reatim.o)
                0x02009a1c                ada__real_time__Oadd__2
                0x02009bf0                ada__real_time__split
                0x02009a0c                ada__real_time__Oadd
                0x02009a6c                ada__real_time__Osubtract__4
                0x02009b70                ada__real_time__nanoseconds
                0x02009adc                ada__real_time__Odivide__2
                0x02009a98                ada__real_time__Odivide
                0x02009a4c                ada__real_time__Osubtract__2
                0x02009b60                ada__real_time__to_duration
                0x02009f08                ada__real_time__time_of
                0x02009a2c                ada__real_time__Oadd__3
                0x02009bc0                ada__real_time__milliseconds
                0x020099f0                ada__real_time__clock
                0x02009b94                ada__real_time__microseconds
                0x02009a3c                ada__real_time__Osubtract
                0x02009a5c                ada__real_time__Osubtract__3
                0x02009b68                ada__real_time__to_time_span
                0x02009b34                ada__real_time__Omultiply__2
                0x02009b08                ada__real_time__Omultiply
 .text          0x02009fd4       0x68 /usr/local/openravenscar/lib/gcc-lib/sparc-ork-elf/2.8.1/adalib/libgnarl.a(a-retide.o)
                0x0200a018                ada__real_time__delays__to_duration
                0x02009fd4                ada__real_time__delays__delay_until
 .text          0x0200a03c      0x10c /usr/local/openravenscar/lib/gcc-lib/sparc-ork-elf/2.8.1/adalib/libgnarl.a(s-taprob.o)
                0x0200a128                system__tasking__protected_objects___init_proc
                0x0200a0f8                system__tasking__protected_objects__unlock
                0x0200a068                system__tasking__protected_objects__lock
                0x0200a134                system__tasking__protected_objects___init_proc__2
                0x0200a03c                system__tasking__protected_objects__initialize_protection
                0x0200a0b0                system__tasking__protected_objects__lock_read_only
                0x0200a110                system__tasking__protected_objects__finalize_protection
 .text          0x0200a148      0x978 /usr/local/openravenscar/lib/gcc-lib/sparc-ork-elf/2.8.1/adalib/libgnarl.a(s-taprop.o)
                0x0200a3c8                system__task_primitives__operations__get_priority
                0x0200a240                system__task_primitives__operations__unlock__2
                0x0200a5a0                system__task_primitives__operations__check_no_locks
                0x0200a1c4                system__task_primitives__operations__write_lock
                0x0200a600                system__task_primitives__operations__resume_task
                0x0200a680                system__task_primitives__operations___elabb
                0x0200a30c                system__task_primitives__operations__clock
                0x0200a1e0                system__task_primitives__operations__write_lock__2
                0x0200a180                system__task_primitives__operations__get_thread_id
                0x0200a294                system__task_primitives__operations__timed_delay
                0x0200a3a8                system__task_primitives__operations__set_priority
                0x0200a270                system__task_primitives__operations__timed_sleep
                0x0200a164                system__task_primitives__operations__self
                0x0200a258                system__task_primitives__operations__sleep
                0x0200a584                system__task_primitives__operations__set_exit_task_procedure
                0x0200a22c                system__task_primitives__operations__unlock
                0x0200a5b8                system__task_primitives__operations__environment_task
                0x0200a18c                system__task_primitives__operations__initialize_lock
                0x0200a8b4                system__task_primitives__operations___init_proc
                0x0200a568                system__task_primitives__operations__exit_task
                0x0200a330                system__task_primitives__operations__wakeup
                0x0200a148                system__task_primitives__operations__set
                0x0200a590                system__task_primitives__operations__abort_task
                0x0200a5c4                system__task_primitives__operations__lock_all_tasks_list
                0x0200a1f8                system__task_primitives__operations__write_lock__3
                0x0200a558                system__task_primitives__operations__finalize_tcb
                0x0200a444                system__task_primitives__operations__new_atcb
                0x0200a5f8                system__task_primitives__operations__suspend_task
                0x0200a344                system__task_primitives__operations__yield
                0x0200a5e0                system__task_primitives__operations__unlock_all_tasks_list
                0x0200a608                system__task_primitives__operations__initialize
                0x0200a598                system__task_primitives__operations__check_exit
                0x0200a4bc                system__task_primitives__operations__initialize_tcb
                0x0200a178                system__task_primitives__operations__stack_guard
                0x0200a1bc                system__task_primitives__operations__finalize_lock
                0x0200a560                system__task_primitives__operations__default_exit_task_procedure
                0x0200a4f8                system__task_primitives__operations__create_task
                0x0200a1a4                system__task_primitives__operations__initialize_lock__2
                0x0200a210                system__task_primitives__operations__read_lock
                0x0200a3e0                system__task_primitives__operations__enter_task
 .text          0x0200aac0      0x924 /usr/local/openravenscar/lib/gcc-lib/sparc-ork-elf/2.8.1/adalib/libgnarl.a(s-tarest.o)
                0x0200ad34                system__tasking__restricted__stages__create_restricted_task
                0x0200b234                system__tasking__restricted__stages__restricted_terminated
                0x0200af44                system__tasking__restricted__stages__activate_restricted_tasks
                0x0200b104                system__tasking__restricted__stages__complete_restricted_activation
                0x0200b248                system__tasking__restricted__stages__finalize_global_tasks
                0x0200b29c                system__tasking__restricted__stages___elabb
                0x0200b1d4                system__tasking__restricted__stages__complete_restricted_task
 .text          0x0200b3e4      0xf44 /usr/local/openravenscar/lib/gcc-lib/sparc-ork-elf/2.8.1/adalib/libgnarl.a(s-tasdeb.o)
                0x0200c05c                system__tasking__debug__image
                0x0200c300                system__tasking__debug___init_proc__2
                0x0200bd38                system__tasking__debug__print_current_task
                0x0200bfac                system__tasking__debug__trace__2
                0x0200b3e4                system__tasking__debug___elabs
                0x0200bd54                system__tasking__debug__list_tasks
                0x0200c204                system__tasking__debug__resume_all_tasks
                0x0200b45c                system__tasking__debug__set_user_state
                0x0200bb84                system__tasking__debug__print_task_info_header
                0x0200c2c0                system__tasking__debug___init_proc
                0x0200b448                system__tasking__debug__self
                0x0200c23c                system__tasking__debug___elabb
                0x0200bd94                system__tasking__debug__print_accept_info
                0x0200c048                system__tasking__debug__set_trace
                0x0200be58                system__tasking__debug__trace
                0x0200bfe0                system__tasking__debug__trace__3
                0x0200c014                system__tasking__debug__trace__4
                0x0200b744                system__tasking__debug__print_task_info
                0x0200b440                system__tasking__debug__task_termination_hook
                0x0200b438                system__tasking__debug__task_creation_hook
                0x0200c1cc                system__tasking__debug__suspend_all_tasks
 .text          0x0200c328      0x75c /usr/local/openravenscar/lib/gcc-lib/sparc-ork-elf/2.8.1/adalib/libgnarl.a(s-taskin.o)
                0x0200c73c                system__tasking___init_proc__3
                0x0200c9e4                system__tasking___init_proc__8
                0x0200c9a4                system__tasking___init_proc__7
                0x0200c328                system__tasking__self
                0x0200c704                system__tasking___init_proc__2
                0x0200c464                system__tasking___elabb
                0x0200c7b8                system__tasking___init_proc__4
                0x0200c9f0                system__tasking___init_proc__9
                0x0200c6b0                system__tasking___init_proc
                0x0200c80c                system__tasking___init_proc__6
                0x0200c33c                system__tasking__initialize_atcb
                0x0200c7c4                system__tasking___init_proc__5
 .text          0x0200ca84       0x14 /usr/local/openravenscar/lib/gcc-lib/sparc-ork-elf/2.8.1/adalib/libgnarl.a(s-taspri.o)
                0x0200ca84                system__task_primitives___init_proc
 .text          0x0200ca98      0x1f0 /usr/local/openravenscar/lib/gcc-lib/sparc-ork-elf/2.8.1/adalib/libgnarl.a(kernel-interrupts.o)
                0x0200cb60                kernel_detach_interrupt_handler
                0x0200cba8                kernel__interrupts___elabb
                0x0200ca98                kernel__interrupts__null_handler
                0x0200caa0                kernel__interrupts__wrapper
                0x0200cb88                kernel_current_interrupt_handler
                0x0200cb00                kernel_attach_interrupt_handler
                0x0200cc2c                kernel__interrupts___init_proc__2
                0x0200cc14                kernel__interrupts___init_proc
 .text          0x0200cc88      0x5dc /usr/local/openravenscar/lib/gcc-lib/sparc-ork-elf/2.8.1/adalib/libgnarl.a(kernel-threads.o)
                0x0200cc88                kernel__threads___elabs
                0x0200d228                kernel__threads___init_proc__3
                0x0200cef8                kernel_yield
                0x0200cff8                kernel_check_no_mutexes
                0x0200d008                kernel_condition_init
                0x0200ce58                kernel__threads__set_active_priority
                0x0200ce0c                kernel_set_priority
                0x0200d0cc                kernel_condition_signal
                0x0200d12c                kernel_thread_create
                0x0200cd14                kernel__threads__default_dummy_task_function
                0x0200d1f4                kernel_thread_self
                0x0200ccc4                kernel__threads__thread_caller
                0x0200d010                kernel_condition_wait
                0x0200cd24                kernel_initialize
                0x0200cf98                kernel_mutex_unlock
                0x0200cf40                kernel_mutex_lock
                0x0200cf34                kernel_mutex_init
                0x0200d204                kernel__threads___elabb
                0x0200d214                kernel__threads___init_proc
                0x0200d220                kernel__threads___init_proc__2
                0x0200cedc                kernel_get_priority
 .text          0x0200d264       0x28 /usr/local/openravenscar/lib/gcc-lib/sparc-ork-elf/2.8.1/adalib/libgnarl.a(kernel-threads-atcb.o)
                0x0200d27c                kernel__threads__atcb___elabb
                0x0200d26c                kernel__threads__atcb__thread_self_atcb
                0x0200d264                kernel__threads__atcb__set_atcb
 .text          0x0200d28c      0x478 /usr/local/openravenscar/lib/gcc-lib/sparc-ork-elf/2.8.1/adalib/libgnarl.a(kernel-threads-queues.o)
                0x0200d4a4                kernel__threads__queues__insert_alarm
                0x0200d348                kernel__threads__queues__insert_at_tail
                0x0200d2a4                kernel__threads__queues__insert_at_head
                0x0200d570                kernel__threads__queues__extract_first_alarm
                0x0200d458                kernel__threads__queues__get_new_thread_descriptor
                0x0200d674                kernel__threads__queues___init_proc
                0x0200d3ec                kernel__threads__queues__extract_from_ready
                0x0200d59c                kernel__threads__queues__get_next_alarm_time
                0x0200d5d0                kernel__threads__queues___elabb
                0x0200d434                kernel__threads__queues__next_running
                0x0200d298                kernel__threads__queues__environment_thread_id
                0x0200d28c                kernel__threads__queues__dummy_thread_id
 .text          0x0200d704      0x108 /usr/local/openravenscar/lib/gcc-lib/sparc-ork-elf/2.8.1/adalib/libgnarl.a(kernel-threads-protection.o)
                0x0200d728                kernel__threads__protection__leave_kernel
                0x0200d704                kernel__threads__protection__dispatch
                0x0200d7fc                kernel__threads__protection___elabb
                0x0200d714                kernel__threads__protection__enter_kernel
 .text          0x0200d80c      0x3c4 /usr/local/openravenscar/lib/gcc-lib/sparc-ork-elf/2.8.1/adalib/libgnarl.a(kernel-time.o)
                0x0200d8c4                kernel_delay_until
                0x0200d80c                kernel_clock
                0x0200db90                kernel__time___elabb
 .text          0x0200dbd0       0x9c /usr/local/openravenscar/lib/gcc-lib/sparc-ork-elf/2.8.1/adalib/libgnarl.a(kernel-memory.o)
                0x0200dc2c                kernel__memory___elabb
                0x0200dbd8                kernel_new_stack
                0x0200dbd0                kernel_new_memory_region
 .text          0x0200dc6c       0x88 /usr/local/openravenscar/lib/gcc-lib/sparc-ork-elf/2.8.1/adalib/libgnarl.a(kernel-cpu_primitives.o)
                0x0200dc6c                kernel__cpu_primitives__context_switch
                0x0200dc78                kernel__cpu_primitives__initialize_context
                0x0200dce4                kernel__cpu_primitives___elabb
 .text          0x0200dcf4       0x44 /usr/local/openravenscar/lib/gcc-lib/sparc-ork-elf/2.8.1/adalib/libgnarl.a(kernel-peripherals-registers.o)
                0x0200dcf4                kernel__peripherals__registers___elabs
 .text          0x0200dd38      0x6ac /usr/local/openravenscar/lib/gcc-lib/sparc-ork-elf/2.8.1/adalib/libgnarl.a(kernel-peripherals.o)
                0x0200dd48                kernel__peripherals__stop_watch_dog
                0x0200dd38                kernel__peripherals__to_vector
                0x0200dd64                kernel__peripherals__init_clock
                0x0200e330                kernel__peripherals___elabb
                0x0200de48                kernel__peripherals__cancel_and_set_alarm
                0x0200de24                kernel__peripherals__init_board
                0x0200de5c                kernel__peripherals__set_alarm
                0x0200dfd0                kernel__peripherals__read_clock
                0x0200e040                kernel__peripherals__clear_alarm_interrupt
                0x0200e270                kernel__peripherals__uart_send
                0x0200e048                kernel__peripherals__clear_clock_interrupt
                0x0200e184                kernel__peripherals__init_uart
                0x0200dd5c                kernel__peripherals__memory_configuration
                0x0200e050                kernel__peripherals__protect_segment
                0x0200dd40                kernel__peripherals__priority_of_interrupt
 .text          0x0200e3e4       0xe4 /usr/local/openravenscar/lib/gcc-lib/sparc-ork-elf/2.8.1/adalib/libgnarl.a(kernel-serial_output.o)
                0x0200e43c                kernel_new_line
                0x0200e450                kernel_put_line_c
                0x0200e3fc                kernel__serial_output__put__2
                0x0200e3e4                kernel_put_c
                0x0200e46c                kernel__serial_output__put_line__2
                0x0200e49c                kernel__serial_output___elabb
 .text          0x0200e4c8      0x2dc /usr/local/openravenscar/lib/gcc-lib/sparc-ork-elf/2.8.1/adalib/libgnarl.a(context.o)
                0x0200e79c                exit_from_context_switch
                0x0200e4c8                context_switch
                0x0200e4d4                context_trap
 .text          0x0200e7a4      0x60c /usr/local/openravenscar/lib/gcc-lib/sparc-ork-elf/2.8.1/adalib/libgnarl.a(install_handler.o)
                0x0200e85c                set_next_running
                0x0200e7a4                enable_traps
                0x0200e808                install_trap_handler
                0x0200e7b8                install_int_handler
 .text          0x0200edb0       0x34 /usr/local/openravenscar/lib/gcc-lib/sparc-ork-elf/2.8.1/adalib/libgnarl.a(int_level.o)
                0x0200edb0                disable_interrupts
                0x0200edc8                enable_interrupts
 .text          0x0200ede4     0x25c0 /usr/local/openravenscar/lib/gcc-lib/sparc-ork-elf/2.8.1/adalib/libgnat.a(a-except.o)
                0x0201064c                ada__exceptions__sdp_table_sort_move
                0x020107ac                ada__exceptions__string_to_eid
                0x0200fe68                __gnat_raise_nodefer_with_msg
                0x0200f014                ada__exceptions__current_target_exception
                0x0200ffe0                ada__exceptions__raise_from_signal_handler
                0x0200ee64                ada__exceptions__address_image
                0x02010264                ada__exceptions__save_occurrence
                0x02010e48                __gnat_notify_exception
                0x0200fb28                ada__exceptions__propagate_exception
                0x0200f99c                ada__exceptions__exception_name_simple
                0x020101b8                __gnat_reraise
                0x0200ff48                __gnat_raise_exception
                0x0200ede4                ada__exceptions___elabs
                0x0200ef6c                __gnat_break_start
                0x0200ef58                ada__exceptions__allocate_machine_state
                0x0200f038                ada__exceptions__deallocate_machine_state
                0x0200f2ec                ada__exceptions__exception_information
                0x02010118                __gnat_raise_storage_error
                0x0200f0a8                ada__exceptions__eo_to_string
                0x020105b0                ada__exceptions__sdp_table_sort_lt
                0x020112bc                ada__exceptions__raise_exception_no_defer
                0x0200f8a8                ada__exceptions__exception_name__2
                0x02011364                ada__exceptions__zzz
                0x0200ee54                ada__exceptions__poll
                0x02010138                ada__exceptions__raise_with_c_msg
                0x02010edc                ada__exceptions__unhandled_exception_terminate
                0x0200f04c                ada__exceptions__eid_to_string
                0x020102f8                ada__exceptions__save_occurrence__2
                0x020100a4                ada__exceptions__raise_with_location
                0x0201007c                ada__exceptions__raise_no_msg
                0x0200f7e4                ada__exceptions__exception_message
                0x0201067c                ada__exceptions__set_exception_c_msg
                0x020108d4                ada__exceptions__string_to_eo
                0x020100d8                __gnat_raise_constraint_error
                0x020101f0                ada__exceptions__reraise_occurrence
                0x0201136c                ada__exceptions___elabb
                0x02011394                ada__exceptions___init_proc
                0x0200f96c                ada__exceptions__exception_name
                0x0200ee5c                ada__exceptions__aaa
                0x02010238                ada__exceptions__reraise_occurrence_no_defer
                0x0200f108                ada__exceptions__exception_identity
                0x02010324                __gnat_SDP_Table_Build
                0x02010e40                __gnat_unhandled_exception
                0x0200ef74                ada__exceptions__call_chain
                0x0201016c                __gnat_raise_with_msg
                0x020100f8                __gnat_raise_program_error
 .text          0x020113a4      0x2ec /usr/local/openravenscar/lib/gcc-lib/sparc-ork-elf/2.8.1/adalib/libgnat.a(a-filico.o)
                0x020113f0                ada__finalization__list_controller___deep_finalize__2
                0x0201165c                ada__finalization__list_controller___init_proc__2
                0x02011620                ada__finalization__list_controller__finalize
                0x020113e0                ada__finalization__list_controller___size__2
                0x02011638                ada__finalization__list_controller___init_proc
                0x020115ec                ada__finalization__list_controller__finalize__2
                0x0201141c                ada__finalization__list_controller___elabs
                0x020113a4                ada__finalization__list_controller___size
                0x020115d4                ada__finalization__list_controller__initialize__2
                0x020113b4                ada__finalization__list_controller___deep_finalize
 .text          0x02011690      0x560 /usr/local/openravenscar/lib/gcc-lib/sparc-ork-elf/2.8.1/adalib/libgnat.a(a-finali.o)
                0x020118f0                ada__finalization___size__4
                0x02011b70                ada__finalization__initialize
                0x02011b88                ada__finalization__Oeq__2
                0x02011bb0                ada__finalization___init_proc
                0x020116b8                ada__finalization___write__3
                0x02011ba8                ada__finalization__finalize__2
                0x02011690                ada__finalization___size__3
                0x020116a0                ada__finalization___read__3
                0x02011b78                ada__finalization__adjust
                0x02011bd0                ada__finalization___init_proc__2
                0x0201192c                ada__finalization___elabs
                0x02011b80                ada__finalization__finalize
                0x0201189c                ada__finalization___deep_adjust
                0x02011ba0                ada__finalization__initialize__2
                0x020116d0                ada__finalization___assign__3
                0x020118c4                ada__finalization___deep_finalize
                0x02011900                ada__finalization___deep_finalize__2
 .text          0x02011bf0       0x6c /usr/local/openravenscar/lib/gcc-lib/sparc-ork-elf/2.8.1/adalib/libgnat.a(a-ioexce.o)
                0x02011bf0                ada__io_exceptions___elabs
 .text          0x02011c5c     0x1e98 /usr/local/openravenscar/lib/gcc-lib/sparc-ork-elf/2.8.1/adalib/libgnat.a(a-nuelfu.o)
                0x02013718                ada__numerics__elementary_functions__sinh
                0x020125a0                ada__numerics__elementary_functions__arcsin
                0x02012388                ada__numerics__elementary_functions__arccosh
                0x020127cc                ada__numerics__elementary_functions__arcsinh
                0x02011c5c                ada__numerics__elementary_functions__Oexpon
                0x0201249c                ada__numerics__elementary_functions__arccoth
                0x02012480                ada__numerics__elementary_functions__arccot__2
                0x02012674                ada__numerics__elementary_functions__arcsin__2
                0x020129fc                ada__numerics__elementary_functions__arctan__2
                0x0201221c                ada__numerics__elementary_functions__arccos__2
                0x02012cfc                ada__numerics__elementary_functions__cos
                0x02013824                ada__numerics__elementary_functions__sqrt
                0x02013930                ada__numerics__elementary_functions__tan__2
                0x0201361c                ada__numerics__elementary_functions__sin__2
                0x020134ac                ada__numerics__elementary_functions__log__2
                0x02012f00                ada__numerics__elementary_functions__cot__2
                0x02013a60                ada__numerics__elementary_functions__tanh
                0x02013068                ada__numerics__elementary_functions__coth
                0x020133f0                ada__numerics__elementary_functions__log
                0x02012dac                ada__numerics__elementary_functions__cosh
                0x02012468                ada__numerics__elementary_functions__arccot
                0x020128ec                ada__numerics__elementary_functions__arctan
                0x020135d4                ada__numerics__elementary_functions__sin
                0x0201211c                ada__numerics__elementary_functions__arccos
                0x02012d68                ada__numerics__elementary_functions__cos__2
                0x020138a8                ada__numerics__elementary_functions__tan
                0x0201315c                ada__numerics__elementary_functions__exp
                0x02012e58                ada__numerics__elementary_functions__cot
                0x02012b70                ada__numerics__elementary_functions__arctanh
 .text          0x02013af4       0x18 /usr/local/openravenscar/lib/gcc-lib/sparc-ork-elf/2.8.1/adalib/libgnat.a(a-numeri.o)
                0x02013af4                ada__numerics___elabs
 .text          0x02013b0c       0xc0 /usr/local/openravenscar/lib/gcc-lib/sparc-ork-elf/2.8.1/adalib/libgnat.a(a-stream.o)
                0x02013b24                ada__streams___elabs
                0x02013b1c                ada__streams___deep_finalize
                0x02013b0c                ada__streams___size
                0x02013bbc                ada__streams___init_proc
 .text          0x02013bcc      0x934 /usr/local/openravenscar/lib/gcc-lib/sparc-ork-elf/2.8.1/adalib/libgnat.a(a-tags.o)
                0x02014234                ada__tags__length
                0x020144a0                ada__tags___init_proc
                0x02013d40                ada__tags__external_tag_htable__removeXn
                0x02014358                ada__tags__get_rc_offset
                0x02014474                ada__tags__set_remotely_callable
                0x0201443c                ada__tags__set_prim_op_address
                0x0201441c                ada__tags__register_tag
                0x020143bc                ada__tags__inherit_tsd
                0x02013bcc                ada__tags___elabs
                0x02014334                ada__tags__get_expanded_name
                0x02014450                ada__tags__set_expanded_name
                0x02014364                ada__tags__get_remotely_callable
                0x02013f5c                ada__tags__expanded_name
                0x02013be4                ada__tags__external_tag_htable__getXn
                0x0201434c                ada__tags__get_inheritance_depth
                0x0201437c                ada__tags__get_tsd
                0x02013e38                ada__tags__external_tag_htable__setXn
                0x020142f4                ada__tags__cw_membership
                0x02014384                ada__tags__inherit_dt
                0x02013c8c                ada__tags__external_tag_htable__get_nextXn
                0x02014064                ada__tags__get_external_tag
                0x02014088                ada__tags__internal_tag
                0x020144a8                ada__tags___init_proc__2
                0x02014290                ada__tags___elabb
                0x02014448                ada__tags__set_tsd
                0x0201445c                ada__tags__set_external_tag
                0x02013eac                ada__tags__get_ht_link
                0x02014268                ada__tags__parent_size
                0x02013e74                ada__tags__equal
                0x02013c58                ada__tags__external_tag_htable__get_firstXn
                0x02014430                ada__tags__set_inheritance_depth
                0x02013fe0                ada__tags__external_tag
                0x02013cc8                ada__tags__external_tag_htable__get_non_nullXn
                0x02014340                ada__tags__get_prim_op_address
                0x02014468                ada__tags__set_rc_offset
                0x02013f18                ada__tags__hash
                0x02013df8                ada__tags__external_tag_htable__resetXn
                0x02013f50                ada__tags__set_ht_link
                0x020144b4                ada__tags__external_tag_htable___init_procXn
 .text          0x02014500      0x25c /usr/local/openravenscar/lib/gcc-lib/sparc-ork-elf/2.8.1/adalib/libgnat.a(g-except.o)
                0x0201464c                gnat__exceptions___deep_finalize
                0x02014518                gnat__exceptions___write
                0x02014554                gnat__exceptions___output
                0x02014574                gnat__exceptions___assign
                0x02014520                gnat__exceptions___input
                0x02014654                gnat__exceptions___elabs
                0x02014510                gnat__exceptions___read
                0x02014500                gnat__exceptions___size
                0x0201474c                gnat__exceptions___init_proc
                0x0201456c                gnat__exceptions__Oeq
                0x02014644                gnat__exceptions___deep_adjust
 .text          0x0201475c      0x174 /usr/local/openravenscar/lib/gcc-lib/sparc-ork-elf/2.8.1/adalib/libgnat.a(g-hesora.o)
                0x0201482c                gnat__heap_sort_a__sort
 .text          0x020148d0      0xc6c /usr/local/openravenscar/lib/gcc-lib/sparc-ork-elf/2.8.1/adalib/libgnat.a(i-c.o)
                0x020151e0                interfaces__c__to_c__4
                0x02014d20                interfaces__c__to_ada__6
                0x02014934                interfaces__c__is_nul_terminated__2
                0x02014984                interfaces__c__to_ada
                0x0201498c                interfaces__c__to_ada__2
                0x02014e48                interfaces__c__to_c
                0x020148e8                interfaces__c__is_nul_terminated
                0x02015394                interfaces__c__to_c__6
                0x02014ac0                interfaces__c__to_ada__3
                0x020148d0                interfaces__c___elabs
                0x02015048                interfaces__c__to_c__3
                0x02014be0                interfaces__c__to_ada__5
                0x020151e8                interfaces__c__to_c__5
                0x02014e50                interfaces__c__to_c__2
                0x02014bd8                interfaces__c__to_ada__4
 .text          0x0201553c     0x13b4 /usr/local/openravenscar/lib/gcc-lib/sparc-ork-elf/2.8.1/adalib/libgnat.a(s-arit64.o)
                0x02015678                system__arith_64__hi
                0x02015c20                system__arith_64__scaled_divide
                0x02015bf0                system__arith_64__raise_error
                0x020155f0                system__arith_64__Odivide
                0x02015564                system__arith_64__Oadd__2
                0x0201681c                system__arith_64__subtract_with_ovflo_check
                0x02015594                system__arith_64__Omultiply
                0x02015688                system__arith_64__lo
                0x020155c4                system__arith_64__Omultiply__2
                0x020156fc                system__arith_64__double_divide
                0x020159ec                system__arith_64__multiply_with_ovflo_check
                0x020168d0                system__arith_64__to_pos_int
                0x0201553c                system__arith_64__Oadd
                0x02015648                system__arith_64__Oconcat
                0x02016898                system__arith_64__to_neg_int
                0x0201561c                system__arith_64__Orem
                0x02015690                system__arith_64__add_with_ovflo_check
                0x0201557c                system__arith_64__Osubtract
 .text          0x020168f0      0x16c /usr/local/openravenscar/lib/gcc-lib/sparc-ork-elf/2.8.1/adalib/libgnat.a(s-except.o)
                0x02016914                system__exceptions___init_proc
                0x020168f0                system__exceptions___elabs
                0x020169bc                system__exceptions___init_proc__4
                0x0201695c                system__exceptions___init_proc__3
                0x020169fc                system__exceptions___init_proc__5
                0x0201691c                system__exceptions___init_proc__2
 .text          0x02016a5c      0x54c /usr/local/openravenscar/lib/gcc-lib/sparc-ork-elf/2.8.1/adalib/libgnat.a(s-exctab.o)
                0x02016d70                system__exception_table__get_key
                0x02016b04                system__exception_table__exception_htable__get_nextXn
                0x02016d38                system__exception_table__equal
                0x02016cb0                system__exception_table__exception_htable__setXn
                0x02016f5c                system__exception_table__exception_htable___init_procXn
                0x02016a5c                system__exception_table__exception_htable__getXn
                0x02016cf4                system__exception_table__get_ht_link
                0x02016c70                system__exception_table__exception_htable__resetXn
                0x02016cec                system__exception_table__set_ht_link
                0x02016d78                system__exception_table__internal_exception
                0x02016b40                system__exception_table__exception_htable__get_non_nullXn
                0x02016cfc                system__exception_table__hash
                0x02016ad0                system__exception_table__exception_htable__get_firstXn
                0x02016eac                system__exception_table___elabb
                0x02016e98                system__exception_table__register_exception
                0x02016bb8                system__exception_table__exception_htable__removeXn
 .text          0x02016fa8      0x1c4 /usr/local/openravenscar/lib/gcc-lib/sparc-ork-elf/2.8.1/adalib/libgnat.a(s-exnflt.o)
                0x02016fa8                system__exn_flt__exn_float
 .text          0x0201716c      0xb2c /usr/local/openravenscar/lib/gcc-lib/sparc-ork-elf/2.8.1/adalib/libgnat.a(s-fatflt.o)
                0x02017b20                system__fat_flt__fat_float__truncation
                0x020172b0                system__fat_flt__fat_float__decompose
                0x02017644                system__fat_flt__fat_float__model
                0x0201754c                system__fat_flt__fat_float__floor
                0x02017658                system__fat_flt__fat_float__pred
                0x02017920                system__fat_flt__fat_float__scaling
                0x020175d4                system__fat_flt__fat_float__leading_part
                0x02017bd0                system__fat_flt__fat_float__unbiased_rounding
                0x020171c4                system__fat_flt__fat_float__ceiling
                0x02017224                system__fat_flt__fat_float__compose
                0x02017524                system__fat_flt__fat_float__exponent
                0x020175ac                system__fat_flt__fat_float__fraction
                0x0201749c                system__fat_flt__fat_float__gradual_scaling
                0x02017710                system__fat_flt__fat_float__remainder
                0x02017898                system__fat_flt__fat_float__rounding
                0x0201716c                system__fat_flt__fat_float__adjacent
                0x02017a38                system__fat_flt__fat_float__succ
                0x02017c78                system__fat_flt__fat_float__valid
                0x02017254                system__fat_flt__fat_float__copy_sign
                0x02017630                system__fat_flt__fat_float__machine
 .text          0x02017c98     0x13dc /usr/local/openravenscar/lib/gcc-lib/sparc-ork-elf/2.8.1/adalib/libgnat.a(s-finimp.o)
                0x02018eb8                system__finalization_implementation__deep_tag_attach
                0x02017ec4                system__finalization_implementation___read__2
                0x02018518                system__finalization_implementation__detach_from_final_list
                0x02017d5c                system__finalization_implementation___output
                0x02018974                system__finalization_implementation__finalize_list
                0x02017f90                system__finalization_implementation__Oeq__2
                0x02019044                system__finalization_implementation___init_proc__2
                0x02017dbc                system__finalization_implementation___assign
                0x02018f70                system__finalization_implementation__initialize__2
                0x0201837c                system__finalization_implementation__attach_to_final_list
                0x02018d1c                system__finalization_implementation__deep_tag_adjust
                0x02017fd8                system__finalization_implementation___assign__2
                0x02017d74                system__finalization_implementation__Oeq
                0x02017d04                system__finalization_implementation___input
                0x02017ce0                system__finalization_implementation___write
                0x02018c2c                system__finalization_implementation__deep_tag_initialize
                0x02018f68                system__finalization_implementation__initialize
                0x02019020                system__finalization_implementation___init_proc
                0x02017ee8                system__finalization_implementation___write__2
                0x020180d8                system__finalization_implementation___elabs
                0x02017f78                system__finalization_implementation___output__2
                0x02017f0c                system__finalization_implementation___input__2
                0x02017ca8                system__finalization_implementation___read
                0x02018ae0                system__finalization_implementation__finalize_one
                0x02018de8                system__finalization_implementation__deep_tag_finalize
                0x02018ab8                system__finalization_implementation__finalize_global_list
                0x0201900c                system__finalization_implementation__finalize
                0x02017eb4                system__finalization_implementation___size__2
                0x02018fd8                system__finalization_implementation__adjust__2
                0x02017c98                system__finalization_implementation___size
 .text          0x02019074      0x658 /usr/local/openravenscar/lib/gcc-lib/sparc-ork-elf/2.8.1/adalib/libgnat.a(s-finroo.o)
                0x02019074                system__finalization_root___size
                0x020196a8                system__finalization_root___init_proc__2
                0x02019084                system__finalization_root___read
                0x020193bc                system__finalization_root___elabs
                0x02019274                system__finalization_root__Oeq__2
                0x02019204                system__finalization_root___input__2
                0x0201908c                system__finalization_root___write
                0x0201909c                system__finalization_root___assign
                0x02019668                system__finalization_root__finalize
                0x0201925c                system__finalization_root___output__2
                0x02019608                system__finalization_root__initialize
                0x02019094                system__finalization_root__Oeq
                0x0201917c                system__finalization_root___read__2
                0x020191d4                system__finalization_root___write__2
                0x0201916c                system__finalization_root___size__2
                0x02019638                system__finalization_root__adjust
                0x020192cc                system__finalization_root___assign__2
                0x02019698                system__finalization_root___init_proc
 .text          0x020196cc      0x1b4 /usr/local/openravenscar/lib/gcc-lib/sparc-ork-elf/2.8.1/adalib/libgnat.a(s-imgint.o)
                0x02019808                system__img_int__set_image_integer
                0x020196cc                system__img_int__image_integer
 .text          0x02019880      0xbc8 /usr/local/openravenscar/lib/gcc-lib/sparc-ork-elf/2.8.1/adalib/libgnat.a(s-imgrea.o)
                0x02019880                system__img_real__image_ordinary_fixed_point
                0x02019f6c                system__img_real__set_image_real
                0x02019954                system__img_real__image_floating_point
 .text          0x0201a448      0x160 /usr/local/openravenscar/lib/gcc-lib/sparc-ork-elf/2.8.1/adalib/libgnat.a(s-imguns.o)
                0x0201a448                system__img_uns__image_unsigned
                0x0201a568                system__img_uns__set_image_unsigned
 .text          0x0201a5a8       0x40 /usr/local/openravenscar/lib/gcc-lib/sparc-ork-elf/2.8.1/adalib/libgnat.a(s-mastop.o)
                0x0201a5c0                system__machine_state_operations__get_code_loc
                0x0201a5a8                system__machine_state_operations__allocate_machine_state
                0x0201a5e0                system__machine_state_operations__set_signal_machine_state
                0x0201a5b8                system__machine_state_operations__free_machine_state
                0x0201a5c8                system__machine_state_operations__machine_state_length
                0x0201a5b0                system__machine_state_operations__enter_handler
                0x0201a5d8                system__machine_state_operations__set_machine_state
                0x0201a5d0                system__machine_state_operations__pop_frame
 .text          0x0201a5e8       0x50 /usr/local/openravenscar/lib/gcc-lib/sparc-ork-elf/2.8.1/adalib/libgnat.a(s-parame.o)
                0x0201a5f0                system__parameters__minimum_stack_size
                0x0201a5f8                system__parameters__adjust_storage_size
                0x0201a5e8                system__parameters__default_stack_size
 .text          0x0201a638      0x314 /usr/local/openravenscar/lib/gcc-lib/sparc-ork-elf/2.8.1/adalib/libgnat.a(s-secsta.o)
                0x0201a944                system__secondary_stack___init_proc__2
                0x0201a8e8                system__secondary_stack___elabb
                0x0201a638                system__secondary_stack__ss_allocate
                0x0201a82c                system__secondary_stack__ss_free
                0x0201a8c8                system__secondary_stack__ss_release
                0x0201a8a8                system__secondary_stack__ss_mark
                0x0201a930                system__secondary_stack___init_proc
                0x0201a7c8                system__secondary_stack__ss_init
 .text          0x0201a94c      0x1fc /usr/local/openravenscar/lib/gcc-lib/sparc-ork-elf/2.8.1/adalib/libgnat.a(s-sopco3.o)
                0x0201a94c                system__string_ops_concat_3__str_concat_3
 .text          0x0201ab48      0x1e4 /usr/local/openravenscar/lib/gcc-lib/sparc-ork-elf/2.8.1/adalib/libgnat.a(s-stache.o)
                0x0201ab48                system__stack_checking___elabs
                0x0201ab60                _gnat_stack_check
                0x0201ace4                system__stack_checking__set_stack_size
                0x0201ad1c                system__stack_checking___init_proc
                0x0201abec                system__stack_checking__invalidate_stack_cache
                0x0201ad0c                system__stack_checking__update_stack_cache
 .text          0x0201ad2c       0x28 /usr/local/openravenscar/lib/gcc-lib/sparc-ork-elf/2.8.1/adalib/libgnat.a(s-stalib.o)
                0x0201ad2c                system__standard_library__abort_undefer_direct
                0x0201ad48                system__standard_library___init_proc
 .text          0x0201ad54       0x64 /usr/local/openravenscar/lib/gcc-lib/sparc-ork-elf/2.8.1/adalib/libgnat.a(s-stoele.o)
                0x0201ad74                system__storage_elements__Omod
                0x0201ada8                system__storage_elements__to_address
                0x0201ad5c                system__storage_elements__Oadd__2
                0x0201ad64                system__storage_elements__Osubtract
                0x0201ad54                system__storage_elements__Oadd
                0x0201adb0                system__storage_elements__to_integer
                0x0201ad6c                system__storage_elements__Osubtract__2
 .text          0x0201adb8     0x102c /usr/local/openravenscar/lib/gcc-lib/sparc-ork-elf/2.8.1/adalib/libgnat.a(s-stratt.o)
                0x0201b4d0                system__stream_attributes__i_si
                0x0201b788                system__stream_attributes__w_ad
                0x0201aec0                system__stream_attributes__i_b
                0x0201b87c                system__stream_attributes__w_c
                0x0201b098                system__stream_attributes__i_lf
                0x0201b448                system__stream_attributes__i_sf
                0x0201bd04                system__stream_attributes__w_su
                0x0201af24                system__stream_attributes__i_c
                0x0201b1c8                system__stream_attributes__i_llf
                0x0201b610                system__stream_attributes__i_su
                0x0201b318                system__stream_attributes__i_llu
                0x0201bc00                system__stream_attributes__w_sf
                0x0201b688                system__stream_attributes__i_u
                0x0201bda0                system__stream_attributes__w_wc
                0x0201adb8                system__stream_attributes__i_ad
                0x0201bd48                system__stream_attributes__w_u
                0x0201bba8                system__stream_attributes__w_lu
                0x0201b848                system__stream_attributes__w_b
                0x0201bab0                system__stream_attributes__w_lli
                0x0201b5ac                system__stream_attributes__i_ssu
                0x0201b140                system__stream_attributes__i_li
                0x0201bc9c                system__stream_attributes__w_ssi
                0x0201bc58                system__stream_attributes__w_si
                0x0201b960                system__stream_attributes__w_lf
                0x0201b548                system__stream_attributes__i_ssi
                0x0201af88                system__stream_attributes__i_f
                0x0201b9dc                system__stream_attributes__w_li
                0x0201b7f8                system__stream_attributes__w_as
                0x0201b908                system__stream_attributes__w_i
                0x0201b010                system__stream_attributes__i_i
                0x0201b270                system__stream_attributes__i_lli
                0x0201b710                system__stream_attributes__i_wc
                0x0201ba34                system__stream_attributes__w_llf
                0x0201bcd0                system__stream_attributes__w_ssu
                0x0201ae30                system__stream_attributes__i_as
                0x0201b8b0                system__stream_attributes__w_f
                0x0201bb2c                system__stream_attributes__w_llu
                0x0201b3c0                system__stream_attributes__i_lu
 .text          0x0201bde4      0x5b8 /usr/local/openravenscar/lib/gcc-lib/sparc-ork-elf/2.8.1/adalib/libgnat.a(s-strops.o)
                0x0201c208                system__string_ops__str_equal
                0x0201c0e0                system__string_ops__str_concat_sc
                0x0201c318                system__string_ops__str_normalize
                0x0201bde4                system__string_ops__str_concat
                0x0201c004                system__string_ops__str_concat_cs
                0x0201c358                system__string_ops__wide_str_normalize
                0x0201bfa4                system__string_ops__str_concat_cc
 .text          0x0201c39c      0x298 /usr/local/openravenscar/lib/gcc-lib/sparc-ork-elf/2.8.1/adalib/libgnat.a(s-soflin.o)
                0x0201c500                system__soft_links__set_jmpbuf_address_soft
                0x0201c46c                system__soft_links__get_stack_info_nt
                0x0201c5c8                system__soft_links___elabb
                0x0201c460                system__soft_links__get_current_excep_nt
                0x0201c570                system__soft_links__set_exc_stack_addr_soft
                0x0201c39c                system__soft_links__abort_defer_nt
                0x0201c3d0                system__soft_links__check_abort_status_nt
                0x0201c418                system__soft_links__get_sec_stack_addr_nt
                0x0201c40c                system__soft_links__set_jmpbuf_address_nt
                0x0201c3f0                system__soft_links__task_lock_nt
                0x0201c5ac                system__soft_links__set_machine_state_addr_soft
                0x0201c3e0                system__soft_links__current_master_nt
                0x0201c3a4                system__soft_links__abort_handler_nt
                0x0201c49c                system__soft_links__destroy_tsd
                0x0201c554                system__soft_links__get_exc_stack_addr_soft
                0x0201c400                system__soft_links__get_jmpbuf_address_nt
                0x0201c3ac                system__soft_links__abort_undefer_nt
                0x0201c478                system__soft_links__create_tsd
                0x0201c43c                system__soft_links__set_machine_state_addr_nt
                0x0201c424                system__soft_links__set_sec_stack_addr_nt
                0x0201c3b4                system__soft_links__update_exception_nt
                0x0201c454                system__soft_links__set_exc_stack_addr_nt
                0x0201c608                system__soft_links___init_proc
                0x0201c4e4                system__soft_links__get_jmpbuf_address_soft
                0x0201c3e8                system__soft_links__enter_master_nt
                0x0201c590                system__soft_links__get_machine_state_addr_soft
                0x0201c538                system__soft_links__set_sec_stack_addr_soft
                0x0201c3f8                system__soft_links__task_unlock_nt
                0x0201c4c0                system__soft_links__get_gnat_exception
                0x0201c51c                system__soft_links__get_sec_stack_addr_soft
                0x0201c3d8                system__soft_links__complete_master_nt
                0x0201c430                system__soft_links__get_machine_state_addr_nt
                0x0201c448                system__soft_links__get_exc_stack_addr_nt
 .text          0x0201c634       0x68 /usr/local/openravenscar/lib/gcc-lib/sparc-ork-elf/2.8.1/adalib/libgnat.a(s-traceb.o)
                0x0201c648                system__traceback__get_code_loc
                0x0201c670                system__traceback__pop_frame
                0x0201c65c                system__traceback__free_machine_state
                0x0201c634                system__traceback__allocate_machine_state
                0x0201c688                system__traceback__set_machine_state
 .text          0x0201c69c       0xfc /usr/local/openravenscar/lib/gcc-lib/sparc-ork-elf/2.8.1/adalib/libgnat.a(a-argv.o)
                0x0201c764                fill_env
                0x0201c708                env_count
                0x0201c744                len_env
                0x0201c69c                arg_count
                0x0201c6a8                gnat_argval
                0x0201c6d4                fill_arg
                0x0201c6b4                len_arg
 .text          0x0201c798      0x14c /usr/local/openravenscar/lib/gcc-lib/sparc-ork-elf/2.8.1/adalib/libgnat.a(a-cio.o)
                0x0201c7b8                put_int
                0x0201c7d4                get_char
                0x0201c798                get_int
                0x0201c8c4                put_char_stderr
                0x0201c824                put_char
 .text          0x0201c8e4        0xc /usr/local/openravenscar/lib/gcc-lib/sparc-ork-elf/2.8.1/adalib/libgnat.a(a-exit.o)
                0x0201c8e4                set_gnat_exit_status
 .text          0x0201c8f0      0x1f4 /usr/local/openravenscar/lib/gcc-lib/sparc-ork-elf/2.8.1/adalib/libgnat.a(a-raise.o)
                0x0201c8f0                _gnat_builtin_longjmp
                0x0201c948                __gnat_malloc
                0x0201ca00                __gnat_free
                0x0201c930                __gnat_unhandled_terminate
                0x0201ca3c                __gnat_realloc
 .text          0x0201cae4      0x410 /usr/local/openravenscar/lib/gcc-lib/sparc-ork-elf/2.8.1/adalib/libgnat.a(a-init.o)
                0x0201ccd8                __gnat_pop_frame
                0x0201ceec                __gnat_init_float
                0x0201cae4                __gnat_set_globals
                0x0201cee4                __gnat_get_code_loc
                0x0201cb3c                __gnat_initialize
                0x0201ce28                __gnat_enter_handler
                0x0201cedc                __gnat_machine_state_length
                0x0201cd7c                __gnat_set_machine_state
 .text          0x0201cef4        0x8 /usr/local/openravenscar/lib/gcc-lib/sparc-ork-elf/2.8.1/adalib/libgnat.a(a-final.o)
                0x0201cef4                __gnat_finalize
 .text          0x0201cefc      0xc1c /usr/local/openravenscar/lib/gcc-lib/sparc-ork-elf/2.8.1/adalib/libgnat.a(s-fatllf.o)
                0x0201d000                system__fat_llf__fat_long_long_float__copy_sign
                0x0201d270                system__fat_llf__fat_long_long_float__gradual_scaling
                0x0201da44                system__fat_llf__fat_long_long_float__unbiased_rounding
                0x0201d308                system__fat_llf__fat_long_long_float__exponent
                0x0201cfcc                system__fat_llf__fat_long_long_float__compose
                0x0201d334                system__fat_llf__fat_long_long_float__floor
                0x0201cefc                system__fat_llf__fat_long_long_float__adjacent
                0x0201d460                system__fat_llf__fat_long_long_float__pred
                0x0201d3a0                system__fat_llf__fat_long_long_float__fraction
                0x0201d520                system__fat_llf__fat_long_long_float__remainder
                0x0201d768                system__fat_llf__fat_long_long_float__scaling
                0x0201cf60                system__fat_llf__fat_long_long_float__ceiling
                0x0201d064                system__fat_llf__fat_long_long_float__decompose
                0x0201d890                system__fat_llf__fat_long_long_float__succ
                0x0201d3cc                system__fat_llf__fat_long_long_float__leading_part
                0x0201d6d0                system__fat_llf__fat_long_long_float__rounding
                0x0201d448                system__fat_llf__fat_long_long_float__model
                0x0201daf0                system__fat_llf__fat_long_long_float__valid
                0x0201d980                system__fat_llf__fat_long_long_float__truncation
                0x0201d434                system__fat_llf__fat_long_long_float__machine
 .text          0x0201db18      0x18c /usr/local/openravenscar/lib/gcc-lib/sparc-ork-elf/2.8.1/adalib/libgnat.a(s-imgllu.o)
                0x0201db18                system__img_llu__image_long_long_unsigned
                0x0201dc60                system__img_llu__set_image_long_long_unsigned
 .text          0x0201dca4      0x894 /usr/local/openravenscar/lib/gcc-lib/sparc-ork-elf/2.8.1/adalib/libgnat.a(a-adaint.o)
                0x0201de34                get_object_suffix_ptr
                0x0201dde0                Get_Default_Identifier_Character_Set
                0x0201ddc8                Get_Maximum_File_Name_Length
                0x0201ddd8                Get_File_Names_Case_Sensitive
                0x0201e050                file_time_name
                0x0201ddf0                Get_Pathsep_Char
                0x0201ded0                open_read
                0x0201dde8                Get_Dirsep_Char
                0x0201e0e8                is_regular_file
                0x0201ddd0                Get_Switch_Character
                0x0201e29c                locate_regular_file
                0x0201e4ec                to_canonical_file_list_next
                0x0201e518                to_host_dir_spec
                0x0201e0c8                __gnat_file_exists
                0x0201dfbc                __gnat_mkdir
                0x0201e510                to_canonical_path_spec
                0x0201e168                is_writable_file
                0x0201df94                open_new_temp
                0x0201e19c                portable_spawn
                0x0201e500                to_canonical_dir_spec
                0x0201e088                get_env_value_ptr
                0x0201e06c                file_time_fd
                0x0201e048                readdir_is_thread_safe
                0x0201df6c                open_new
                0x0201dca4                to_gm_time
                0x0201dd18                Try_Lock
                0x0201e508                to_canonical_file_spec
                0x0201e258                portable_wait
                0x0201e4e4                to_canonical_file_list_init
                0x0201e530                convert_addresses
                0x0201de68                get_executable_suffix_ptr
                0x0201e128                is_directory
                0x0201df44                open_append
                0x0201df1c                open_create
                0x0201def4                open_rw
                0x0201dfd4                file_length
                0x0201e014                readdir_gnat
                0x0201e528                adjust_os_resource_limits
                0x0201e428                locate_exec
                0x0201e218                portable_no_block_spawn
                0x0201e288                os_exit
                0x0201e0bc                Get_Libraries_From_Registry
                0x0201e4f8                to_canonical_file_list_free
                0x0201ddf8                Get_Current_Dir
                0x0201e520                to_host_file_spec
                0x0201e49c                locate_exec_on_path
                0x0201de9c                get_debuggable_suffix_ptr
 .text          0x0201e538      0x294 /usr/local/openravenscar/sparc-ork-elf/lib/libm.a(s_atan.o)
                0x0201e538                atan
 .text          0x0201e7cc       0xf0 /usr/local/openravenscar/sparc-ork-elf/lib/libm.a(s_cos.o)
                0x0201e7cc                cos
 .text          0x0201e8bc       0x2c /usr/local/openravenscar/sparc-ork-elf/lib/libm.a(s_fabs.o)
                0x0201e8bc                fabs
 .text          0x0201e8e8       0xf0 /usr/local/openravenscar/sparc-ork-elf/lib/libm.a(s_sin.o)
                0x0201e8e8                sin
 .text          0x0201e9d8       0x9c /usr/local/openravenscar/sparc-ork-elf/lib/libm.a(s_tan.o)
                0x0201e9d8                tan
 .text          0x0201ea74      0x134 /usr/local/openravenscar/sparc-ork-elf/lib/libm.a(s_tanh.o)
                0x0201ea74                tanh
 .text          0x0201eba8       0xf8 /usr/local/openravenscar/sparc-ork-elf/lib/libm.a(w_acos.o)
                0x0201eba8                acos
 .text          0x0201eca0       0xf8 /usr/local/openravenscar/sparc-ork-elf/lib/libm.a(w_asin.o)
                0x0201eca0                asin
 .text          0x0201ed98      0x1c0 /usr/local/openravenscar/sparc-ork-elf/lib/libm.a(w_exp.o)
                0x0201ed98                exp
 .text          0x0201ef58      0x184 /usr/local/openravenscar/sparc-ork-elf/lib/libm.a(w_log.o)
                0x0201ef58                log
 .text          0x0201f0dc      0x60c /usr/local/openravenscar/sparc-ork-elf/lib/libm.a(w_pow.o)
                0x0201f0dc                pow
 .text          0x0201f6e8      0x118 /usr/local/openravenscar/sparc-ork-elf/lib/libm.a(w_sqrt.o)
                0x0201f6e8                sqrt
 .text          0x0201f800      0x3ac /usr/local/openravenscar/sparc-ork-elf/lib/libm.a(e_acos.o)
                0x0201f800                __ieee754_acos
 .text          0x0201fbac      0x340 /usr/local/openravenscar/sparc-ork-elf/lib/libm.a(e_asin.o)
                0x0201fbac                __ieee754_asin
 .text          0x0201feec      0x2f0 /usr/local/openravenscar/sparc-ork-elf/lib/libm.a(e_exp.o)
                0x0201feec                __ieee754_exp
 .text          0x020201dc      0x310 /usr/local/openravenscar/sparc-ork-elf/lib/libm.a(e_log.o)
                0x020201dc                __ieee754_log
 .text          0x020204ec      0x99c /usr/local/openravenscar/sparc-ork-elf/lib/libm.a(e_pow.o)
                0x020204ec                __ieee754_pow
 .text          0x02020e88      0x3d8 /usr/local/openravenscar/sparc-ork-elf/lib/libm.a(e_rem_pio2.o)
                0x02020e88                __ieee754_rem_pio2
 .text          0x02021260      0x264 /usr/local/openravenscar/sparc-ork-elf/lib/libm.a(e_sqrt.o)
                0x02021260                __ieee754_sqrt
 .text          0x020214c4      0x17c /usr/local/openravenscar/sparc-ork-elf/lib/libm.a(k_cos.o)
                0x020214c4                __kernel_cos
 .text          0x02021640      0x838 /usr/local/openravenscar/sparc-ork-elf/lib/libm.a(k_rem_pio2.o)
                0x02021640                __kernel_rem_pio2
 .text          0x02021e78      0x11c /usr/local/openravenscar/sparc-ork-elf/lib/libm.a(k_sin.o)
                0x02021e78                __kernel_sin
 .text          0x02021f94      0x2b4 /usr/local/openravenscar/sparc-ork-elf/lib/libm.a(k_tan.o)
                0x02021f94                __kernel_tan
 .text          0x02022248      0x40c /usr/local/openravenscar/sparc-ork-elf/lib/libm.a(s_expm1.o)
                0x02022248                expm1
 .text          0x02022654       0x18 /usr/local/openravenscar/sparc-ork-elf/lib/libm.a(s_finite.o)
                0x02022654                finite
 .text          0x0202266c      0x1a0 /usr/local/openravenscar/sparc-ork-elf/lib/libm.a(s_floor.o)
                0x0202266c                floor
 .text          0x0202280c       0x28 /usr/local/openravenscar/sparc-ork-elf/lib/libm.a(s_isnan.o)
                0x0202280c                isnan
 .text          0x02022834        0x8 /usr/local/openravenscar/sparc-ork-elf/lib/libm.a(s_matherr.o)
                0x02022834                matherr
 .text          0x0202283c      0x1c8 /usr/local/openravenscar/sparc-ork-elf/lib/libm.a(s_rint.o)
                0x0202283c                rint
 .text          0x02022a04      0x1d8 /usr/local/openravenscar/sparc-ork-elf/lib/libm.a(s_scalbn.o)
                0x02022a04                scalbn
 .text          0x02022bdc       0x40 /usr/local/openravenscar/sparc-ork-elf/lib/libm.a(s_copysign.o)
                0x02022bdc                copysign
 .text          0x02022c1c        0x8 /usr/local/openravenscar/lib/gcc-lib/sparc-ork-elf/2.8.1/libgcc.a(__dummy.o)
                0x02022c1c                __dummy
 .text          0x02022c24       0x48 /usr/local/openravenscar/lib/gcc-lib/sparc-ork-elf/2.8.1/libgcc.a(_ashldi3.o)
                0x02022c24                __ashldi3
 .text          0x02022c6c       0x38 /usr/local/openravenscar/lib/gcc-lib/sparc-ork-elf/2.8.1/libgcc.a(_cmpdi2.o)
                0x02022c6c                __cmpdi2
 .text          0x02022ca4      0x3c0 /usr/local/openravenscar/lib/gcc-lib/sparc-ork-elf/2.8.1/libgcc.a(_divdi3.o)
                0x02022ca4                __divdi3
 .text          0x02023064      0x1f4 /usr/local/openravenscar/lib/gcc-lib/sparc-ork-elf/2.8.1/libgcc.a(_divsi3.o)
                0x02023064                udiv
                0x02023070                div
 .text          0x02023258       0x58 /usr/local/openravenscar/lib/gcc-lib/sparc-ork-elf/2.8.1/libgcc.a(_fixsfdi.o)
                0x02023258                __fixsfdi
 .text          0x020232b0      0x1c0 /usr/local/openravenscar/lib/gcc-lib/sparc-ork-elf/2.8.1/libgcc.a(_fixunsdfdi.o)
                0x020232b0                __fixunsdfdi
 .text          0x02023470      0x1c8 /usr/local/openravenscar/lib/gcc-lib/sparc-ork-elf/2.8.1/libgcc.a(_fixunssfdi.o)
                0x02023470                __fixunssfdi
 .text          0x02023638       0x54 /usr/local/openravenscar/lib/gcc-lib/sparc-ork-elf/2.8.1/libgcc.a(_floatdidf.o)
                0x02023638                __floatdidf
 .text          0x0202368c       0xa8 /usr/local/openravenscar/lib/gcc-lib/sparc-ork-elf/2.8.1/libgcc.a(_floatdisf.o)
                0x0202368c                __floatdisf
 .text          0x02023734       0x48 /usr/local/openravenscar/lib/gcc-lib/sparc-ork-elf/2.8.1/libgcc.a(_lshrdi3.o)
                0x02023734                __lshrdi3
 .text          0x0202377c      0x1f4 /usr/local/openravenscar/lib/gcc-lib/sparc-ork-elf/2.8.1/libgcc.a(_modsi3.o)
                0x0202377c                urem
                0x02023788                rem
 .text          0x02023970       0xe0 /usr/local/openravenscar/lib/gcc-lib/sparc-ork-elf/2.8.1/libgcc.a(_muldi3.o)
                0x02023970                __muldi3
 .text          0x02023a50       0xe8 /usr/local/openravenscar/lib/gcc-lib/sparc-ork-elf/2.8.1/libgcc.a(_mulsi3.o)
                0x02023a50                umul
 .text          0x02023b38      0x340 /usr/local/openravenscar/lib/gcc-lib/sparc-ork-elf/2.8.1/libgcc.a(_udivdi3.o)
                0x02023b38                __udivdi3
 .text          0x02023e78      0x39c /usr/local/openravenscar/lib/gcc-lib/sparc-ork-elf/2.8.1/libgcc.a(_umoddi3.o)
                0x02023e78                __umoddi3
 .text          0x02024214      0xa48 /usr/local/openravenscar/lib/gcc-lib/sparc-ork-elf/2.8.1/libgcc.a(frame.o)
                0x02024b38                __frame_state_for
                0x02024ad0                __deregister_frame_info
                0x02024aa8                __register_frame_info_table
                0x02024a80                __register_frame_info
 .text          0x02024c5c       0x20 /usr/local/openravenscar/sparc-ork-elf/lib/libc.a(abort.o)
                0x02024c5c                abort
 .text          0x02024c7c       0x1c /usr/local/openravenscar/sparc-ork-elf/lib/libc.a(atoi.o)
                0x02024c7c                atoi
 .text          0x02024c98        0xc /usr/local/openravenscar/sparc-ork-elf/lib/libc.a(errno.o)
                0x02024c98                __errno
 .text          0x02024ca4       0x8c /usr/local/openravenscar/sparc-ork-elf/lib/libc.a(exit.o)
                0x02024ca4                exit
 .text          0x02024d30       0x90 /usr/local/openravenscar/sparc-ork-elf/lib/libc.a(fputc.o)
                0x02024d30                fputc
 .text          0x02024dc0       0x40 /usr/local/openravenscar/sparc-ork-elf/lib/libc.a(getenv.o)
                0x02024de0                getenv
                0x02024dc0                _findenv
 .text          0x02024e00      0x100 /usr/local/openravenscar/sparc-ork-elf/lib/libc.a(getenv_r.o)
                0x02024e00                _findenv_r
                0x02024ee4                _getenv_r
 .text          0x02024f00       0x1c /usr/local/openravenscar/sparc-ork-elf/lib/libc.a(gmtime.o)
                0x02024f00                gmtime
 .text          0x02024f1c       0x20 /usr/local/openravenscar/sparc-ork-elf/lib/libc.a(lcltime.o)
                0x02024f1c                localtime
 .text          0x02024f3c      0x21c /usr/local/openravenscar/sparc-ork-elf/lib/libc.a(lcltime_r.o)
                0x02024f3c                localtime_r
 .text          0x02025158       0x38 /usr/local/openravenscar/sparc-ork-elf/lib/libc.a(malloc.o)
                0x02025158                malloc
                0x02025174                free
 .text          0x02025190      0x774 /usr/local/openravenscar/sparc-ork-elf/lib/libc.a(mallocr.o)
                0x0202535c                _malloc_r
 .text          0x02025904       0x80 /usr/local/openravenscar/sparc-ork-elf/lib/libc.a(memcmp.o)
                0x02025904                memcmp
 .text          0x02025984       0xc4 /usr/local/openravenscar/sparc-ork-elf/lib/libc.a(memcpy.o)
                0x02025984                memcpy
 .text          0x02025a48       0xa4 /usr/local/openravenscar/sparc-ork-elf/lib/libc.a(memset.o)
                0x02025a48                memset
 .text          0x02025aec       0x10 /usr/local/openravenscar/sparc-ork-elf/lib/libc.a(mlock.o)
                0x02025af4                __malloc_unlock
                0x02025aec                __malloc_lock
 .text          0x02025afc       0x70 /usr/local/openravenscar/sparc-ork-elf/lib/libc.a(printf.o)
                0x02025b2c                printf
                0x02025afc                _printf_r
 .text          0x02025b6c       0x20 /usr/local/openravenscar/sparc-ork-elf/lib/libc.a(realloc.o)
                0x02025b6c                realloc
 .text          0x02025b8c      0x50c /usr/local/openravenscar/sparc-ork-elf/lib/libc.a(reallocr.o)
                0x02025b8c                _realloc_r
 .text          0x02026098       0x40 /usr/local/openravenscar/sparc-ork-elf/lib/libc.a(rget.o)
                0x02026098                __srget
 .text          0x020260d8       0x34 /usr/local/openravenscar/sparc-ork-elf/lib/libc.a(sbrkr.o)
                0x020260d8                _sbrk_r
 .text          0x0202610c       0x64 /usr/local/openravenscar/sparc-ork-elf/lib/libc.a(scanf.o)
                0x02026144                _scanf_r
                0x0202610c                scanf
 .text          0x02026170      0x24c /usr/local/openravenscar/sparc-ork-elf/lib/libc.a(signal.o)
                0x020261cc                _signal_r
                0x02026228                _raise_r
                0x020262c4                __sigtramp_r
                0x02026368                signal
                0x02026388                _init_signal
                0x02026170                _init_signal_r
                0x020263a0                __sigtramp
                0x0202634c                raise
 .text          0x020263bc       0x4c /usr/local/openravenscar/sparc-ork-elf/lib/libc.a(signalr.o)
                0x020263bc                _kill_r
                0x020263f4                _getpid_r
 .text          0x02026408       0xb4 /usr/local/openravenscar/sparc-ork-elf/lib/libc.a(sprintf.o)
                0x02026408                _sprintf_r
                0x0202645c                sprintf
 .text          0x020264bc       0x8c /usr/local/openravenscar/sparc-ork-elf/lib/libc.a(strcat.o)
                0x020264bc                strcat
 .text          0x02026548       0xb8 /usr/local/openravenscar/sparc-ork-elf/lib/libc.a(strcmp.o)
                0x02026548                strcmp
 .text          0x02026600       0x8c /usr/local/openravenscar/sparc-ork-elf/lib/libc.a(strcpy.o)
                0x02026600                strcpy
 .text          0x0202668c       0x78 /usr/local/openravenscar/sparc-ork-elf/lib/libc.a(strlen.o)
                0x0202668c                strlen
 .text          0x02026704       0xcc /usr/local/openravenscar/sparc-ork-elf/lib/libc.a(strncmp.o)
                0x02026704                strncmp
 .text          0x020267d0       0xd4 /usr/local/openravenscar/sparc-ork-elf/lib/libc.a(strncpy.o)
                0x020267d0                strncpy
 .text          0x020268a4       0x68 /usr/local/openravenscar/sparc-ork-elf/lib/libc.a(strstr.o)
                0x020268a4                strstr
 .text          0x0202690c      0x1f8 /usr/local/openravenscar/sparc-ork-elf/lib/libc.a(strtol.o)
                0x02026ae0                strtol
                0x0202690c                _strtol_r
 .text          0x02026b04     0x19c4 /usr/local/openravenscar/sparc-ork-elf/lib/libc.a(vfprintf.o)
                0x02026c08                _vfprintf_r
                0x02026be8                vfprintf
 .text          0x020284c8      0xf30 /usr/local/openravenscar/sparc-ork-elf/lib/libc.a(vfscanf.o)
                0x020284c8                __svfscanf
                0x02029318                __sccl
 .text          0x020293f8      0x10c /usr/local/openravenscar/sparc-ork-elf/lib/libc.a(wbuf.o)
                0x020293f8                __swbuf
 .text          0x02029504      0x10c /usr/local/openravenscar/sparc-ork-elf/lib/libc.a(wsetup.o)
                0x02029504                __swsetup
 .text          0x02029610       0x18 /usr/local/openravenscar/sparc-ork-elf/lib/libc.a(atof.o)
                0x02029610                atof
 .text          0x02029628     0x1250 /usr/local/openravenscar/sparc-ork-elf/lib/libc.a(dtoa.o)
                0x02029814                _dtoa_r
 .text          0x0202a878       0x10 /usr/local/openravenscar/sparc-ork-elf/lib/libc.a(envlock.o)
                0x0202a880                __env_unlock
                0x0202a878                __env_lock
 .text          0x0202a888       0xf0 /usr/local/openravenscar/sparc-ork-elf/lib/libc.a(fflush.o)
                0x0202a888                fflush
 .text          0x0202a978      0x228 /usr/local/openravenscar/sparc-ork-elf/lib/libc.a(findfp.o)
                0x0202ab30                __sinit
                0x0202a9d4                __sfmoreglue
                0x0202ab18                _cleanup
                0x0202aafc                _cleanup_r
                0x0202aa2c                __sfp
 .text          0x0202aba0       0xcc /usr/local/openravenscar/sparc-ork-elf/lib/libc.a(fread.o)
                0x0202aba0                fread
 .text          0x0202ac6c      0x3c0 /usr/local/openravenscar/sparc-ork-elf/lib/libc.a(freer.o)
                0x0202ac6c                _free_r
                0x0202af08                _malloc_trim_r
 .text          0x0202b02c      0x380 /usr/local/openravenscar/sparc-ork-elf/lib/libc.a(fvwrite.o)
                0x0202b02c                __sfvwrite
 .text          0x0202b3ac       0x60 /usr/local/openravenscar/sparc-ork-elf/lib/libc.a(fwalk.o)
                0x0202b3ac                _fwalk
 .text          0x0202b40c       0xa4 /usr/local/openravenscar/sparc-ork-elf/lib/libc.a(locale.o)
                0x0202b40c                _setlocale_r
                0x0202b46c                _localeconv_r
                0x0202b478                setlocale
                0x0202b498                localeconv
 .text          0x0202b4b0      0x144 /usr/local/openravenscar/sparc-ork-elf/lib/libc.a(makebuf.o)
                0x0202b4b0                __smakebuf
 .text          0x0202b5f4       0x58 /usr/local/openravenscar/sparc-ork-elf/lib/libc.a(mbtowc_r.o)
                0x0202b5f4                _mbtowc_r
 .text          0x0202b64c       0xd4 /usr/local/openravenscar/sparc-ork-elf/lib/libc.a(memchr.o)
                0x0202b64c                memchr
 .text          0x0202b720      0x110 /usr/local/openravenscar/sparc-ork-elf/lib/libc.a(memmove.o)
                0x0202b720                memmove
 .text          0x0202b830      0xd14 /usr/local/openravenscar/sparc-ork-elf/lib/libc.a(mprec.o)
                0x0202c4f8                _mprec_log10
                0x0202baa4                _hi0bits
                0x0202b830                _Balloc
                0x0202c334                _d2b
                0x0202bc14                _multiply
                0x0202c468                _ratio
                0x0202b9e4                _s2b
                0x0202bbf0                _i2b
                0x0202bb24                _lo0bits
                0x0202bfe4                __mcmp
                0x0202be00                _pow5mult
                0x0202c1a8                _ulp
                0x0202c234                _b2d
                0x0202b900                _multadd
                0x0202c04c                __mdiff
                0x0202bee8                _lshift
                0x0202b8c8                _Bfree
 .text          0x0202c544      0x19c /usr/local/openravenscar/sparc-ork-elf/lib/libc.a(refill.o)
                0x0202c558                __srefill
 .text          0x0202c6e0       0x38 /usr/local/openravenscar/sparc-ork-elf/lib/libc.a(s_isinf.o)
                0x0202c6e0                isinf
 .text          0x0202c718      0x104 /usr/local/openravenscar/sparc-ork-elf/lib/libc.a(stdio.o)
                0x0202c7b4                __sseek
                0x0202c718                __sread
                0x0202c804                __sclose
                0x0202c764                __swrite
 .text          0x0202c81c      0xedc /usr/local/openravenscar/sparc-ork-elf/lib/libc.a(strtod.o)
                0x0202c81c                _strtod_r
                0x0202d6dc                strtodf
                0x0202d6bc                strtod
 .text          0x0202d6f8      0x1d8 /usr/local/openravenscar/sparc-ork-elf/lib/libc.a(strtoul.o)
                0x0202d8ac                strtoul
                0x0202d6f8                _strtoul_r
 .text          0x0202d8d0      0x228 /usr/local/openravenscar/sparc-ork-elf/lib/libc.a(ungetc.o)
                0x0202d980                ungetc
                0x0202d8d0                __submore
 .text          0x0202daf8       0x3c /usr/local/openravenscar/sparc-ork-elf/lib/libc.a(writer.o)
                0x0202daf8                _write_r
 .text          0x0202db34       0xa8 /usr/local/openravenscar/sparc-ork-elf/lib/libc.a(callocr.o)
                0x0202db34                _calloc_r
 .text          0x0202dbdc       0x34 /usr/local/openravenscar/sparc-ork-elf/lib/libc.a(closer.o)
                0x0202dbdc                _close_r
 .text          0x0202dc10       0x38 /usr/local/openravenscar/sparc-ork-elf/lib/libc.a(fstatr.o)
                0x0202dc10                _fstat_r
 .text          0x0202dc48       0x3c /usr/local/openravenscar/sparc-ork-elf/lib/libc.a(lseekr.o)
                0x0202dc48                _lseek_r
 .text          0x0202dc84       0x3c /usr/local/openravenscar/sparc-ork-elf/lib/libc.a(readr.o)
                0x0202dc84                _read_r
 .text          0x0202dcc0      0x134 /usr/local/openravenscar/sparc-ork-elf/lib/libork.a(ada_exceptions.o)
                0x0202dcc0                Instruction_Access_Exception
                0x0202dd9c                Division_By_Zero
                0x0202dd70                Stack_Overflow
                0x0202dcec                Illegal_Instruction
                0x0202ddc8                Integer_Overflow
                0x0202dd44                FP_Exception
                0x0202dd18                Address_Not_Aligned
 .text          0x0202ddf4       0x1c /usr/local/openravenscar/sparc-ork-elf/lib/libork.a(close.o)
                0x0202ddf4                close
 .text          0x0202de10       0x30 /usr/local/openravenscar/sparc-ork-elf/lib/libork.a(execv.o)
                0x0202de10                execv
 .text          0x0202de40       0x28 /usr/local/openravenscar/sparc-ork-elf/lib/libork.a(fork.o)
                0x0202de40                fork
 .text          0x0202de68       0x30 /usr/local/openravenscar/sparc-ork-elf/lib/libork.a(fstat.o)
                0x0202de68                fstat
 .text          0x0202de98       0x30 /usr/local/openravenscar/sparc-ork-elf/lib/libork.a(getcwd.o)
                0x0202de98                getcwd
 .text          0x0202dec8       0x30 /usr/local/openravenscar/sparc-ork-elf/lib/libork.a(getpid.o)
                0x0202dec8                getpid
                0x0202dee0                getppid
 .text          0x0202def8       0x84 /usr/local/openravenscar/sparc-ork-elf/lib/libork.a(isatty.o)
                0x0202def8                isatty
 .text          0x0202df7c       0x3c /usr/local/openravenscar/sparc-ork-elf/lib/libork.a(kill.o)
                0x0202df7c                kill
 .text          0x0202dfb8       0x30 /usr/local/openravenscar/sparc-ork-elf/lib/libork.a(link.o)
                0x0202dfb8                link
 .text          0x0202dfe8       0x34 /usr/local/openravenscar/sparc-ork-elf/lib/libork.a(lseek.o)
                0x0202dfe8                lseek
 .text          0x0202e01c       0x34 /usr/local/openravenscar/sparc-ork-elf/lib/libork.a(open.o)
                0x0202e01c                open
 .text          0x0202e050      0x148 /usr/local/openravenscar/sparc-ork-elf/lib/libork.a(read.o)
                0x0202e050                read
 .text          0x0202e198       0x34 /usr/local/openravenscar/sparc-ork-elf/lib/libork.a(readdir.o)
                0x0202e198                readdir
 .text          0x0202e1cc       0x20 /usr/local/openravenscar/sparc-ork-elf/lib/libork.a(mkdir.o)
                0x0202e1cc                mkdir
 .text          0x0202e1ec       0xb0 /usr/local/openravenscar/sparc-ork-elf/lib/libork.a(sbrk.o)
                0x0202e1ec                sbrk
 .text          0x0202e29c       0x30 /usr/local/openravenscar/sparc-ork-elf/lib/libork.a(stat.o)
                0x0202e29c                stat
 .text          0x0202e2cc       0x2c /usr/local/openravenscar/sparc-ork-elf/lib/libork.a(unlink.o)
                0x0202e2cc                unlink
 .text          0x0202e2f8       0x2c /usr/local/openravenscar/sparc-ork-elf/lib/libork.a(wait.o)
                0x0202e2f8                wait
 .text          0x0202e324       0xec /usr/local/openravenscar/sparc-ork-elf/lib/libork.a(write.o)
                0x0202e324                write
                0x0202e410                .=ALIGN(0x10)
 *(.eh_frame)
 .eh_frame      0x0202e410      0x11c /usr/local/openravenscar/lib/gcc-lib/sparc-ork-elf/2.8.1/adalib/libgnat.a(a-init.o)
 .eh_frame      0x0202e52c       0x24 /usr/local/openravenscar/lib/gcc-lib/sparc-ork-elf/2.8.1/libgcc.a(__dummy.o)
 .eh_frame      0x0202e550       0x24 /usr/local/openravenscar/lib/gcc-lib/sparc-ork-elf/2.8.1/libgcc.a(_ashldi3.o)
 .eh_frame      0x0202e574       0x24 /usr/local/openravenscar/lib/gcc-lib/sparc-ork-elf/2.8.1/libgcc.a(_cmpdi2.o)
 .eh_frame      0x0202e598       0x2c /usr/local/openravenscar/lib/gcc-lib/sparc-ork-elf/2.8.1/libgcc.a(_divdi3.o)
 .eh_frame      0x0202e5c4       0x2c /usr/local/openravenscar/lib/gcc-lib/sparc-ork-elf/2.8.1/libgcc.a(_fixsfdi.o)
 .eh_frame      0x0202e5f0       0x2c /usr/local/openravenscar/lib/gcc-lib/sparc-ork-elf/2.8.1/libgcc.a(_fixunsdfdi.o)
 .eh_frame      0x0202e61c       0x2c /usr/local/openravenscar/lib/gcc-lib/sparc-ork-elf/2.8.1/libgcc.a(_fixunssfdi.o)
 .eh_frame      0x0202e648       0x28 /usr/local/openravenscar/lib/gcc-lib/sparc-ork-elf/2.8.1/libgcc.a(_floatdidf.o)
 .eh_frame      0x0202e670       0x28 /usr/local/openravenscar/lib/gcc-lib/sparc-ork-elf/2.8.1/libgcc.a(_floatdisf.o)
 .eh_frame      0x0202e698       0x24 /usr/local/openravenscar/lib/gcc-lib/sparc-ork-elf/2.8.1/libgcc.a(_lshrdi3.o)
 .eh_frame      0x0202e6bc       0x2c /usr/local/openravenscar/lib/gcc-lib/sparc-ork-elf/2.8.1/libgcc.a(_muldi3.o)
 .eh_frame      0x0202e6e8       0x2c /usr/local/openravenscar/lib/gcc-lib/sparc-ork-elf/2.8.1/libgcc.a(_udivdi3.o)
 .eh_frame      0x0202e714       0x2c /usr/local/openravenscar/lib/gcc-lib/sparc-ork-elf/2.8.1/libgcc.a(_umoddi3.o)
 .eh_frame      0x0202e740      0x11c /usr/local/openravenscar/lib/gcc-lib/sparc-ork-elf/2.8.1/libgcc.a(frame.o)
 *fill*         0x0202e85c        0x4
                0x0202e860                .=ALIGN(0x10)
 *(.rodata)
 .rodata        0x0202e860       0x10 ./scenario_v1.o
 .rodata        0x0202e870      0x1b8 ./devicesfss_v1.o
 .rodata        0x0202ea28       0x4c ./workload.o
 *fill*         0x0202ea74        0x4
 .rodata        0x0202ea78       0x6c ./tools.o
 *fill*         0x0202eae4        0x4
 .rodata        0x0202eae8       0xe0 ./fss.o
 .rodata        0x0202ebc8        0x8 /usr/local/openravenscar/lib/gcc-lib/sparc-ork-elf/2.8.1/adalib/libgnarl.a(a-reatim.o)
 .rodata        0x0202ebd0        0x8 /usr/local/openravenscar/lib/gcc-lib/sparc-ork-elf/2.8.1/adalib/libgnarl.a(a-retide.o)
 .rodata        0x0202ebd8       0x24 /usr/local/openravenscar/lib/gcc-lib/sparc-ork-elf/2.8.1/adalib/libgnarl.a(s-taprob.o)
 *fill*         0x0202ebfc        0x4
 .rodata        0x0202ec00       0xd0 /usr/local/openravenscar/lib/gcc-lib/sparc-ork-elf/2.8.1/adalib/libgnarl.a(s-taprop.o)
 .rodata        0x0202ecd0       0x50 /usr/local/openravenscar/lib/gcc-lib/sparc-ork-elf/2.8.1/adalib/libgnarl.a(s-tarest.o)
 .rodata        0x0202ed20      0x14a /usr/local/openravenscar/lib/gcc-lib/sparc-ork-elf/2.8.1/adalib/libgnarl.a(s-tasdeb.o)
 *fill*         0x0202ee6a        0x2
 .rodata        0x0202ee6c      0x300 /usr/local/openravenscar/lib/gcc-lib/sparc-ork-elf/2.8.1/adalib/libgnarl.a(s-taskin.o)
 .rodata        0x0202f16c        0x8 /usr/local/openravenscar/lib/gcc-lib/sparc-ork-elf/2.8.1/adalib/libgnarl.a(kernel-interrupts.o)
 .rodata        0x0202f174        0x4 /usr/local/openravenscar/lib/gcc-lib/sparc-ork-elf/2.8.1/adalib/libgnarl.a(kernel-threads-queues.o)
 .rodata        0x0202f178       0x7c /usr/local/openravenscar/lib/gcc-lib/sparc-ork-elf/2.8.1/adalib/libgnarl.a(kernel-peripherals.o)
 *fill*         0x0202f1f4        0x4
 .rodata        0x0202f1f8      0x184 /usr/local/openravenscar/lib/gcc-lib/sparc-ork-elf/2.8.1/adalib/libgnat.a(a-except.o)
 *fill*         0x0202f37c        0x4
 .rodata        0x0202f380        0xd /usr/local/openravenscar/lib/gcc-lib/sparc-ork-elf/2.8.1/adalib/libgnat.a(a-finali.o)
 *fill*         0x0202f38d        0x3
 .rodata        0x0202f390      0x82c /usr/local/openravenscar/lib/gcc-lib/sparc-ork-elf/2.8.1/adalib/libgnat.a(a-nuelfu.o)
 *fill*         0x0202fbbc        0x4
 .rodata        0x0202fbc0       0x42 /usr/local/openravenscar/lib/gcc-lib/sparc-ork-elf/2.8.1/adalib/libgnat.a(a-tags.o)
 *fill*         0x0202fc02        0x6
 .rodata        0x0202fc08        0xd /usr/local/openravenscar/lib/gcc-lib/sparc-ork-elf/2.8.1/adalib/libgnat.a(g-except.o)
 *fill*         0x0202fc15        0x3
 .rodata        0x0202fc18       0xab /usr/local/openravenscar/lib/gcc-lib/sparc-ork-elf/2.8.1/adalib/libgnat.a(i-c.o)
 *fill*         0x0202fcc3        0x5