Archive member included       because of file (symbol)

/usr/local/openravenscar/lib/gcc-lib/sparc-ork-elf/2.8.1/adalib/libgnarl.a(a-reatim.o)
                              ./devicesfss_v1.o (ada__real_time__clock)
/usr/local/openravenscar/lib/gcc-lib/sparc-ork-elf/2.8.1/adalib/libgnarl.a(a-retide.o)
                              ./fss.o (ada__real_time__delays__delay_until)
/usr/local/openravenscar/lib/gcc-lib/sparc-ork-elf/2.8.1/adalib/libgnarl.a(s-taprob.o)
                              ./devicesfss_v1.o (system__tasking__protected_objects__initialize_protection)
/usr/local/openravenscar/lib/gcc-lib/sparc-ork-elf/2.8.1/adalib/libgnarl.a(s-taprop.o)
                              /usr/local/openravenscar/lib/gcc-lib/sparc-ork-elf/2.8.1/adalib/libgnarl.a(a-retide.o) (system__task_primitives__operations__self)
/usr/local/openravenscar/lib/gcc-lib/sparc-ork-elf/2.8.1/adalib/libgnarl.a(s-tarest.o)
                              ./fss.o (system__tasking__restricted__stages__create_restricted_task)
/usr/local/openravenscar/lib/gcc-lib/sparc-ork-elf/2.8.1/adalib/libgnarl.a(s-tasdeb.o)
                              b~main.o (system__tasking__debug___elabs)
/usr/local/openravenscar/lib/gcc-lib/sparc-ork-elf/2.8.1/adalib/libgnarl.a(s-taskin.o)
                              /usr/local/openravenscar/lib/gcc-lib/sparc-ork-elf/2.8.1/adalib/libgnarl.a(s-tasdeb.o) (system__tasking__task_statesT)
/usr/local/openravenscar/lib/gcc-lib/sparc-ork-elf/2.8.1/adalib/libgnarl.a(s-taspri.o)
                              /usr/local/openravenscar/lib/gcc-lib/sparc-ork-elf/2.8.1/adalib/libgnarl.a(s-taskin.o) (system__task_primitives___init_proc)
/usr/local/openravenscar/lib/gcc-lib/sparc-ork-elf/2.8.1/adalib/libgnarl.a(kernel-interrupts.o)
                              b~main.o (kernel__interrupts___elabb)
/usr/local/openravenscar/lib/gcc-lib/sparc-ork-elf/2.8.1/adalib/libgnarl.a(kernel-threads.o)
                              b~main.o (kernel__threads___elabs)
/usr/local/openravenscar/lib/gcc-lib/sparc-ork-elf/2.8.1/adalib/libgnarl.a(kernel-threads-atcb.o)
                              /usr/local/openravenscar/lib/gcc-lib/sparc-ork-elf/2.8.1/adalib/libgnarl.a(s-taprop.o) (kernel__threads__atcb__set_atcb)
/usr/local/openravenscar/lib/gcc-lib/sparc-ork-elf/2.8.1/adalib/libgnarl.a(kernel-threads-queues.o)
                              /usr/local/openravenscar/lib/gcc-lib/sparc-ork-elf/2.8.1/adalib/libgnarl.a(s-taprop.o) (running_thread)
/usr/local/openravenscar/lib/gcc-lib/sparc-ork-elf/2.8.1/adalib/libgnarl.a(kernel-threads-protection.o)
                              /usr/local/openravenscar/lib/gcc-lib/sparc-ork-elf/2.8.1/adalib/libgnarl.a(kernel-threads.o) (kernel__threads__protection__dispatch)
/usr/local/openravenscar/lib/gcc-lib/sparc-ork-elf/2.8.1/adalib/libgnarl.a(kernel-time.o)
                              /usr/local/openravenscar/lib/gcc-lib/sparc-ork-elf/2.8.1/adalib/libgnarl.a(s-taprop.o) (kernel_clock)
/usr/local/openravenscar/lib/gcc-lib/sparc-ork-elf/2.8.1/adalib/libgnarl.a(kernel-memory.o)
                              /usr/local/openravenscar/sparc-ork-elf/lib/ada_crt0.o (environment_stack)
/usr/local/openravenscar/lib/gcc-lib/sparc-ork-elf/2.8.1/adalib/libgnarl.a(kernel-cpu_primitives.o)
                              /usr/local/openravenscar/lib/gcc-lib/sparc-ork-elf/2.8.1/adalib/libgnarl.a(kernel-threads-protection.o) (kernel__cpu_primitives__context_switch)
/usr/local/openravenscar/lib/gcc-lib/sparc-ork-elf/2.8.1/adalib/libgnarl.a(kernel-peripherals-registers.o)
                              b~main.o (kernel__peripherals__registers___elabs)
/usr/local/openravenscar/lib/gcc-lib/sparc-ork-elf/2.8.1/adalib/libgnarl.a(kernel-peripherals.o)
                              /usr/local/openravenscar/lib/gcc-lib/sparc-ork-elf/2.8.1/adalib/libgnarl.a(kernel-interrupts.o) (kernel__peripherals__to_vector)
/usr/local/openravenscar/lib/gcc-lib/sparc-ork-elf/2.8.1/adalib/libgnarl.a(kernel-serial_output.o)
                              ./devicesfss_v1.o (kernel__serial_output__put__2)
/usr/local/openravenscar/lib/gcc-lib/sparc-ork-elf/2.8.1/adalib/libgnarl.a(context.o)
                              /usr/local/openravenscar/sparc-ork-elf/lib/ada_crt0.o (context_trap)
/usr/local/openravenscar/lib/gcc-lib/sparc-ork-elf/2.8.1/adalib/libgnarl.a(install_handler.o)
                              /usr/local/openravenscar/sparc-ork-elf/lib/ada_crt0.o (FP_Save_Pending)
/usr/local/openravenscar/lib/gcc-lib/sparc-ork-elf/2.8.1/adalib/libgnarl.a(int_level.o)
                              /usr/local/openravenscar/lib/gcc-lib/sparc-ork-elf/2.8.1/adalib/libgnarl.a(kernel-threads-protection.o) (disable_interrupts)
/usr/local/openravenscar/lib/gcc-lib/sparc-ork-elf/2.8.1/adalib/libgnat.a(a-except.o)
                              b~main.o (ada__exceptions___elabs)
/usr/local/openravenscar/lib/gcc-lib/sparc-ork-elf/2.8.1/adalib/libgnat.a(a-filico.o)
                              b~main.o (ada__finalization__list_controller___elabs)
[...]
Memory Configuration

Name             Origin             Length             Attributes
rom              0x00000000         0x00200000         xr
ram              0x02000000         0x003f8000         xrw
*default*        0x00000000         0xffffffff

Linker script and memory map

                0x00200000                PROM_SIZE=0x200000
                0x00400000                RAM_SIZE=0x400000
                0x00000000                PROM_START=0x0
                0x00200000                PROM_END=(PROM_START+PROM_SIZE)
                0x02000000                RAM_START=0x2000000
                0x02400000                RAM_END=(RAM_START+RAM_SIZE)

.text           0x02000000    0x326b0
 CREATE_OBJECT_SYMBOLS
                0x02000000                text_start=.
 *(.text)
 .text          0x02000000     0x1384 /usr/local/openravenscar/sparc-ork-elf/lib/ada_crt0.o
                0x020011bc                __exit
                0x02000000                trap_table
                0x02000000                start
                0x020011bc                _exit
 .text          0x02001384      0x24c b~main.o
                0x020015b8                ada_main___elabb
                0x02001384                adainit
                0x02001538                main
                0x0200151c                adafinal
 .text          0x020015d0       0x1c ./main.o
                0x020015d0                _ada_main
 .text          0x020015ec      0x118 ./scenario_v1.o
                0x020015ec                scenario_v1___elabs
 .text          0x02001704     0x4aa8 ./devicesfss_v1.o
                0x020033c8                devicesfss_v1___init_proc__6
                0x020047ac                devicesfss_v1___init_proc__9
                0x02001d38                devicesfss_v1__read_light_intensity
                0x020055ec                devicesfss_v1__display_altitude
                0x0200341c                devicesfss_v1__read_pilotbutton
                0x02005d84                devicesfss_v1__display_cronometro
                0x02002854                devicesfss_v1___init_proc__4
                0x020059c0                devicesfss_v1__display_joystick
                0x020051dc                devicesfss_v1__light_1
                0x0200404c                devicesfss_v1__read_altitude
                0x02005704                devicesfss_v1__display_distance
                0x020047ec                devicesfss_v1__read_pitch
                0x020022ac                devicesfss_v1___init_proc__3
                0x02004004                devicesfss_v1___init_proc__8
                0x02005c74                devicesfss_v1__display_message
                0x02001764                devicesfss_v1__read_distance
                0x020058a8                devicesfss_v1__display_light_intensity
                0x02005934                devicesfss_v1__display_pilot_power
                0x020028b4                devicesfss_v1__read_power
                0x020039a8                devicesfss_v1__read_speed
                0x0200581c                devicesfss_v1__display_roll
                0x02005b8c                devicesfss_v1__display_pilot_button
                0x02004de4                devicesfss_v1__read_roll
                0x020060f4                devicesfss_v1___elabb
                0x02003968                devicesfss_v1___init_proc__7
                0x02001cd8                devicesfss_v1___init_proc__2
                0x0200528c                devicesfss_v1__light_2
                0x02002e7c                devicesfss_v1__read_pilotpresence
                0x02004814                devicesfss_v1__set_aircraft_pitch
                0x02005678                devicesfss_v1__display_speed
                0x02004e0c                devicesfss_v1__set_aircraft_roll
                0x0200230c                devicesfss_v1__read_joystick
                0x0200536c                devicesfss_v1__alarm
                0x02005aa4                devicesfss_v1__display_pilot_presence
                0x020039d0                devicesfss_v1__set_speed
                0x02005790                devicesfss_v1__display_pitch
                0x02002e28                devicesfss_v1___init_proc__5
                0x02004da4                devicesfss_v1___init_proc__10
                0x02001704                devicesfss_v1___init_proc
 .text          0x020061ac      0x9a8 ./workload.o
                0x020061ac                workload___elabs
                0x020065ac                workload__small_whetstone
                0x02006b3c                workload___elabb
 .text          0x02006b54      0xd08 ./tools.o
                0x0200782c                tools___elabb
                0x020077b8                tools__execution_time
                0x02007710                tools__finish_activity
                0x020075c0                tools__print_a_string
                0x02006e40                tools__print_chrono
                0x02007668                tools__start_activity
                0x02006b54                tools___elabs
                0x02007268                tools__print_an_integer
                0x02007420                tools__print_a_float
                0x02006ba0                tools__current_time
 .text          0x0200785c     0x2d50 ./fss.o
                0x02008994                fss___init_proc__8
                0x0200889c                fss___init_proc__6
                0x02007898                fss___init_proc
                0x02008918                fss___init_proc__7
                0x02008820                fss___init_proc__5
                0x0200785c                fss__background
                0x02008728                fss___init_proc__3
                0x0200a034                fss___elabb
                0x02007d20                fss___init_proc__2
                0x020087a4                fss___init_proc__4
 .text          0x0200a5ac      0x5e4 /usr/local/openravenscar/lib/gcc-lib/sparc-ork-elf/2.8.1/adalib/libgnarl.a(a-reatim.o)
                0x0200a5d8                ada__real_time__Oadd__2
                0x0200a7ac                ada__real_time__split
                0x0200a5c8                ada__real_time__Oadd
                0x0200a628                ada__real_time__Osubtract__4
                0x0200a72c                ada__real_time__nanoseconds
                0x0200a698                ada__real_time__Odivide__2
                0x0200a654                ada__real_time__Odivide
                0x0200a608                ada__real_time__Osubtract__2
                0x0200a71c                ada__real_time__to_duration
                0x0200aac4                ada__real_time__time_of
                0x0200a5e8                ada__real_time__Oadd__3
                0x0200a77c                ada__real_time__milliseconds
                0x0200a5ac                ada__real_time__clock
                0x0200a750                ada__real_time__microseconds
                0x0200a5f8                ada__real_time__Osubtract
                0x0200a618                ada__real_time__Osubtract__3
                0x0200a724                ada__real_time__to_time_span
                0x0200a6f0                ada__real_time__Omultiply__2
                0x0200a6c4                ada__real_time__Omultiply
 .text          0x0200ab90       0x68 /usr/local/openravenscar/lib/gcc-lib/sparc-ork-elf/2.8.1/adalib/libgnarl.a(a-retide.o)
                0x0200abd4                ada__real_time__delays__to_duration
                0x0200ab90                ada__real_time__delays__delay_until
 .text          0x0200abf8      0x10c /usr/local/openravenscar/lib/gcc-lib/sparc-ork-elf/2.8.1/adalib/libgnarl.a(s-taprob.o)
                0x0200ace4                system__tasking__protected_objects___init_proc
                0x0200acb4                system__tasking__protected_objects__unlock
                0x0200ac24                system__tasking__protected_objects__lock
                0x0200acf0                system__tasking__protected_objects___init_proc__2
                0x0200abf8                system__tasking__protected_objects__initialize_protection
                0x0200ac6c                system__tasking__protected_objects__lock_read_only
                0x0200accc                system__tasking__protected_objects__finalize_protection
 .text          0x0200ad04      0x978 /usr/local/openravenscar/lib/gcc-lib/sparc-ork-elf/2.8.1/adalib/libgnarl.a(s-taprop.o)
                0x0200af84                system__task_primitives__operations__get_priority
                0x0200adfc                system__task_primitives__operations__unlock__2
                0x0200b15c                system__task_primitives__operations__check_no_locks
                0x0200ad80                system__task_primitives__operations__write_lock
                0x0200b1bc                system__task_primitives__operations__resume_task
                0x0200b23c                system__task_primitives__operations___elabb
                0x0200aec8                system__task_primitives__operations__clock
                0x0200ad9c                system__task_primitives__operations__write_lock__2
                0x0200ad3c                system__task_primitives__operations__get_thread_id
                0x0200ae50                system__task_primitives__operations__timed_delay
                0x0200af64                system__task_primitives__operations__set_priority
                0x0200ae2c                system__task_primitives__operations__timed_sleep
                0x0200ad20                system__task_primitives__operations__self
                0x0200ae14                system__task_primitives__operations__sleep
                0x0200b140                system__task_primitives__operations__set_exit_task_procedure
                0x0200ade8                system__task_primitives__operations__unlock
                0x0200b174                system__task_primitives__operations__environment_task
                0x0200ad48                system__task_primitives__operations__initialize_lock
                0x0200b470                system__task_primitives__operations___init_proc
                0x0200b124                system__task_primitives__operations__exit_task
                0x0200aeec                system__task_primitives__operations__wakeup
                0x0200ad04                system__task_primitives__operations__set
                0x0200b14c                system__task_primitives__operations__abort_task
                0x0200b180                system__task_primitives__operations__lock_all_tasks_list
                0x0200adb4                system__task_primitives__operations__write_lock__3
                0x0200b114                system__task_primitives__operations__finalize_tcb
                0x0200b000                system__task_primitives__operations__new_atcb
                0x0200b1b4                system__task_primitives__operations__suspend_task
                0x0200af00                system__task_primitives__operations__yield
                0x0200b19c                system__task_primitives__operations__unlock_all_tasks_list
                0x0200b1c4                system__task_primitives__operations__initialize
                0x0200b154                system__task_primitives__operations__check_exit
                0x0200b078                system__task_primitives__operations__initialize_tcb
                0x0200ad34                system__task_primitives__operations__stack_guard
                0x0200ad78                system__task_primitives__operations__finalize_lock
                0x0200b11c                system__task_primitives__operations__default_exit_task_procedure
                0x0200b0b4                system__task_primitives__operations__create_task
                0x0200ad60                system__task_primitives__operations__initialize_lock__2
                0x0200adcc                system__task_primitives__operations__read_lock
                0x0200af9c                system__task_primitives__operations__enter_task
 .text          0x0200b67c      0x924 /usr/local/openravenscar/lib/gcc-lib/sparc-ork-elf/2.8.1/adalib/libgnarl.a(s-tarest.o)
                0x0200b8f0                system__tasking__restricted__stages__create_restricted_task
                0x0200bdf0                system__tasking__restricted__stages__restricted_terminated
                0x0200bb00                system__tasking__restricted__stages__activate_restricted_tasks
                0x0200bcc0                system__tasking__restricted__stages__complete_restricted_activation
                0x0200be04                system__tasking__restricted__stages__finalize_global_tasks
                0x0200be58                system__tasking__restricted__stages___elabb
                0x0200bd90                system__tasking__restricted__stages__complete_restricted_task
 .text          0x0200bfa0      0xf44 /usr/local/openravenscar/lib/gcc-lib/sparc-ork-elf/2.8.1/adalib/libgnarl.a(s-tasdeb.o)
                0x0200cc18                system__tasking__debug__image
                0x0200cebc                system__tasking__debug___init_proc__2
                0x0200c8f4                system__tasking__debug__print_current_task
                0x0200cb68                system__tasking__debug__trace__2
                0x0200bfa0                system__tasking__debug___elabs
                0x0200c910                system__tasking__debug__list_tasks
                0x0200cdc0                system__tasking__debug__resume_all_tasks
                0x0200c018                system__tasking__debug__set_user_state
                0x0200c740                system__tasking__debug__print_task_info_header
                0x0200ce7c                system__tasking__debug___init_proc
                0x0200c004                system__tasking__debug__self
                0x0200cdf8                system__tasking__debug___elabb
                0x0200c950                system__tasking__debug__print_accept_info
                0x0200cc04                system__tasking__debug__set_trace
                0x0200ca14                system__tasking__debug__trace
                0x0200cb9c                system__tasking__debug__trace__3
                0x0200cbd0                system__tasking__debug__trace__4
                0x0200c300                system__tasking__debug__print_task_info
                0x0200bffc                system__tasking__debug__task_termination_hook
                0x0200bff4                system__tasking__debug__task_creation_hook
                0x0200cd88                system__tasking__debug__suspend_all_tasks
 .text          0x0200cee4      0x75c /usr/local/openravenscar/lib/gcc-lib/sparc-ork-elf/2.8.1/adalib/libgnarl.a(s-taskin.o)
                0x0200d2f8                system__tasking___init_proc__3
                0x0200d5a0                system__tasking___init_proc__8
                0x0200d560                system__tasking___init_proc__7
                0x0200cee4                system__tasking__self
                0x0200d2c0                system__tasking___init_proc__2
                0x0200d020                system__tasking___elabb
                0x0200d374                system__tasking___init_proc__4
                0x0200d5ac                system__tasking___init_proc__9
                0x0200d26c                system__tasking___init_proc
                0x0200d3c8                system__tasking___init_proc__6
                0x0200cef8                system__tasking__initialize_atcb
                0x0200d380                system__tasking___init_proc__5
 .text          0x0200d640       0x14 /usr/local/openravenscar/lib/gcc-lib/sparc-ork-elf/2.8.1/adalib/libgnarl.a(s-taspri.o)
                0x0200d640                system__task_primitives___init_proc
 .text          0x0200d654      0x1f0 /usr/local/openravenscar/lib/gcc-lib/sparc-ork-elf/2.8.1/adalib/libgnarl.a(kernel-interrupts.o)
                0x0200d71c                kernel_detach_interrupt_handler
                0x0200d764                kernel__interrupts___elabb
                0x0200d654                kernel__interrupts__null_handler
                0x0200d65c                kernel__interrupts__wrapper
                0x0200d744                kernel_current_interrupt_handler
                0x0200d6bc                kernel_attach_interrupt_handler
                0x0200d7e8                kernel__interrupts___init_proc__2
                0x0200d7d0                kernel__interrupts___init_proc
 .text          0x0200d844      0x5dc /usr/local/openravenscar/lib/gcc-lib/sparc-ork-elf/2.8.1/adalib/libgnarl.a(kernel-threads.o)
                0x0200d844                kernel__threads___elabs
                0x0200dde4                kernel__threads___init_proc__3
                0x0200dab4                kernel_yield
                0x0200dbb4                kernel_check_no_mutexes
                0x0200dbc4                kernel_condition_init
                0x0200da14                kernel__threads__set_active_priority
                0x0200d9c8                kernel_set_priority
                0x0200dc88                kernel_condition_signal
                0x0200dce8                kernel_thread_create
                0x0200d8d0                kernel__threads__default_dummy_task_function
                0x0200ddb0                kernel_thread_self
                0x0200d880                kernel__threads__thread_caller
                0x0200dbcc                kernel_condition_wait
                0x0200d8e0                kernel_initialize
                0x0200db54                kernel_mutex_unlock
                0x0200dafc                kernel_mutex_lock
                0x0200daf0                kernel_mutex_init
                0x0200ddc0                kernel__threads___elabb
                0x0200ddd0                kernel__threads___init_proc
                0x0200dddc                kernel__threads___init_proc__2
                0x0200da98                kernel_get_priority
 .text          0x0200de20       0x28 /usr/local/openravenscar/lib/gcc-lib/sparc-ork-elf/2.8.1/adalib/libgnarl.a(kernel-threads-atcb.o)
                0x0200de38                kernel__threads__atcb___elabb
                0x0200de28                kernel__threads__atcb__thread_self_atcb
                0x0200de20                kernel__threads__atcb__set_atcb
 .text          0x0200de48      0x478 /usr/local/openravenscar/lib/gcc-lib/sparc-ork-elf/2.8.1/adalib/libgnarl.a(kernel-threads-queues.o)
                0x0200e060                kernel__threads__queues__insert_alarm
                0x0200df04                kernel__threads__queues__insert_at_tail
                0x0200de60                kernel__threads__queues__insert_at_head
                0x0200e12c                kernel__threads__queues__extract_first_alarm
                0x0200e014                kernel__threads__queues__get_new_thread_descriptor
                0x0200e230                kernel__threads__queues___init_proc
                0x0200dfa8                kernel__threads__queues__extract_from_ready
                0x0200e158                kernel__threads__queues__get_next_alarm_time
                0x0200e18c                kernel__threads__queues___elabb
                0x0200dff0                kernel__threads__queues__next_running
                0x0200de54                kernel__threads__queues__environment_thread_id
                0x0200de48                kernel__threads__queues__dummy_thread_id
 .text          0x0200e2c0      0x108 /usr/local/openravenscar/lib/gcc-lib/sparc-ork-elf/2.8.1/adalib/libgnarl.a(kernel-threads-protection.o)
                0x0200e2e4                kernel__threads__protection__leave_kernel
                0x0200e2c0                kernel__threads__protection__dispatch
                0x0200e3b8                kernel__threads__protection___elabb
                0x0200e2d0                kernel__threads__protection__enter_kernel
 .text          0x0200e3c8      0x3c4 /usr/local/openravenscar/lib/gcc-lib/sparc-ork-elf/2.8.1/adalib/libgnarl.a(kernel-time.o)
                0x0200e480                kernel_delay_until
                0x0200e3c8                kernel_clock
                0x0200e74c                kernel__time___elabb
 .text          0x0200e78c       0x9c /usr/local/openravenscar/lib/gcc-lib/sparc-ork-elf/2.8.1/adalib/libgnarl.a(kernel-memory.o)
                0x0200e7e8                kernel__memory___elabb
                0x0200e794                kernel_new_stack
                0x0200e78c                kernel_new_memory_region
 .text          0x0200e828       0x88 /usr/local/openravenscar/lib/gcc-lib/sparc-ork-elf/2.8.1/adalib/libgnarl.a(kernel-cpu_primitives.o)
                0x0200e828                kernel__cpu_primitives__context_switch
                0x0200e834                kernel__cpu_primitives__initialize_context
                0x0200e8a0                kernel__cpu_primitives___elabb
 .text          0x0200e8b0       0x44 /usr/local/openravenscar/lib/gcc-lib/sparc-ork-elf/2.8.1/adalib/libgnarl.a(kernel-peripherals-registers.o)
                0x0200e8b0                kernel__peripherals__registers___elabs
 .text          0x0200e8f4      0x6ac /usr/local/openravenscar/lib/gcc-lib/sparc-ork-elf/2.8.1/adalib/libgnarl.a(kernel-peripherals.o)
                0x0200e904                kernel__peripherals__stop_watch_dog
                0x0200e8f4                kernel__peripherals__to_vector
                0x0200e920                kernel__peripherals__init_clock
                0x0200eeec                kernel__peripherals___elabb
                0x0200ea04                kernel__peripherals__cancel_and_set_alarm
                0x0200e9e0                kernel__peripherals__init_board
                0x0200ea18                kernel__peripherals__set_alarm
                0x0200eb8c                kernel__peripherals__read_clock
                0x0200ebfc                kernel__peripherals__clear_alarm_interrupt
                0x0200ee2c                kernel__peripherals__uart_send
                0x0200ec04                kernel__peripherals__clear_clock_interrupt
                0x0200ed40                kernel__peripherals__init_uart
                0x0200e918                kernel__peripherals__memory_configuration
                0x0200ec0c                kernel__peripherals__protect_segment
                0x0200e8fc                kernel__peripherals__priority_of_interrupt
 .text          0x0200efa0       0xe4 /usr/local/openravenscar/lib/gcc-lib/sparc-ork-elf/2.8.1/adalib/libgnarl.a(kernel-serial_output.o)
                0x0200eff8                kernel_new_line
                0x0200f00c                kernel_put_line_c
                0x0200efb8                kernel__serial_output__put__2
                0x0200efa0                kernel_put_c
                0x0200f028                kernel__serial_output__put_line__2
                0x0200f058                kernel__serial_output___elabb
 .text          0x0200f084      0x2dc /usr/local/openravenscar/lib/gcc-lib/sparc-ork-elf/2.8.1/adalib/libgnarl.a(context.o)
                0x0200f358                exit_from_context_switch
                0x0200f084                context_switch
                0x0200f090                context_trap
 .text          0x0200f360      0x60c /usr/local/openravenscar/lib/gcc-lib/sparc-ork-elf/2.8.1/adalib/libgnarl.a(install_handler.o)
                0x0200f418                set_next_running
                0x0200f360                enable_traps
                0x0200f3c4                install_trap_handler
                0x0200f374                install_int_handler
 .text          0x0200f96c       0x34 /usr/local/openravenscar/lib/gcc-lib/sparc-ork-elf/2.8.1/adalib/libgnarl.a(int_level.o)
                0x0200f96c                disable_interrupts
                0x0200f984                enable_interrupts
 .text          0x0200f9a0     0x25c0 /usr/local/openravenscar/lib/gcc-lib/sparc-ork-elf/2.8.1/adalib/libgnat.a(a-except.o)
                0x02011208                ada__exceptions__sdp_table_sort_move
                0x02011368                ada__exceptions__string_to_eid
                0x02010a24                __gnat_raise_nodefer_with_msg
                0x0200fbd0                ada__exceptions__current_target_exception
                0x02010b9c                ada__exceptions__raise_from_signal_handler
                0x0200fa20                ada__exceptions__address_image
                0x02010e20                ada__exceptions__save_occurrence
                0x02011a04                __gnat_notify_exception
                0x020106e4                ada__exceptions__propagate_exception
                0x02010558                ada__exceptions__exception_name_simple
                0x02010d74                __gnat_reraise
                0x02010b04                __gnat_raise_exception
                0x0200f9a0                ada__exceptions___elabs
                0x0200fb28                __gnat_break_start
                0x0200fb14                ada__exceptions__allocate_machine_state
                0x0200fbf4                ada__exceptions__deallocate_machine_state
                0x0200fea8                ada__exceptions__exception_information
                0x02010cd4                __gnat_raise_storage_error
                0x0200fc64                ada__exceptions__eo_to_string
                0x0201116c                ada__exceptions__sdp_table_sort_lt
                0x02011e78                ada__exceptions__raise_exception_no_defer
                0x02010464                ada__exceptions__exception_name__2
                0x02011f20                ada__exceptions__zzz
                0x0200fa10                ada__exceptions__poll
                0x02010cf4                ada__exceptions__raise_with_c_msg
                0x02011a98                ada__exceptions__unhandled_exception_terminate
                0x0200fc08                ada__exceptions__eid_to_string
                0x02010eb4                ada__exceptions__save_occurrence__2
                0x02010c60                ada__exceptions__raise_with_location
                0x02010c38                ada__exceptions__raise_no_msg
                0x020103a0                ada__exceptions__exception_message
                0x02011238                ada__exceptions__set_exception_c_msg
                0x02011490                ada__exceptions__string_to_eo
                0x02010c94                __gnat_raise_constraint_error
                0x02010dac                ada__exceptions__reraise_occurrence
                0x02011f28                ada__exceptions___elabb
                0x02011f50                ada__exceptions___init_proc
                0x02010528                ada__exceptions__exception_name
                0x0200fa18                ada__exceptions__aaa
                0x02010df4                ada__exceptions__reraise_occurrence_no_defer
                0x0200fcc4                ada__exceptions__exception_identity
                0x02010ee0                __gnat_SDP_Table_Build
                0x020119fc                __gnat_unhandled_exception
                0x0200fb30                ada__exceptions__call_chain
                0x02010d28                __gnat_raise_with_msg
                0x02010cb4                __gnat_raise_program_error
 .text          0x02011f60      0x2ec /usr/local/openravenscar/lib/gcc-lib/sparc-ork-elf/2.8.1/adalib/libgnat.a(a-filico.o)
                0x02011fac                ada__finalization__list_controller___deep_finalize__2
                0x02012218                ada__finalization__list_controller___init_proc__2
                0x020121dc                ada__finalization__list_controller__finalize
                0x02011f9c                ada__finalization__list_controller___size__2
                0x020121f4                ada__finalization__list_controller___init_proc
                0x020121a8                ada__finalization__list_controller__finalize__2
                0x02011fd8                ada__finalization__list_controller___elabs
                0x02011f60                ada__finalization__list_controller___size
                0x02012190                ada__finalization__list_controller__initialize__2
                0x02011f70                ada__finalization__list_controller___deep_finalize
 .text          0x0201224c      0x560 /usr/local/openravenscar/lib/gcc-lib/sparc-ork-elf/2.8.1/adalib/libgnat.a(a-finali.o)
                0x020124ac                ada__finalization___size__4
                0x0201272c                ada__finalization__initialize
                0x02012744                ada__finalization__Oeq__2
                0x0201276c                ada__finalization___init_proc
                0x02012274                ada__finalization___write__3
                0x02012764                ada__finalization__finalize__2
                0x0201224c                ada__finalization___size__3
                0x0201225c                ada__finalization___read__3
                0x02012734                ada__finalization__adjust
                0x0201278c                ada__finalization___init_proc__2
                0x020124e8                ada__finalization___elabs
                0x0201273c                ada__finalization__finalize
                0x02012458                ada__finalization___deep_adjust
                0x0201275c                ada__finalization__initialize__2
                0x0201228c                ada__finalization___assign__3
                0x02012480                ada__finalization___deep_finalize
                0x020124bc                ada__finalization___deep_finalize__2
 .text          0x020127ac       0x6c /usr/local/openravenscar/lib/gcc-lib/sparc-ork-elf/2.8.1/adalib/libgnat.a(a-ioexce.o)
                0x020127ac                ada__io_exceptions___elabs
 .text          0x02012818     0x1e98 /usr/local/openravenscar/lib/gcc-lib/sparc-ork-elf/2.8.1/adalib/libgnat.a(a-nuelfu.o)
                0x020142d4                ada__numerics__elementary_functions__sinh
                0x0201315c                ada__numerics__elementary_functions__arcsin
                0x02012f44                ada__numerics__elementary_functions__arccosh
                0x02013388                ada__numerics__elementary_functions__arcsinh
                0x02012818                ada__numerics__elementary_functions__Oexpon
                0x02013058                ada__numerics__elementary_functions__arccoth
                0x0201303c                ada__numerics__elementary_functions__arccot__2
                0x02013230                ada__numerics__elementary_functions__arcsin__2
                0x020135b8                ada__numerics__elementary_functions__arctan__2
                0x02012dd8                ada__numerics__elementary_functions__arccos__2
                0x020138b8                ada__numerics__elementary_functions__cos
                0x020143e0                ada__numerics__elementary_functions__sqrt
                0x020144ec                ada__numerics__elementary_functions__tan__2
                0x020141d8                ada__numerics__elementary_functions__sin__2
                0x02014068                ada__numerics__elementary_functions__log__2
                0x02013abc                ada__numerics__elementary_functions__cot__2
                0x0201461c                ada__numerics__elementary_functions__tanh
                0x02013c24                ada__numerics__elementary_functions__coth
                0x02013fac                ada__numerics__elementary_functions__log
                0x02013968                ada__numerics__elementary_functions__cosh
                0x02013024                ada__numerics__elementary_functions__arccot
                0x020134a8                ada__numerics__elementary_functions__arctan
                0x02014190                ada__numerics__elementary_functions__sin
                0x02012cd8                ada__numerics__elementary_functions__arccos
                0x02013924                ada__numerics__elementary_functions__cos__2
                0x02014464                ada__numerics__elementary_functions__tan
                0x02013d18                ada__numerics__elementary_functions__exp
                0x02013a14                ada__numerics__elementary_functions__cot
                0x0201372c                ada__numerics__elementary_functions__arctanh
 .text          0x020146b0       0x18 /usr/local/openravenscar/lib/gcc-lib/sparc-ork-elf/2.8.1/adalib/libgnat.a(a-numeri.o)
                0x020146b0                ada__numerics___elabs
 .text          0x020146c8       0xc0 /usr/local/openravenscar/lib/gcc-lib/sparc-ork-elf/2.8.1/adalib/libgnat.a(a-stream.o)
                0x020146e0                ada__streams___elabs
                0x020146d8                ada__streams___deep_finalize
                0x020146c8                ada__streams___size
                0x02014778                ada__streams___init_proc
 .text          0x02014788      0x934 /usr/local/openravenscar/lib/gcc-lib/sparc-ork-elf/2.8.1/adalib/libgnat.a(a-tags.o)
                0x02014df0                ada__tags__length
                0x0201505c                ada__tags___init_proc
                0x020148fc                ada__tags__external_tag_htable__removeXn
                0x02014f14                ada__tags__get_rc_offset
                0x02015030                ada__tags__set_remotely_callable
                0x02014ff8                ada__tags__set_prim_op_address
                0x02014fd8                ada__tags__register_tag
                0x02014f78                ada__tags__inherit_tsd
                0x02014788                ada__tags___elabs
                0x02014ef0                ada__tags__get_expanded_name
                0x0201500c                ada__tags__set_expanded_name
                0x02014f20                ada__tags__get_remotely_callable
                0x02014b18                ada__tags__expanded_name
                0x020147a0                ada__tags__external_tag_htable__getXn
                0x02014f08                ada__tags__get_inheritance_depth
                0x02014f38                ada__tags__get_tsd
                0x020149f4                ada__tags__external_tag_htable__setXn
                0x02014eb0                ada__tags__cw_membership
                0x02014f40                ada__tags__inherit_dt
                0x02014848                ada__tags__external_tag_htable__get_nextXn
                0x02014c20                ada__tags__get_external_tag
                0x02014c44                ada__tags__internal_tag
                0x02015064                ada__tags___init_proc__2
                0x02014e4c                ada__tags___elabb
                0x02015004                ada__tags__set_tsd
                0x02015018                ada__tags__set_external_tag
                0x02014a68                ada__tags__get_ht_link
                0x02014e24                ada__tags__parent_size
                0x02014a30                ada__tags__equal
                0x02014814                ada__tags__external_tag_htable__get_firstXn
                0x02014fec                ada__tags__set_inheritance_depth
                0x02014b9c                ada__tags__external_tag
                0x02014884                ada__tags__external_tag_htable__get_non_nullXn
                0x02014efc                ada__tags__get_prim_op_address
                0x02015024                ada__tags__set_rc_offset
                0x02014ad4                ada__tags__hash
                0x020149b4                ada__tags__external_tag_htable__resetXn
                0x02014b0c                ada__tags__set_ht_link
                0x02015070                ada__tags__external_tag_htable___init_procXn
 .text          0x020150bc      0x25c /usr/local/openravenscar/lib/gcc-lib/sparc-ork-elf/2.8.1/adalib/libgnat.a(g-except.o)
                0x02015208                gnat__exceptions___deep_finalize
                0x020150d4                gnat__exceptions___write
                0x02015110                gnat__exceptions___output
                0x02015130                gnat__exceptions___assign
                0x020150dc                gnat__exceptions___input
                0x02015210                gnat__exceptions___elabs
                0x020150cc                gnat__exceptions___read
                0x020150bc                gnat__exceptions___size
                0x02015308                gnat__exceptions___init_proc
                0x02015128                gnat__exceptions__Oeq
                0x02015200                gnat__exceptions___deep_adjust
 .text          0x02015318      0x174 /usr/local/openravenscar/lib/gcc-lib/sparc-ork-elf/2.8.1/adalib/libgnat.a(g-hesora.o)
                0x020153e8                gnat__heap_sort_a__sort
 .text          0x0201548c      0xc6c /usr/local/openravenscar/lib/gcc-lib/sparc-ork-elf/2.8.1/adalib/libgnat.a(i-c.o)
                0x02015d9c                interfaces__c__to_c__4
                0x020158dc                interfaces__c__to_ada__6
                0x020154f0                interfaces__c__is_nul_terminated__2
                0x02015540                interfaces__c__to_ada
                0x02015548                interfaces__c__to_ada__2
                0x02015a04                interfaces__c__to_c
                0x020154a4                interfaces__c__is_nul_terminated
                0x02015f50                interfaces__c__to_c__6
                0x0201567c                interfaces__c__to_ada__3
                0x0201548c                interfaces__c___elabs
                0x02015c04                interfaces__c__to_c__3
                0x0201579c                interfaces__c__to_ada__5
                0x02015da4                interfaces__c__to_c__5
                0x02015a0c                interfaces__c__to_c__2
                0x02015794                interfaces__c__to_ada__4
 .text          0x020160f8     0x13b4 /usr/local/openravenscar/lib/gcc-lib/sparc-ork-elf/2.8.1/adalib/libgnat.a(s-arit64.o)
                0x02016234                system__arith_64__hi
                0x020167dc                system__arith_64__scaled_divide
                0x020167ac                system__arith_64__raise_error
                0x020161ac                system__arith_64__Odivide
                0x02016120                system__arith_64__Oadd__2
                0x020173d8                system__arith_64__subtract_with_ovflo_check
                0x02016150                system__arith_64__Omultiply
                0x02016244                system__arith_64__lo
                0x02016180                system__arith_64__Omultiply__2
                0x020162b8                system__arith_64__double_divide
                0x020165a8                system__arith_64__multiply_with_ovflo_check
                0x0201748c                system__arith_64__to_pos_int
                0x020160f8                system__arith_64__Oadd
                0x02016204                system__arith_64__Oconcat
                0x02017454                system__arith_64__to_neg_int
                0x020161d8                system__arith_64__Orem
                0x0201624c                system__arith_64__add_with_ovflo_check
                0x02016138                system__arith_64__Osubtract
 .text          0x020174ac      0x16c /usr/local/openravenscar/lib/gcc-lib/sparc-ork-elf/2.8.1/adalib/libgnat.a(s-except.o)
                0x020174d0                system__exceptions___init_proc
                0x020174ac                system__exceptions___elabs
                0x02017578                system__exceptions___init_proc__4
                0x02017518                system__exceptions___init_proc__3
                0x020175b8                system__exceptions___init_proc__5
                0x020174d8                system__exceptions___init_proc__2
 .text          0x02017618      0x54c /usr/local/openravenscar/lib/gcc-lib/sparc-ork-elf/2.8.1/adalib/libgnat.a(s-exctab.o)
                0x0201792c                system__exception_table__get_key
                0x020176c0                system__exception_table__exception_htable__get_nextXn
                0x020178f4                system__exception_table__equal
                0x0201786c                system__exception_table__exception_htable__setXn
                0x02017b18                system__exception_table__exception_htable___init_procXn
                0x02017618                system__exception_table__exception_htable__getXn
                0x020178b0                system__exception_table__get_ht_link
                0x0201782c                system__exception_table__exception_htable__resetXn
                0x020178a8                system__exception_table__set_ht_link
                0x02017934                system__exception_table__internal_exception
                0x020176fc                system__exception_table__exception_htable__get_non_nullXn
                0x020178b8                system__exception_table__hash
                0x0201768c                system__exception_table__exception_htable__get_firstXn
                0x02017a68                system__exception_table___elabb
                0x02017a54                system__exception_table__register_exception
                0x02017774                system__exception_table__exception_htable__removeXn
 .text          0x02017b64      0x1c4 /usr/local/openravenscar/lib/gcc-lib/sparc-ork-elf/2.8.1/adalib/libgnat.a(s-exnflt.o)
                0x02017b64                system__exn_flt__exn_float
 .text          0x02017d28      0xb2c /usr/local/openravenscar/lib/gcc-lib/sparc-ork-elf/2.8.1/adalib/libgnat.a(s-fatflt.o)
                0x020186dc                system__fat_flt__fat_float__truncation
                0x02017e6c                system__fat_flt__fat_float__decompose
                0x02018200                system__fat_flt__fat_float__model
                0x02018108                system__fat_flt__fat_float__floor
                0x02018214                system__fat_flt__fat_float__pred
                0x020184dc                system__fat_flt__fat_float__scaling
                0x02018190                system__fat_flt__fat_float__leading_part
                0x0201878c                system__fat_flt__fat_float__unbiased_rounding
                0x02017d80                system__fat_flt__fat_float__ceiling
                0x02017de0                system__fat_flt__fat_float__compose
                0x020180e0                system__fat_flt__fat_float__exponent
                0x02018168                system__fat_flt__fat_float__fraction
                0x02018058                system__fat_flt__fat_float__gradual_scaling
                0x020182cc                system__fat_flt__fat_float__remainder
                0x02018454                system__fat_flt__fat_float__rounding
                0x02017d28                system__fat_flt__fat_float__adjacent
                0x020185f4                system__fat_flt__fat_float__succ
                0x02018834                system__fat_flt__fat_float__valid
                0x02017e10                system__fat_flt__fat_float__copy_sign
                0x020181ec                system__fat_flt__fat_float__machine
 .text          0x02018854     0x13dc /usr/local/openravenscar/lib/gcc-lib/sparc-ork-elf/2.8.1/adalib/libgnat.a(s-finimp.o)
                0x02019a74                system__finalization_implementation__deep_tag_attach
                0x02018a80                system__finalization_implementation___read__2
                0x020190d4                system__finalization_implementation__detach_from_final_list
                0x02018918                system__finalization_implementation___output
                0x02019530                system__finalization_implementation__finalize_list
                0x02018b4c                system__finalization_implementation__Oeq__2
                0x02019c00                system__finalization_implementation___init_proc__2
                0x02018978                system__finalization_implementation___assign
                0x02019b2c                system__finalization_implementation__initialize__2
                0x02018f38                system__finalization_implementation__attach_to_final_list
                0x020198d8                system__finalization_implementation__deep_tag_adjust
                0x02018b94                system__finalization_implementation___assign__2
                0x02018930                system__finalization_implementation__Oeq
                0x020188c0                system__finalization_implementation___input
                0x0201889c                system__finalization_implementation___write
                0x020197e8                system__finalization_implementation__deep_tag_initialize
                0x02019b24                system__finalization_implementation__initialize
                0x02019bdc                system__finalization_implementation___init_proc
                0x02018aa4                system__finalization_implementation___write__2
                0x02018c94                system__finalization_implementation___elabs
                0x02018b34                system__finalization_implementation___output__2
                0x02018ac8                system__finalization_implementation___input__2
                0x02018864                system__finalization_implementation___read
                0x0201969c                system__finalization_implementation__finalize_one
                0x020199a4                system__finalization_implementation__deep_tag_finalize
                0x02019674                system__finalization_implementation__finalize_global_list
                0x02019bc8                system__finalization_implementation__finalize
                0x02018a70                system__finalization_implementation___size__2
                0x02019b94                system__finalization_implementation__adjust__2
                0x02018854                system__finalization_implementation___size
 .text          0x02019c30      0x658 /usr/local/openravenscar/lib/gcc-lib/sparc-ork-elf/2.8.1/adalib/libgnat.a(s-finroo.o)
                0x02019c30                system__finalization_root___size
                0x0201a264                system__finalization_root___init_proc__2
                0x02019c40                system__finalization_root___read
                0x02019f78                system__finalization_root___elabs
                0x02019e30                system__finalization_root__Oeq__2
                0x02019dc0                system__finalization_root___input__2
                0x02019c48                system__finalization_root___write
                0x02019c58                system__finalization_root___assign
                0x0201a224                system__finalization_root__finalize
                0x02019e18                system__finalization_root___output__2
                0x0201a1c4                system__finalization_root__initialize
                0x02019c50                system__finalization_root__Oeq
                0x02019d38                system__finalization_root___read__2
                0x02019d90                system__finalization_root___write__2
                0x02019d28                system__finalization_root___size__2
                0x0201a1f4                system__finalization_root__adjust
                0x02019e88                system__finalization_root___assign__2
                0x0201a254                system__finalization_root___init_proc
 .text          0x0201a288      0x1b4 /usr/local/openravenscar/lib/gcc-lib/sparc-ork-elf/2.8.1/adalib/libgnat.a(s-imgint.o)
                0x0201a3c4                system__img_int__set_image_integer
                0x0201a288                system__img_int__image_integer
 .text          0x0201a43c      0xbc8 /usr/local/openravenscar/lib/gcc-lib/sparc-ork-elf/2.8.1/adalib/libgnat.a(s-imgrea.o)
                0x0201a43c                system__img_real__image_ordinary_fixed_point
                0x0201ab28                system__img_real__set_image_real
                0x0201a510                system__img_real__image_floating_point
 .text          0x0201b004      0x160 /usr/local/openravenscar/lib/gcc-lib/sparc-ork-elf/2.8.1/adalib/libgnat.a(s-imguns.o)
                0x0201b004                system__img_uns__image_unsigned
                0x0201b124                system__img_uns__set_image_unsigned
 .text          0x0201b164       0x40 /usr/local/openravenscar/lib/gcc-lib/sparc-ork-elf/2.8.1/adalib/libgnat.a(s-mastop.o)
                0x0201b17c                system__machine_state_operations__get_code_loc
                0x0201b164                system__machine_state_operations__allocate_machine_state
                0x0201b19c                system__machine_state_operations__set_signal_machine_state
                0x0201b174                system__machine_state_operations__free_machine_state
                0x0201b184                system__machine_state_operations__machine_state_length
                0x0201b16c                system__machine_state_operations__enter_handler
                0x0201b194                system__machine_state_operations__set_machine_state
                0x0201b18c                system__machine_state_operations__pop_frame
 .text          0x0201b1a4       0x50 /usr/local/openravenscar/lib/gcc-lib/sparc-ork-elf/2.8.1/adalib/libgnat.a(s-parame.o)
                0x0201b1ac                system__parameters__minimum_stack_size
                0x0201b1b4                system__parameters__adjust_storage_size
                0x0201b1a4                system__parameters__default_stack_size
 .text          0x0201b1f4      0x314 /usr/local/openravenscar/lib/gcc-lib/sparc-ork-elf/2.8.1/adalib/libgnat.a(s-secsta.o)
                0x0201b500                system__secondary_stack___init_proc__2
                0x0201b4a4                system__secondary_stack___elabb
                0x0201b1f4                system__secondary_stack__ss_allocate
                0x0201b3e8                system__secondary_stack__ss_free
                0x0201b484                system__secondary_stack__ss_release
                0x0201b464                system__secondary_stack__ss_mark
                0x0201b4ec                system__secondary_stack___init_proc
                0x0201b384                system__secondary_stack__ss_init
 .text          0x0201b508      0x1fc /usr/local/openravenscar/lib/gcc-lib/sparc-ork-elf/2.8.1/adalib/libgnat.a(s-sopco3.o)
                0x0201b508                system__string_ops_concat_3__str_concat_3
 .text          0x0201b704      0x1e4 /usr/local/openravenscar/lib/gcc-lib/sparc-ork-elf/2.8.1/adalib/libgnat.a(s-stache.o)
                0x0201b704                system__stack_checking___elabs
                0x0201b71c                _gnat_stack_check
                0x0201b8a0                system__stack_checking__set_stack_size
                0x0201b8d8                system__stack_checking___init_proc
                0x0201b7a8                system__stack_checking__invalidate_stack_cache
                0x0201b8c8                system__stack_checking__update_stack_cache
 .text          0x0201b8e8       0x28 /usr/local/openravenscar/lib/gcc-lib/sparc-ork-elf/2.8.1/adalib/libgnat.a(s-stalib.o)
                0x0201b8e8                system__standard_library__abort_undefer_direct
                0x0201b904                system__standard_library___init_proc
 .text          0x0201b910       0x64 /usr/local/openravenscar/lib/gcc-lib/sparc-ork-elf/2.8.1/adalib/libgnat.a(s-stoele.o)
                0x0201b930                system__storage_elements__Omod
                0x0201b964                system__storage_elements__to_address
                0x0201b918                system__storage_elements__Oadd__2
                0x0201b920                system__storage_elements__Osubtract
                0x0201b910                system__storage_elements__Oadd
                0x0201b96c                system__storage_elements__to_integer
                0x0201b928                system__storage_elements__Osubtract__2
 .text          0x0201b974     0x102c /usr/local/openravenscar/lib/gcc-lib/sparc-ork-elf/2.8.1/adalib/libgnat.a(s-stratt.o)
                0x0201c08c                system__stream_attributes__i_si
                0x0201c344                system__stream_attributes__w_ad
                0x0201ba7c                system__stream_attributes__i_b
                0x0201c438                system__stream_attributes__w_c
                0x0201bc54                system__stream_attributes__i_lf
                0x0201c004                system__stream_attributes__i_sf
                0x0201c8c0                system__stream_attributes__w_su
                0x0201bae0                system__stream_attributes__i_c
                0x0201bd84                system__stream_attributes__i_llf
                0x0201c1cc                system__stream_attributes__i_su
                0x0201bed4                system__stream_attributes__i_llu
                0x0201c7bc                system__stream_attributes__w_sf
                0x0201c244                system__stream_attributes__i_u
                0x0201c95c                system__stream_attributes__w_wc
                0x0201b974                system__stream_attributes__i_ad
                0x0201c904                system__stream_attributes__w_u
                0x0201c764                system__stream_attributes__w_lu
                0x0201c404                system__stream_attributes__w_b
                0x0201c66c                system__stream_attributes__w_lli
                0x0201c168                system__stream_attributes__i_ssu
                0x0201bcfc                system__stream_attributes__i_li
                0x0201c858                system__stream_attributes__w_ssi
                0x0201c814                system__stream_attributes__w_si
                0x0201c51c                system__stream_attributes__w_lf
                0x0201c104                system__stream_attributes__i_ssi
                0x0201bb44                system__stream_attributes__i_f
                0x0201c598                system__stream_attributes__w_li
                0x0201c3b4                system__stream_attributes__w_as
                0x0201c4c4                system__stream_attributes__w_i
                0x0201bbcc                system__stream_attributes__i_i
                0x0201be2c                system__stream_attributes__i_lli
                0x0201c2cc                system__stream_attributes__i_wc
                0x0201c5f0                system__stream_attributes__w_llf
                0x0201c88c                system__stream_attributes__w_ssu
                0x0201b9ec                system__stream_attributes__i_as
                0x0201c46c                system__stream_attributes__w_f
                0x0201c6e8                system__stream_attributes__w_llu
                0x0201bf7c                system__stream_attributes__i_lu
 .text          0x0201c9a0      0x5b8 /usr/local/openravenscar/lib/gcc-lib/sparc-ork-elf/2.8.1/adalib/libgnat.a(s-strops.o)
                0x0201cdc4                system__string_ops__str_equal
                0x0201cc9c                system__string_ops__str_concat_sc
                0x0201ced4                system__string_ops__str_normalize
                0x0201c9a0                system__string_ops__str_concat
                0x0201cbc0                system__string_ops__str_concat_cs
                0x0201cf14                system__string_ops__wide_str_normalize
                0x0201cb60                system__string_ops__str_concat_cc
 .text          0x0201cf58      0x298 /usr/local/openravenscar/lib/gcc-lib/sparc-ork-elf/2.8.1/adalib/libgnat.a(s-soflin.o)
                0x0201d0bc                system__soft_links__set_jmpbuf_address_soft
                0x0201d028                system__soft_links__get_stack_info_nt
                0x0201d184                system__soft_links___elabb
                0x0201d01c                system__soft_links__get_current_excep_nt
                0x0201d12c                system__soft_links__set_exc_stack_addr_soft
                0x0201cf58                system__soft_links__abort_defer_nt
                0x0201cf8c                system__soft_links__check_abort_status_nt
                0x0201cfd4                system__soft_links__get_sec_stack_addr_nt
                0x0201cfc8                system__soft_links__set_jmpbuf_address_nt
                0x0201cfac                system__soft_links__task_lock_nt
                0x0201d168                system__soft_links__set_machine_state_addr_soft
                0x0201cf9c                system__soft_links__current_master_nt
                0x0201cf60                system__soft_links__abort_handler_nt
                0x0201d058                system__soft_links__destroy_tsd
                0x0201d110                system__soft_links__get_exc_stack_addr_soft
                0x0201cfbc                system__soft_links__get_jmpbuf_address_nt
                0x0201cf68                system__soft_links__abort_undefer_nt
                0x0201d034                system__soft_links__create_tsd
                0x0201cff8                system__soft_links__set_machine_state_addr_nt
                0x0201cfe0                system__soft_links__set_sec_stack_addr_nt
                0x0201cf70                system__soft_links__update_exception_nt
                0x0201d010                system__soft_links__set_exc_stack_addr_nt
                0x0201d1c4                system__soft_links___init_proc
                0x0201d0a0                system__soft_links__get_jmpbuf_address_soft
                0x0201cfa4                system__soft_links__enter_master_nt
                0x0201d14c                system__soft_links__get_machine_state_addr_soft
                0x0201d0f4                system__soft_links__set_sec_stack_addr_soft
                0x0201cfb4                system__soft_links__task_unlock_nt
                0x0201d07c                system__soft_links__get_gnat_exception
                0x0201d0d8                system__soft_links__get_sec_stack_addr_soft
                0x0201cf94                system__soft_links__complete_master_nt
                0x0201cfec                system__soft_links__get_machine_state_addr_nt
                0x0201d004                system__soft_links__get_exc_stack_addr_nt
 .text          0x0201d1f0       0x68 /usr/local/openravenscar/lib/gcc-lib/sparc-ork-elf/2.8.1/adalib/libgnat.a(s-traceb.o)
                0x0201d204                system__traceback__get_code_loc
                0x0201d22c                system__traceback__pop_frame
                0x0201d218                system__traceback__free_machine_state
                0x0201d1f0                system__traceback__allocate_machine_state
                0x0201d244                system__traceback__set_machine_state
 .text          0x0201d258       0xfc /usr/local/openravenscar/lib/gcc-lib/sparc-ork-elf/2.8.1/adalib/libgnat.a(a-argv.o)
                0x0201d320                fill_env
                0x0201d2c4                env_count
                0x0201d300                len_env
                0x0201d258                arg_count
                0x0201d264                gnat_argval
                0x0201d290                fill_arg
                0x0201d270                len_arg
 .text          0x0201d354      0x14c /usr/local/openravenscar/lib/gcc-lib/sparc-ork-elf/2.8.1/adalib/libgnat.a(a-cio.o)
                0x0201d374                put_int
                0x0201d390                get_char
                0x0201d354                get_int
                0x0201d480                put_char_stderr
                0x0201d3e0                put_char
 .text          0x0201d4a0        0xc /usr/local/openravenscar/lib/gcc-lib/sparc-ork-elf/2.8.1/adalib/libgnat.a(a-exit.o)
                0x0201d4a0                set_gnat_exit_status
 .text          0x0201d4ac      0x1f4 /usr/local/openravenscar/lib/gcc-lib/sparc-ork-elf/2.8.1/adalib/libgnat.a(a-raise.o)
                0x0201d4ac                _gnat_builtin_longjmp
                0x0201d504                __gnat_malloc
                0x0201d5bc                __gnat_free
                0x0201d4ec                __gnat_unhandled_terminate
                0x0201d5f8                __gnat_realloc
 .text          0x0201d6a0      0x410 /usr/local/openravenscar/lib/gcc-lib/sparc-ork-elf/2.8.1/adalib/libgnat.a(a-init.o)
                0x0201d894                __gnat_pop_frame
                0x0201daa8                __gnat_init_float
                0x0201d6a0                __gnat_set_globals
                0x0201daa0                __gnat_get_code_loc
                0x0201d6f8                __gnat_initialize
                0x0201d9e4                __gnat_enter_handler
                0x0201da98                __gnat_machine_state_length
                0x0201d938                __gnat_set_machine_state
 .text          0x0201dab0        0x8 /usr/local/openravenscar/lib/gcc-lib/sparc-ork-elf/2.8.1/adalib/libgnat.a(a-final.o)
                0x0201dab0                __gnat_finalize
 .text          0x0201dab8      0xc1c /usr/local/openravenscar/lib/gcc-lib/sparc-ork-elf/2.8.1/adalib/libgnat.a(s-fatllf.o)
                0x0201dbbc                system__fat_llf__fat_long_long_float__copy_sign
                0x0201de2c                system__fat_llf__fat_long_long_float__gradual_scaling
                0x0201e600                system__fat_llf__fat_long_long_float__unbiased_rounding
                0x0201dec4                system__fat_llf__fat_long_long_float__exponent
                0x0201db88                system__fat_llf__fat_long_long_float__compose
                0x0201def0                system__fat_llf__fat_long_long_float__floor
                0x0201dab8                system__fat_llf__fat_long_long_float__adjacent
                0x0201e01c                system__fat_llf__fat_long_long_float__pred
                0x0201df5c                system__fat_llf__fat_long_long_float__fraction
                0x0201e0dc                system__fat_llf__fat_long_long_float__remainder
                0x0201e324                system__fat_llf__fat_long_long_float__scaling
                0x0201db1c                system__fat_llf__fat_long_long_float__ceiling
                0x0201dc20                system__fat_llf__fat_long_long_float__decompose
                0x0201e44c                system__fat_llf__fat_long_long_float__succ
                0x0201df88                system__fat_llf__fat_long_long_float__leading_part
                0x0201e28c                system__fat_llf__fat_long_long_float__rounding
                0x0201e004                system__fat_llf__fat_long_long_float__model
                0x0201e6ac                system__fat_llf__fat_long_long_float__valid
                0x0201e53c                system__fat_llf__fat_long_long_float__truncation
                0x0201dff0                system__fat_llf__fat_long_long_float__machine
 .text          0x0201e6d4      0x18c /usr/local/openravenscar/lib/gcc-lib/sparc-ork-elf/2.8.1/adalib/libgnat.a(s-imgllu.o)
                0x0201e6d4                system__img_llu__image_long_long_unsigned
                0x0201e81c                system__img_llu__set_image_long_long_unsigned
 .text          0x0201e860      0x894 /usr/local/openravenscar/lib/gcc-lib/sparc-ork-elf/2.8.1/adalib/libgnat.a(a-adaint.o)
                0x0201e9f0                get_object_suffix_ptr
                0x0201e99c                Get_Default_Identifier_Character_Set
                0x0201e984                Get_Maximum_File_Name_Length
                0x0201e994                Get_File_Names_Case_Sensitive
                0x0201ec0c                file_time_name
                0x0201e9ac                Get_Pathsep_Char
                0x0201ea8c                open_read
                0x0201e9a4                Get_Dirsep_Char
                0x0201eca4                is_regular_file
                0x0201e98c                Get_Switch_Character
                0x0201ee58                locate_regular_file
                0x0201f0a8                to_canonical_file_list_next
                0x0201f0d4                to_host_dir_spec
                0x0201ec84                __gnat_file_exists
                0x0201eb78                __gnat_mkdir
                0x0201f0cc                to_canonical_path_spec
                0x0201ed24                is_writable_file
                0x0201eb50                open_new_temp
                0x0201ed58                portable_spawn
                0x0201f0bc                to_canonical_dir_spec
                0x0201ec44                get_env_value_ptr
                0x0201ec28                file_time_fd
                0x0201ec04                readdir_is_thread_safe
                0x0201eb28                open_new
                0x0201e860                to_gm_time
                0x0201e8d4                Try_Lock
                0x0201f0c4                to_canonical_file_spec
                0x0201ee14                portable_wait
                0x0201f0a0                to_canonical_file_list_init
                0x0201f0ec                convert_addresses
                0x0201ea24                get_executable_suffix_ptr
                0x0201ece4                is_directory
                0x0201eb00                open_append
                0x0201ead8                open_create
                0x0201eab0                open_rw
                0x0201eb90                file_length
                0x0201ebd0                readdir_gnat
                0x0201f0e4                adjust_os_resource_limits
                0x0201efe4                locate_exec
                0x0201edd4                portable_no_block_spawn
                0x0201ee44                os_exit
                0x0201ec78                Get_Libraries_From_Registry
                0x0201f0b4                to_canonical_file_list_free
                0x0201e9b4                Get_Current_Dir
                0x0201f0dc                to_host_file_spec
                0x0201f058                locate_exec_on_path
                0x0201ea58                get_debuggable_suffix_ptr
 .text          0x0201f0f4      0x294 /usr/local/openravenscar/sparc-ork-elf/lib/libm.a(s_atan.o)
                0x0201f0f4                atan
 .text          0x0201f388       0xf0 /usr/local/openravenscar/sparc-ork-elf/lib/libm.a(s_cos.o)
                0x0201f388                cos
 .text          0x0201f478       0x2c /usr/local/openravenscar/sparc-ork-elf/lib/libm.a(s_fabs.o)
                0x0201f478                fabs
 .text          0x0201f4a4       0xf0 /usr/local/openravenscar/sparc-ork-elf/lib/libm.a(s_sin.o)
                0x0201f4a4                sin
 .text          0x0201f594       0x9c /usr/local/openravenscar/sparc-ork-elf/lib/libm.a(s_tan.o)
                0x0201f594                tan
 .text          0x0201f630      0x134 /usr/local/openravenscar/sparc-ork-elf/lib/libm.a(s_tanh.o)
                0x0201f630                tanh
 .text          0x0201f764       0xf8 /usr/local/openravenscar/sparc-ork-elf/lib/libm.a(w_acos.o)
                0x0201f764                acos
 .text          0x0201f85c       0xf8 /usr/local/openravenscar/sparc-ork-elf/lib/libm.a(w_asin.o)
                0x0201f85c                asin
 .text          0x0201f954      0x1c0 /usr/local/openravenscar/sparc-ork-elf/lib/libm.a(w_exp.o)
                0x0201f954                exp
 .text          0x0201fb14      0x184 /usr/local/openravenscar/sparc-ork-elf/lib/libm.a(w_log.o)
                0x0201fb14                log
 .text          0x0201fc98      0x60c /usr/local/openravenscar/sparc-ork-elf/lib/libm.a(w_pow.o)
                0x0201fc98                pow
 .text          0x020202a4      0x118 /usr/local/openravenscar/sparc-ork-elf/lib/libm.a(w_sqrt.o)
                0x020202a4                sqrt
 .text          0x020203bc      0x3ac /usr/local/openravenscar/sparc-ork-elf/lib/libm.a(e_acos.o)
                0x020203bc                __ieee754_acos
 .text          0x02020768      0x340 /usr/local/openravenscar/sparc-ork-elf/lib/libm.a(e_asin.o)
                0x02020768                __ieee754_asin
 .text          0x02020aa8      0x2f0 /usr/local/openravenscar/sparc-ork-elf/lib/libm.a(e_exp.o)
                0x02020aa8                __ieee754_exp
 .text          0x02020d98      0x310 /usr/local/openravenscar/sparc-ork-elf/lib/libm.a(e_log.o)
                0x02020d98                __ieee754_log
 .text          0x020210a8      0x99c /usr/local/openravenscar/sparc-ork-elf/lib/libm.a(e_pow.o)
                0x020210a8                __ieee754_pow
 .text          0x02021a44      0x3d8 /usr/local/openravenscar/sparc-ork-elf/lib/libm.a(e_rem_pio2.o)
                0x02021a44                __ieee754_rem_pio2
 .text          0x02021e1c      0x264 /usr/local/openravenscar/sparc-ork-elf/lib/libm.a(e_sqrt.o)
                0x02021e1c                __ieee754_sqrt
 .text          0x02022080      0x17c /usr/local/openravenscar/sparc-ork-elf/lib/libm.a(k_cos.o)
                0x02022080                __kernel_cos
 .text          0x020221fc      0x838 /usr/local/openravenscar/sparc-ork-elf/lib/libm.a(k_rem_pio2.o)
                0x020221fc                __kernel_rem_pio2
 .text          0x02022a34      0x11c /usr/local/openravenscar/sparc-ork-elf/lib/libm.a(k_sin.o)
                0x02022a34                __kernel_sin
 .text          0x02022b50      0x2b4 /usr/local/openravenscar/sparc-ork-elf/lib/libm.a(k_tan.o)
                0x02022b50                __kernel_tan
 .text          0x02022e04      0x40c /usr/local/openravenscar/sparc-ork-elf/lib/libm.a(s_expm1.o)
                0x02022e04                expm1
 .text          0x02023210       0x18 /usr/local/openravenscar/sparc-ork-elf/lib/libm.a(s_finite.o)
                0x02023210                finite
 .text          0x02023228      0x1a0 /usr/local/openravenscar/sparc-ork-elf/lib/libm.a(s_floor.o)
                0x02023228                floor
 .text          0x020233c8       0x28 /usr/local/openravenscar/sparc-ork-elf/lib/libm.a(s_isnan.o)
                0x020233c8                isnan
 .text          0x020233f0        0x8 /usr/local/openravenscar/sparc-ork-elf/lib/libm.a(s_matherr.o)
                0x020233f0                matherr
 .text          0x020233f8      0x1c8 /usr/local/openravenscar/sparc-ork-elf/lib/libm.a(s_rint.o)
                0x020233f8                rint
 .text          0x020235c0      0x1d8 /usr/local/openravenscar/sparc-ork-elf/lib/libm.a(s_scalbn.o)
                0x020235c0                scalbn
 .text          0x02023798       0x40 /usr/local/openravenscar/sparc-ork-elf/lib/libm.a(s_copysign.o)
                0x02023798                copysign
 .text          0x020237d8        0x8 /usr/local/openravenscar/lib/gcc-lib/sparc-ork-elf/2.8.1/libgcc.a(__dummy.o)
                0x020237d8                __dummy
 .text          0x020237e0       0x48 /usr/local/openravenscar/lib/gcc-lib/sparc-ork-elf/2.8.1/libgcc.a(_ashldi3.o)
                0x020237e0                __ashldi3
 .text          0x02023828       0x38 /usr/local/openravenscar/lib/gcc-lib/sparc-ork-elf/2.8.1/libgcc.a(_cmpdi2.o)
                0x02023828                __cmpdi2
 .text          0x02023860      0x3c0 /usr/local/openravenscar/lib/gcc-lib/sparc-ork-elf/2.8.1/libgcc.a(_divdi3.o)
                0x02023860                __divdi3
 .text          0x02023c20      0x1f4 /usr/local/openravenscar/lib/gcc-lib/sparc-ork-elf/2.8.1/libgcc.a(_divsi3.o)
                0x02023c20                udiv
                0x02023c2c                div
 .text          0x02023e14       0x58 /usr/local/openravenscar/lib/gcc-lib/sparc-ork-elf/2.8.1/libgcc.a(_fixsfdi.o)
                0x02023e14                __fixsfdi
 .text          0x02023e6c      0x1c0 /usr/local/openravenscar/lib/gcc-lib/sparc-ork-elf/2.8.1/libgcc.a(_fixunsdfdi.o)
                0x02023e6c                __fixunsdfdi
 .text          0x0202402c      0x1c8 /usr/local/openravenscar/lib/gcc-lib/sparc-ork-elf/2.8.1/libgcc.a(_fixunssfdi.o)
                0x0202402c                __fixunssfdi
 .text          0x020241f4       0x54 /usr/local/openravenscar/lib/gcc-lib/sparc-ork-elf/2.8.1/libgcc.a(_floatdidf.o)
                0x020241f4                __floatdidf
 .text          0x02024248       0xa8 /usr/local/openravenscar/lib/gcc-lib/sparc-ork-elf/2.8.1/libgcc.a(_floatdisf.o)
                0x02024248                __floatdisf
 .text          0x020242f0       0x48 /usr/local/openravenscar/lib/gcc-lib/sparc-ork-elf/2.8.1/libgcc.a(_lshrdi3.o)
                0x020242f0                __lshrdi3
 .text          0x02024338      0x1f4 /usr/local/openravenscar/lib/gcc-lib/sparc-ork-elf/2.8.1/libgcc.a(_modsi3.o)
                0x02024338                urem
                0x02024344                rem
 .text          0x0202452c       0xe0 /usr/local/openravenscar/lib/gcc-lib/sparc-ork-elf/2.8.1/libgcc.a(_muldi3.o)
                0x0202452c                __muldi3
 .text          0x0202460c       0xe8 /usr/local/openravenscar/lib/gcc-lib/sparc-ork-elf/2.8.1/libgcc.a(_mulsi3.o)
                0x0202460c                umul
 .text          0x020246f4      0x340 /usr/local/openravenscar/lib/gcc-lib/sparc-ork-elf/2.8.1/libgcc.a(_udivdi3.o)
                0x020246f4                __udivdi3
 .text          0x02024a34      0x39c /usr/local/openravenscar/lib/gcc-lib/sparc-ork-elf/2.8.1/libgcc.a(_umoddi3.o)
                0x02024a34                __umoddi3
 .text          0x02024dd0      0xa48 /usr/local/openravenscar/lib/gcc-lib/sparc-ork-elf/2.8.1/libgcc.a(frame.o)
                0x020256f4                __frame_state_for
                0x0202568c                __deregister_frame_info
                0x02025664                __register_frame_info_table
                0x0202563c                __register_frame_info
 .text          0x02025818       0x20 /usr/local/openravenscar/sparc-ork-elf/lib/libc.a(abort.o)
                0x02025818                abort
 .text          0x02025838       0x1c /usr/local/openravenscar/sparc-ork-elf/lib/libc.a(atoi.o)
                0x02025838                atoi
 .text          0x02025854        0xc /usr/local/openravenscar/sparc-ork-elf/lib/libc.a(errno.o)
                0x02025854                __errno
 .text          0x02025860       0x8c /usr/local/openravenscar/sparc-ork-elf/lib/libc.a(exit.o)
                0x02025860                exit
 .text          0x020258ec       0x90 /usr/local/openravenscar/sparc-ork-elf/lib/libc.a(fputc.o)
                0x020258ec                fputc
 .text          0x0202597c       0x40 /usr/local/openravenscar/sparc-ork-elf/lib/libc.a(getenv.o)
                0x0202599c                getenv
                0x0202597c                _findenv
 .text          0x020259bc      0x100 /usr/local/openravenscar/sparc-ork-elf/lib/libc.a(getenv_r.o)
                0x020259bc                _findenv_r
                0x02025aa0                _getenv_r
 .text          0x02025abc       0x1c /usr/local/openravenscar/sparc-ork-elf/lib/libc.a(gmtime.o)
                0x02025abc                gmtime
 .text          0x02025ad8       0x20 /usr/local/openravenscar/sparc-ork-elf/lib/libc.a(lcltime.o)
                0x02025ad8                localtime
 .text          0x02025af8      0x21c /usr/local/openravenscar/sparc-ork-elf/lib/libc.a(lcltime_r.o)
                0x02025af8                localtime_r
 .text          0x02025d14       0x38 /usr/local/openravenscar/sparc-ork-elf/lib/libc.a(malloc.o)
                0x02025d14                malloc
                0x02025d30                free
 .text          0x02025d4c      0x774 /usr/local/openravenscar/sparc-ork-elf/lib/libc.a(mallocr.o)
                0x02025f18                _malloc_r
 .text          0x020264c0       0x80 /usr/local/openravenscar/sparc-ork-elf/lib/libc.a(memcmp.o)
                0x020264c0                memcmp
 .text          0x02026540       0xc4 /usr/local/openravenscar/sparc-ork-elf/lib/libc.a(memcpy.o)
                0x02026540                memcpy
 .text          0x02026604       0xa4 /usr/local/openravenscar/sparc-ork-elf/lib/libc.a(memset.o)
                0x02026604                memset
 .text          0x020266a8       0x10 /usr/local/openravenscar/sparc-ork-elf/lib/libc.a(mlock.o)
                0x020266b0                __malloc_unlock
                0x020266a8                __malloc_lock
 .text          0x020266b8       0x70 /usr/local/openravenscar/sparc-ork-elf/lib/libc.a(printf.o)
                0x020266e8                printf
                0x020266b8                _printf_r
 .text          0x02026728       0x20 /usr/local/openravenscar/sparc-ork-elf/lib/libc.a(realloc.o)
                0x02026728                realloc
 .text          0x02026748      0x50c /usr/local/openravenscar/sparc-ork-elf/lib/libc.a(reallocr.o)
                0x02026748                _realloc_r
 .text          0x02026c54       0x40 /usr/local/openravenscar/sparc-ork-elf/lib/libc.a(rget.o)
                0x02026c54                __srget
 .text          0x02026c94       0x34 /usr/local/openravenscar/sparc-ork-elf/lib/libc.a(sbrkr.o)
                0x02026c94                _sbrk_r
 .text          0x02026cc8       0x64 /usr/local/openravenscar/sparc-ork-elf/lib/libc.a(scanf.o)
                0x02026d00                _scanf_r
                0x02026cc8                scanf
 .text          0x02026d2c      0x24c /usr/local/openravenscar/sparc-ork-elf/lib/libc.a(signal.o)
                0x02026d88                _signal_r
                0x02026de4                _raise_r
                0x02026e80                __sigtramp_r
                0x02026f24                signal
                0x02026f44                _init_signal
                0x02026d2c                _init_signal_r
                0x02026f5c                __sigtramp
                0x02026f08                raise
 .text          0x02026f78       0x4c /usr/local/openravenscar/sparc-ork-elf/lib/libc.a(signalr.o)
                0x02026f78                _kill_r
                0x02026fb0                _getpid_r
 .text          0x02026fc4       0xb4 /usr/local/openravenscar/sparc-ork-elf/lib/libc.a(sprintf.o)
                0x02026fc4                _sprintf_r
                0x02027018                sprintf
 .text          0x02027078       0x8c /usr/local/openravenscar/sparc-ork-elf/lib/libc.a(strcat.o)
                0x02027078                strcat
 .text          0x02027104       0xb8 /usr/local/openravenscar/sparc-ork-elf/lib/libc.a(strcmp.o)
                0x02027104                strcmp
 .text          0x020271bc       0x8c /usr/local/openravenscar/sparc-ork-elf/lib/libc.a(strcpy.o)
                0x020271bc                strcpy
 .text          0x02027248       0x78 /usr/local/openravenscar/sparc-ork-elf/lib/libc.a(strlen.o)
                0x02027248                strlen
 .text          0x020272c0       0xcc /usr/local/openravenscar/sparc-ork-elf/lib/libc.a(strncmp.o)
                0x020272c0                strncmp
 .text          0x0202738c       0xd4 /usr/local/openravenscar/sparc-ork-elf/lib/libc.a(strncpy.o)
                0x0202738c                strncpy
 .text          0x02027460       0x68 /usr/local/openravenscar/sparc-ork-elf/lib/libc.a(strstr.o)
                0x02027460                strstr
 .text          0x020274c8      0x1f8 /usr/local/openravenscar/sparc-ork-elf/lib/libc.a(strtol.o)
                0x0202769c                strtol
                0x020274c8                _strtol_r
 .text          0x020276c0     0x19c4 /usr/local/openravenscar/sparc-ork-elf/lib/libc.a(vfprintf.o)
                0x020277c4                _vfprintf_r
                0x020277a4                vfprintf
 .text          0x02029084      0xf30 /usr/local/openravenscar/sparc-ork-elf/lib/libc.a(vfscanf.o)
                0x02029084                __svfscanf
                0x02029ed4                __sccl
 .text          0x02029fb4      0x10c /usr/local/openravenscar/sparc-ork-elf/lib/libc.a(wbuf.o)
                0x02029fb4                __swbuf
 .text          0x0202a0c0      0x10c /usr/local/openravenscar/sparc-ork-elf/lib/libc.a(wsetup.o)
                0x0202a0c0                __swsetup
 .text          0x0202a1cc       0x18 /usr/local/openravenscar/sparc-ork-elf/lib/libc.a(atof.o)
                0x0202a1cc                atof
 .text          0x0202a1e4     0x1250 /usr/local/openravenscar/sparc-ork-elf/lib/libc.a(dtoa.o)
                0x0202a3d0                _dtoa_r
 .text          0x0202b434       0x10 /usr/local/openravenscar/sparc-ork-elf/lib/libc.a(envlock.o)
                0x0202b43c                __env_unlock
                0x0202b434                __env_lock
 .text          0x0202b444       0xf0 /usr/local/openravenscar/sparc-ork-elf/lib/libc.a(fflush.o)
                0x0202b444                fflush
 .text          0x0202b534      0x228 /usr/local/openravenscar/sparc-ork-elf/lib/libc.a(findfp.o)
                0x0202b6ec                __sinit
                0x0202b590                __sfmoreglue
                0x0202b6d4                _cleanup
                0x0202b6b8                _cleanup_r
                0x0202b5e8                __sfp
 .text          0x0202b75c       0xcc /usr/local/openravenscar/sparc-ork-elf/lib/libc.a(fread.o)
                0x0202b75c                fread
 .text          0x0202b828      0x3c0 /usr/local/openravenscar/sparc-ork-elf/lib/libc.a(freer.o)
                0x0202b828                _free_r
                0x0202bac4                _malloc_trim_r
 .text          0x0202bbe8      0x380 /usr/local/openravenscar/sparc-ork-elf/lib/libc.a(fvwrite.o)
                0x0202bbe8                __sfvwrite
 .text          0x0202bf68       0x60 /usr/local/openravenscar/sparc-ork-elf/lib/libc.a(fwalk.o)
                0x0202bf68                _fwalk
 .text          0x0202bfc8       0xa4 /usr/local/openravenscar/sparc-ork-elf/lib/libc.a(locale.o)
                0x0202bfc8                _setlocale_r
                0x0202c028                _localeconv_r
                0x0202c034                setlocale
                0x0202c054                localeconv
 .text          0x0202c06c      0x144 /usr/local/openravenscar/sparc-ork-elf/lib/libc.a(makebuf.o)
                0x0202c06c                __smakebuf
 .text          0x0202c1b0       0x58 /usr/local/openravenscar/sparc-ork-elf/lib/libc.a(mbtowc_r.o)
                0x0202c1b0                _mbtowc_r
 .text          0x0202c208       0xd4 /usr/local/openravenscar/sparc-ork-elf/lib/libc.a(memchr.o)
                0x0202c208                memchr
 .text          0x0202c2dc      0x110 /usr/local/openravenscar/sparc-ork-elf/lib/libc.a(memmove.o)
                0x0202c2dc                memmove
 .text          0x0202c3ec      0xd14 /usr/local/openravenscar/sparc-ork-elf/lib/libc.a(mprec.o)
                0x0202d0b4                _mprec_log10
                0x0202c660                _hi0bits
                0x0202c3ec                _Balloc
                0x0202cef0                _d2b
                0x0202c7d0                _multiply
                0x0202d024                _ratio
                0x0202c5a0                _s2b
                0x0202c7ac                _i2b
                0x0202c6e0                _lo0bits
                0x0202cba0                __mcmp
                0x0202c9bc                _pow5mult
                0x0202cd64                _ulp
                0x0202cdf0                _b2d
                0x0202c4bc                _multadd
                0x0202cc08                __mdiff
                0x0202caa4                _lshift
                0x0202c484                _Bfree
 .text          0x0202d100      0x19c /usr/local/openravenscar/sparc-ork-elf/lib/libc.a(refill.o)
                0x0202d114                __srefill
 .text          0x0202d29c       0x38 /usr/local/openravenscar/sparc-ork-elf/lib/libc.a(s_isinf.o)
                0x0202d29c                isinf
 .text          0x0202d2d4      0x104 /usr/local/openravenscar/sparc-ork-elf/lib/libc.a(stdio.o)
                0x0202d370                __sseek
                0x0202d2d4                __sread
                0x0202d3c0                __sclose
                0x0202d320                __swrite
 .text          0x0202d3d8      0xedc /usr/local/openravenscar/sparc-ork-elf/lib/libc.a(strtod.o)
                0x0202d3d8                _strtod_r
                0x0202e298                strtodf
                0x0202e278                strtod
 .text          0x0202e2b4      0x1d8 /usr/local/openravenscar/sparc-ork-elf/lib/libc.a(strtoul.o)
                0x0202e468                strtoul
                0x0202e2b4                _strtoul_r
 .text          0x0202e48c      0x228 /usr/local/openravenscar/sparc-ork-elf/lib/libc.a(ungetc.o)
                0x0202e53c                ungetc
                0x0202e48c                __submore
 .text          0x0202e6b4       0x3c /usr/local/openravenscar/sparc-ork-elf/lib/libc.a(writer.o)
                0x0202e6b4                _write_r
 .text          0x0202e6f0       0xa8 /usr/local/openravenscar/sparc-ork-elf/lib/libc.a(callocr.o)
                0x0202e6f0                _calloc_r
 .text          0x0202e798       0x34 /usr/local/openravenscar/sparc-ork-elf/lib/libc.a(closer.o)
                0x0202e798                _close_r
 .text          0x0202e7cc       0x38 /usr/local/openravenscar/sparc-ork-elf/lib/libc.a(fstatr.o)
                0x0202e7cc                _fstat_r
 .text          0x0202e804       0x3c /usr/local/openravenscar/sparc-ork-elf/lib/libc.a(lseekr.o)
                0x0202e804                _lseek_r
 .text          0x0202e840       0x3c /usr/local/openravenscar/sparc-ork-elf/lib/libc.a(readr.o)
                0x0202e840                _read_r
 .text          0x0202e87c      0x134 /usr/local/openravenscar/sparc-ork-elf/lib/libork.a(ada_exceptions.o)
                0x0202e87c                Instruction_Access_Exception
                0x0202e958                Division_By_Zero
                0x0202e92c                Stack_Overflow
                0x0202e8a8                Illegal_Instruction
                0x0202e984                Integer_Overflow
                0x0202e900                FP_Exception
                0x0202e8d4                Address_Not_Aligned
 .text          0x0202e9b0       0x1c /usr/local/openravenscar/sparc-ork-elf/lib/libork.a(close.o)
                0x0202e9b0                close
 .text          0x0202e9cc       0x30 /usr/local/openravenscar/sparc-ork-elf/lib/libork.a(execv.o)
                0x0202e9cc                execv
 .text          0x0202e9fc       0x28 /usr/local/openravenscar/sparc-ork-elf/lib/libork.a(fork.o)
                0x0202e9fc                fork
 .text          0x0202ea24       0x30 /usr/local/openravenscar/sparc-ork-elf/lib/libork.a(fstat.o)
                0x0202ea24                fstat
 .text          0x0202ea54       0x30 /usr/local/openravenscar/sparc-ork-elf/lib/libork.a(getcwd.o)
                0x0202ea54                getcwd
 .text          0x0202ea84       0x30 /usr/local/openravenscar/sparc-ork-elf/lib/libork.a(getpid.o)
                0x0202ea84                getpid
                0x0202ea9c                getppid
 .text          0x0202eab4       0x84 /usr/local/openravenscar/sparc-ork-elf/lib/libork.a(isatty.o)
                0x0202eab4                isatty
 .text          0x0202eb38       0x3c /usr/local/openravenscar/sparc-ork-elf/lib/libork.a(kill.o)
                0x0202eb38                kill
 .text          0x0202eb74       0x30 /usr/local/openravenscar/sparc-ork-elf/lib/libork.a(link.o)
                0x0202eb74                link
 .text          0x0202eba4       0x34 /usr/local/openravenscar/sparc-ork-elf/lib/libork.a(lseek.o)
                0x0202eba4                lseek
 .text          0x0202ebd8       0x34 /usr/local/openravenscar/sparc-ork-elf/lib/libork.a(open.o)
                0x0202ebd8                open
 .text          0x0202ec0c      0x148 /usr/local/openravenscar/sparc-ork-elf/lib/libork.a(read.o)
                0x0202ec0c                read
 .text          0x0202ed54       0x34 /usr/local/openravenscar/sparc-ork-elf/lib/libork.a(readdir.o)
                0x0202ed54                readdir
 .text          0x0202ed88       0x20 /usr/local/openravenscar/sparc-ork-elf/lib/libork.a(mkdir.o)
                0x0202ed88                mkdir
 .text          0x0202eda8       0xb0 /usr/local/openravenscar/sparc-ork-elf/lib/libork.a(sbrk.o)
                0x0202eda8                sbrk
 .text          0x0202ee58       0x30 /usr/local/openravenscar/sparc-ork-elf/lib/libork.a(stat.o)
                0x0202ee58                stat
 .text          0x0202ee88       0x2c /usr/local/openravenscar/sparc-ork-elf/lib/libork.a(unlink.o)
                0x0202ee88                unlink
 .text          0x0202eeb4       0x2c /usr/local/openravenscar/sparc-ork-elf/lib/libork.a(wait.o)
                0x0202eeb4                wait
 .text          0x0202eee0       0xec /usr/local/openravenscar/sparc-ork-elf/lib/libork.a(write.o)
                0x0202eee0                write
 *fill*         0x0202efcc        0x4
                0x0202efd0                .=ALIGN(0x10)
 *(.eh_frame)
 .eh_frame      0x0202efd0      0x11c /usr/local/openravenscar/lib/gcc-lib/sparc-ork-elf/2.8.1/adalib/libgnat.a(a-init.o)
 .eh_frame      0x0202f0ec       0x24 /usr/local/openravenscar/lib/gcc-lib/sparc-ork-elf/2.8.1/libgcc.a(__dummy.o)
 .eh_frame      0x0202f110       0x24 /usr/local/openravenscar/lib/gcc-lib/sparc-ork-elf/2.8.1/libgcc.a(_ashldi3.o)
 .eh_frame      0x0202f134       0x24 /usr/local/openravenscar/lib/gcc-lib/sparc-ork-elf/2.8.1/libgcc.a(_cmpdi2.o)
 .eh_frame      0x0202f158       0x2c /usr/local/openravenscar/lib/gcc-lib/sparc-ork-elf/2.8.1/libgcc.a(_divdi3.o)
 .eh_frame      0x0202f184       0x2c /usr/local/openravenscar/lib/gcc-lib/sparc-ork-elf/2.8.1/libgcc.a(_fixsfdi.o)
 .eh_frame      0x0202f1b0       0x2c /usr/local/openravenscar/lib/gcc-lib/sparc-ork-elf/2.8.1/libgcc.a(_fixunsdfdi.o)
 .eh_frame      0x0202f1dc       0x2c /usr/local/openravenscar/lib/gcc-lib/sparc-ork-elf/2.8.1/libgcc.a(_fixunssfdi.o)
 .eh_frame      0x0202f208       0x28 /usr/local/openravenscar/lib/gcc-lib/sparc-ork-elf/2.8.1/libgcc.a(_floatdidf.o)
 .eh_frame      0x0202f230       0x28 /usr/local/openravenscar/lib/gcc-lib/sparc-ork-elf/2.8.1/libgcc.a(_floatdisf.o)
 .eh_frame      0x0202f258       0x24 /usr/local/openravenscar/lib/gcc-lib/sparc-ork-elf/2.8.1/libgcc.a(_lshrdi3.o)
 .eh_frame      0x0202f27c       0x2c /usr/local/openravenscar/lib/gcc-lib/sparc-ork-elf/2.8.1/libgcc.a(_muldi3.o)
 .eh_frame      0x0202f2a8       0x2c /usr/local/openravenscar/lib/gcc-lib/sparc-ork-elf/2.8.1/libgcc.a(_udivdi3.o)
 .eh_frame      0x0202f2d4       0x2c /usr/local/openravenscar/lib/gcc-lib/sparc-ork-elf/2.8.1/libgcc.a(_umoddi3.o)
 .eh_frame      0x0202f300      0x11c /usr/local/openravenscar/lib/gcc-lib/sparc-ork-elf/2.8.1/libgcc.a(frame.o)
 *fill*         0x0202f41c        0x4
                0x0202f420                .=ALIGN(0x10)
 *(.rodata)
 .rodata        0x0202f420       0x10 ./scenario_v1.o
 .rodata        0x0202f430      0x1b8 ./devicesfss_v1.o
 .rodata        0x0202f5e8       0x4c ./workload.o
 *fill*         0x0202f634        0x4
 .rodata        0x0202f638       0x6c ./tools.o
 *fill*         0x0202f6a4        0x4
 .rodata        0x0202f6a8      0x15d ./fss.o
 *fill*         0x0202f805        0x3
 .rodata        0x0202f808        0x8 /usr/local/openravenscar/lib/gcc-lib/sparc-ork-elf/2.8.1/adalib/libgnarl.a(a-reatim.o)
 .rodata        0x0202f810        0x8 /usr/local/openravenscar/lib/gcc-lib/sparc-ork-elf/2.8.1/adalib/libgnarl.a(a-retide.o)
 .rodata        0x0202f818       0x24 /usr/local/openravenscar/lib/gcc-lib/sparc-ork-elf/2.8.1/adalib/libgnarl.a(s-taprob.o)
 *fill*         0x0202f83c        0x4
 .rodata        0x0202f840       0xd0 /usr/local/openravenscar/lib/gcc-lib/sparc-ork-elf/2.8.1/adalib/libgnarl.a(s-taprop.o)
 .rodata        0x0202f910       0x50 /usr/local/openravenscar/lib/gcc-lib/sparc-ork-elf/2.8.1/adalib/libgnarl.a(s-tarest.o)
 .rodata        0x0202f960      0x14a /usr/local/openravenscar/lib/gcc-lib/sparc-ork-elf/2.8.1/adalib/libgnarl.a(s-tasdeb.o)
 *fill*         0x0202faaa        0x2
 .rodata        0x0202faac      0x300 /usr/local/openravenscar/lib/gcc-lib/sparc-ork-elf/2.8.1/adalib/libgnarl.a(s-taskin.o)
 .rodata        0x0202fdac        0x8 /usr/local/openravenscar/lib/gcc-lib/sparc-ork-elf/2.8.1/adalib/libgnarl.a(kernel-interrupts.o)
 .rodata        0x0202fdb4        0x4 /usr/local/openravenscar/lib/gcc-lib/sparc-ork-elf/2.8.1/adalib/libgnarl.a(kernel-threads-queues.o)
 .rodata        0x0202fdb8       0x7c /usr/local/openravenscar/lib/gcc-lib/sparc-ork-elf/2.8.1/adalib/libgnarl.a(kernel-peripherals.o)
 *fill*         0x0202fe34        0x4
 .rodata        0x0202fe38      0x184 /usr/local/openravenscar/lib/gcc-lib/sparc-ork-elf/2.8.1/adalib/libgnat.a(a-except.o)
 *fill*         0x0202ffbc        0x4
 .rodata        0x0202ffc0        0xd /usr/local/openravenscar/lib/gcc-lib/sparc-ork-elf/2.8.1/adalib/libgnat.a(a-finali.o)
 *fill*         0x0202ffcd        0x3
 .rodata        0x0202ffd0      0x82c /usr/local/openravenscar/lib/gcc-lib/sparc-ork-elf/2.8.1/adalib/libgnat.a(a-nuelfu.o)
 *fill*         0x020307fc        0x4
 .rodata        0x02030800       0x42 /usr/local/openravenscar/lib/gcc-lib/sparc-ork-elf/2.8.1/adalib/libgnat.a(a-tags.o)
 *fill*         0x02030842        0x6
 .rodata        0x02030848        0xd /usr/local/openravenscar/lib/gcc-lib/sparc-ork-elf/2.8.1/adalib/libgnat.a(g-except.o)