Archive member included       because of file (symbol)

/usr/local/openravenscar/lib/gcc-lib/sparc-ork-elf/2.8.1/adalib/libgnarl.a(a-reatim.o)
                              ./devicesfss_v1.o (ada__real_time__clock)
/usr/local/openravenscar/lib/gcc-lib/sparc-ork-elf/2.8.1/adalib/libgnarl.a(a-retide.o)
                              ./fss.o (ada__real_time__delays__delay_until)
/usr/local/openravenscar/lib/gcc-lib/sparc-ork-elf/2.8.1/adalib/libgnarl.a(s-taprob.o)
                              ./devicesfss_v1.o (system__tasking__protected_objects__initialize_protection)
/usr/local/openravenscar/lib/gcc-lib/sparc-ork-elf/2.8.1/adalib/libgnarl.a(s-taprop.o)
                              /usr/local/openravenscar/lib/gcc-lib/sparc-ork-elf/2.8.1/adalib/libgnarl.a(a-retide.o) (system__task_primitives__operations__self)
/usr/local/openravenscar/lib/gcc-lib/sparc-ork-elf/2.8.1/adalib/libgnarl.a(s-tarest.o)
                              ./fss.o (system__tasking__restricted__stages__create_restricted_task)
/usr/local/openravenscar/lib/gcc-lib/sparc-ork-elf/2.8.1/adalib/libgnarl.a(s-tasdeb.o)
                              b~main.o (system__tasking__debug___elabs)
/usr/local/openravenscar/lib/gcc-lib/sparc-ork-elf/2.8.1/adalib/libgnarl.a(s-taskin.o)
                              /usr/local/openravenscar/lib/gcc-lib/sparc-ork-elf/2.8.1/adalib/libgnarl.a(s-tasdeb.o) (system__tasking__task_statesT)
/usr/local/openravenscar/lib/gcc-lib/sparc-ork-elf/2.8.1/adalib/libgnarl.a(s-taspri.o)
                              /usr/local/openravenscar/lib/gcc-lib/sparc-ork-elf/2.8.1/adalib/libgnarl.a(s-taskin.o) (system__task_primitives___init_proc)
/usr/local/openravenscar/lib/gcc-lib/sparc-ork-elf/2.8.1/adalib/libgnarl.a(kernel-interrupts.o)
                              b~main.o (kernel__interrupts___elabb)
/usr/local/openravenscar/lib/gcc-lib/sparc-ork-elf/2.8.1/adalib/libgnarl.a(kernel-threads.o)
                              b~main.o (kernel__threads___elabs)
/usr/local/openravenscar/lib/gcc-lib/sparc-ork-elf/2.8.1/adalib/libgnarl.a(kernel-threads-atcb.o)
                              /usr/local/openravenscar/lib/gcc-lib/sparc-ork-elf/2.8.1/adalib/libgnarl.a(s-taprop.o) (kernel__threads__atcb__set_atcb)
/usr/local/openravenscar/lib/gcc-lib/sparc-ork-elf/2.8.1/adalib/libgnarl.a(kernel-threads-queues.o)
                              /usr/local/openravenscar/lib/gcc-lib/sparc-ork-elf/2.8.1/adalib/libgnarl.a(s-taprop.o) (running_thread)
/usr/local/openravenscar/lib/gcc-lib/sparc-ork-elf/2.8.1/adalib/libgnarl.a(kernel-threads-protection.o)
                              /usr/local/openravenscar/lib/gcc-lib/sparc-ork-elf/2.8.1/adalib/libgnarl.a(kernel-threads.o) (kernel__threads__protection__dispatch)
/usr/local/openravenscar/lib/gcc-lib/sparc-ork-elf/2.8.1/adalib/libgnarl.a(kernel-time.o)
                              /usr/local/openravenscar/lib/gcc-lib/sparc-ork-elf/2.8.1/adalib/libgnarl.a(s-taprop.o) (kernel_clock)
/usr/local/openravenscar/lib/gcc-lib/sparc-ork-elf/2.8.1/adalib/libgnarl.a(kernel-memory.o)
                              /usr/local/openravenscar/sparc-ork-elf/lib/ada_crt0.o (environment_stack)
/usr/local/openravenscar/lib/gcc-lib/sparc-ork-elf/2.8.1/adalib/libgnarl.a(kernel-cpu_primitives.o)
                              /usr/local/openravenscar/lib/gcc-lib/sparc-ork-elf/2.8.1/adalib/libgnarl.a(kernel-threads-protection.o) (kernel__cpu_primitives__context_switch)
/usr/local/openravenscar/lib/gcc-lib/sparc-ork-elf/2.8.1/adalib/libgnarl.a(kernel-peripherals-registers.o)
                              b~main.o (kernel__peripherals__registers___elabs)
/usr/local/openravenscar/lib/gcc-lib/sparc-ork-elf/2.8.1/adalib/libgnarl.a(kernel-peripherals.o)
                              /usr/local/openravenscar/lib/gcc-lib/sparc-ork-elf/2.8.1/adalib/libgnarl.a(kernel-interrupts.o) (kernel__peripherals__to_vector)
/usr/local/openravenscar/lib/gcc-lib/sparc-ork-elf/2.8.1/adalib/libgnarl.a(kernel-serial_output.o)
                              ./devicesfss_v1.o (kernel__serial_output__put__2)
/usr/local/openravenscar/lib/gcc-lib/sparc-ork-elf/2.8.1/adalib/libgnarl.a(context.o)
                              /usr/local/openravenscar/sparc-ork-elf/lib/ada_crt0.o (context_trap)
/usr/local/openravenscar/lib/gcc-lib/sparc-ork-elf/2.8.1/adalib/libgnarl.a(install_handler.o)
                              /usr/local/openravenscar/sparc-ork-elf/lib/ada_crt0.o (FP_Save_Pending)
/usr/local/openravenscar/lib/gcc-lib/sparc-ork-elf/2.8.1/adalib/libgnarl.a(int_level.o)
                              /usr/local/openravenscar/lib/gcc-lib/sparc-ork-elf/2.8.1/adalib/libgnarl.a(kernel-threads-protection.o) (disable_interrupts)
/usr/local/openravenscar/lib/gcc-lib/sparc-ork-elf/2.8.1/adalib/libgnat.a(a-except.o)
                              b~main.o (ada__exceptions___elabs)
/usr/local/openravenscar/lib/gcc-lib/sparc-ork-elf/2.8.1/adalib/libgnat.a(a-filico.o)
                              b~main.o (ada__finalization__list_controller___elabs)
[...]
Memory Configuration

Name             Origin             Length             Attributes
rom              0x00000000         0x00200000         xr
ram              0x02000000         0x003f8000         xrw
*default*        0x00000000         0xffffffff

Linker script and memory map

                0x00200000                PROM_SIZE=0x200000
                0x00400000                RAM_SIZE=0x400000
                0x00000000                PROM_START=0x0
                0x00200000                PROM_END=(PROM_START+PROM_SIZE)
                0x02000000                RAM_START=0x2000000
                0x02400000                RAM_END=(RAM_START+RAM_SIZE)

.text           0x02000000    0x392d0
 CREATE_OBJECT_SYMBOLS
                0x02000000                text_start=.
 *(.text)
 .text          0x02000000     0x1384 /usr/local/openravenscar/sparc-ork-elf/lib/ada_crt0.o
                0x020011bc                __exit
                0x02000000                trap_table
                0x02000000                start
                0x020011bc                _exit
 .text          0x02001384      0x274 b~main.o
                0x020015e0                ada_main___elabb
                0x02001384                adainit
                0x02001560                main
                0x02001544                adafinal
 .text          0x020015f8       0x1c ./main.o
                0x020015f8                _ada_main
 .text          0x02001614      0x118 ./scenario_v3.o
                0x02001614                scenario_v3___elabs
 .text          0x0200172c     0x4aa8 ./devicesfss_v1.o
                0x020033f0                devicesfss_v1___init_proc__6
                0x020047d4                devicesfss_v1___init_proc__9
                0x02001d60                devicesfss_v1__read_light_intensity
                0x02005614                devicesfss_v1__display_altitude
                0x02003444                devicesfss_v1__read_pilotbutton
                0x02005dac                devicesfss_v1__display_cronometro
                0x0200287c                devicesfss_v1___init_proc__4
                0x020059e8                devicesfss_v1__display_joystick
                0x02005204                devicesfss_v1__light_1
                0x02004074                devicesfss_v1__read_altitude
                0x0200572c                devicesfss_v1__display_distance
                0x02004814                devicesfss_v1__read_pitch
                0x020022d4                devicesfss_v1___init_proc__3
                0x0200402c                devicesfss_v1___init_proc__8
                0x02005c9c                devicesfss_v1__display_message
                0x0200178c                devicesfss_v1__read_distance
                0x020058d0                devicesfss_v1__display_light_intensity
                0x0200595c                devicesfss_v1__display_pilot_power
                0x020028dc                devicesfss_v1__read_power
                0x020039d0                devicesfss_v1__read_speed
                0x02005844                devicesfss_v1__display_roll
                0x02005bb4                devicesfss_v1__display_pilot_button
                0x02004e0c                devicesfss_v1__read_roll
                0x0200611c                devicesfss_v1___elabb
                0x02003990                devicesfss_v1___init_proc__7
                0x02001d00                devicesfss_v1___init_proc__2
                0x020052b4                devicesfss_v1__light_2
                0x02002ea4                devicesfss_v1__read_pilotpresence
                0x0200483c                devicesfss_v1__set_aircraft_pitch
                0x020056a0                devicesfss_v1__display_speed
                0x02004e34                devicesfss_v1__set_aircraft_roll
                0x02002334                devicesfss_v1__read_joystick
                0x02005394                devicesfss_v1__alarm
                0x02005acc                devicesfss_v1__display_pilot_presence
                0x020039f8                devicesfss_v1__set_speed
                0x020057b8                devicesfss_v1__display_pitch
                0x02002e50                devicesfss_v1___init_proc__5
                0x02004dcc                devicesfss_v1___init_proc__10
                0x0200172c                devicesfss_v1___init_proc
 .text          0x020061d4      0x9a8 ./workload.o
                0x020061d4                workload___elabs
                0x020065d4                workload__small_whetstone
                0x02006b64                workload___elabb
 .text          0x02006b7c      0xd08 ./tools.o
                0x02007854                tools___elabb
                0x020077e0                tools__execution_time
                0x02007738                tools__finish_activity
                0x020075e8                tools__print_a_string
                0x02006e68                tools__print_chrono
                0x02007690                tools__start_activity
                0x02006b7c                tools___elabs
                0x02007290                tools__print_an_integer
                0x02007448                tools__print_a_float
                0x02006bc8                tools__current_time
 .text          0x02007884     0x3c3c ./fss.o
                0x02008f20                fss___init_proc__8
                0x02008e28                fss___init_proc__6
                0x020078c0                fss___init_proc
                0x02008ea4                fss___init_proc__7
                0x02008dac                fss___init_proc__5
                0x02007884                fss__background
                0x02007e8c                fss___init_proc__3
                0x02008f9c                fss___init_proc__9
                0x0200aec0                fss___elabb
                0x02007904                fss___init_proc__2
                0x02008d30                fss___init_proc__4
 .text          0x0200b4c0      0x5e4 /usr/local/openravenscar/lib/gcc-lib/sparc-ork-elf/2.8.1/adalib/libgnarl.a(a-reatim.o)
                0x0200b4ec                ada__real_time__Oadd__2
                0x0200b6c0                ada__real_time__split
                0x0200b4dc                ada__real_time__Oadd
                0x0200b53c                ada__real_time__Osubtract__4
                0x0200b640                ada__real_time__nanoseconds
                0x0200b5ac                ada__real_time__Odivide__2
                0x0200b568                ada__real_time__Odivide
                0x0200b51c                ada__real_time__Osubtract__2
                0x0200b630                ada__real_time__to_duration
                0x0200b9d8                ada__real_time__time_of
                0x0200b4fc                ada__real_time__Oadd__3
                0x0200b690                ada__real_time__milliseconds
                0x0200b4c0                ada__real_time__clock
                0x0200b664                ada__real_time__microseconds
                0x0200b50c                ada__real_time__Osubtract
                0x0200b52c                ada__real_time__Osubtract__3
                0x0200b638                ada__real_time__to_time_span
                0x0200b604                ada__real_time__Omultiply__2
                0x0200b5d8                ada__real_time__Omultiply
 .text          0x0200baa4       0x68 /usr/local/openravenscar/lib/gcc-lib/sparc-ork-elf/2.8.1/adalib/libgnarl.a(a-retide.o)
                0x0200bae8                ada__real_time__delays__to_duration
                0x0200baa4                ada__real_time__delays__delay_until
 .text          0x0200bb0c      0x10c /usr/local/openravenscar/lib/gcc-lib/sparc-ork-elf/2.8.1/adalib/libgnarl.a(s-taprob.o)
                0x0200bbf8                system__tasking__protected_objects___init_proc
                0x0200bbc8                system__tasking__protected_objects__unlock
                0x0200bb38                system__tasking__protected_objects__lock
                0x0200bc04                system__tasking__protected_objects___init_proc__2
                0x0200bb0c                system__tasking__protected_objects__initialize_protection
                0x0200bb80                system__tasking__protected_objects__lock_read_only
                0x0200bbe0                system__tasking__protected_objects__finalize_protection
 .text          0x0200bc18      0x978 /usr/local/openravenscar/lib/gcc-lib/sparc-ork-elf/2.8.1/adalib/libgnarl.a(s-taprop.o)
                0x0200be98                system__task_primitives__operations__get_priority
                0x0200bd10                system__task_primitives__operations__unlock__2
                0x0200c070                system__task_primitives__operations__check_no_locks
                0x0200bc94                system__task_primitives__operations__write_lock
                0x0200c0d0                system__task_primitives__operations__resume_task
                0x0200c150                system__task_primitives__operations___elabb
                0x0200bddc                system__task_primitives__operations__clock
                0x0200bcb0                system__task_primitives__operations__write_lock__2
                0x0200bc50                system__task_primitives__operations__get_thread_id
                0x0200bd64                system__task_primitives__operations__timed_delay
                0x0200be78                system__task_primitives__operations__set_priority
                0x0200bd40                system__task_primitives__operations__timed_sleep
                0x0200bc34                system__task_primitives__operations__self
                0x0200bd28                system__task_primitives__operations__sleep
                0x0200c054                system__task_primitives__operations__set_exit_task_procedure
                0x0200bcfc                system__task_primitives__operations__unlock
                0x0200c088                system__task_primitives__operations__environment_task
                0x0200bc5c                system__task_primitives__operations__initialize_lock
                0x0200c384                system__task_primitives__operations___init_proc
                0x0200c038                system__task_primitives__operations__exit_task
                0x0200be00                system__task_primitives__operations__wakeup
                0x0200bc18                system__task_primitives__operations__set
                0x0200c060                system__task_primitives__operations__abort_task
                0x0200c094                system__task_primitives__operations__lock_all_tasks_list
                0x0200bcc8                system__task_primitives__operations__write_lock__3
                0x0200c028                system__task_primitives__operations__finalize_tcb
                0x0200bf14                system__task_primitives__operations__new_atcb
                0x0200c0c8                system__task_primitives__operations__suspend_task
                0x0200be14                system__task_primitives__operations__yield
                0x0200c0b0                system__task_primitives__operations__unlock_all_tasks_list
                0x0200c0d8                system__task_primitives__operations__initialize
                0x0200c068                system__task_primitives__operations__check_exit
                0x0200bf8c                system__task_primitives__operations__initialize_tcb
                0x0200bc48                system__task_primitives__operations__stack_guard
                0x0200bc8c                system__task_primitives__operations__finalize_lock
                0x0200c030                system__task_primitives__operations__default_exit_task_procedure
                0x0200bfc8                system__task_primitives__operations__create_task
                0x0200bc74                system__task_primitives__operations__initialize_lock__2
                0x0200bce0                system__task_primitives__operations__read_lock
                0x0200beb0                system__task_primitives__operations__enter_task
 .text          0x0200c590      0x924 /usr/local/openravenscar/lib/gcc-lib/sparc-ork-elf/2.8.1/adalib/libgnarl.a(s-tarest.o)
                0x0200c804                system__tasking__restricted__stages__create_restricted_task
                0x0200cd04                system__tasking__restricted__stages__restricted_terminated
                0x0200ca14                system__tasking__restricted__stages__activate_restricted_tasks
                0x0200cbd4                system__tasking__restricted__stages__complete_restricted_activation
                0x0200cd18                system__tasking__restricted__stages__finalize_global_tasks
                0x0200cd6c                system__tasking__restricted__stages___elabb
                0x0200cca4                system__tasking__restricted__stages__complete_restricted_task
 .text          0x0200ceb4      0xf44 /usr/local/openravenscar/lib/gcc-lib/sparc-ork-elf/2.8.1/adalib/libgnarl.a(s-tasdeb.o)
                0x0200db2c                system__tasking__debug__image
                0x0200ddd0                system__tasking__debug___init_proc__2
                0x0200d808                system__tasking__debug__print_current_task
                0x0200da7c                system__tasking__debug__trace__2
                0x0200ceb4                system__tasking__debug___elabs
                0x0200d824                system__tasking__debug__list_tasks
                0x0200dcd4                system__tasking__debug__resume_all_tasks
                0x0200cf2c                system__tasking__debug__set_user_state
                0x0200d654                system__tasking__debug__print_task_info_header
                0x0200dd90                system__tasking__debug___init_proc
                0x0200cf18                system__tasking__debug__self
                0x0200dd0c                system__tasking__debug___elabb
                0x0200d864                system__tasking__debug__print_accept_info
                0x0200db18                system__tasking__debug__set_trace
                0x0200d928                system__tasking__debug__trace
                0x0200dab0                system__tasking__debug__trace__3
                0x0200dae4                system__tasking__debug__trace__4
                0x0200d214                system__tasking__debug__print_task_info
                0x0200cf10                system__tasking__debug__task_termination_hook
                0x0200cf08                system__tasking__debug__task_creation_hook
                0x0200dc9c                system__tasking__debug__suspend_all_tasks
 .text          0x0200ddf8      0x75c /usr/local/openravenscar/lib/gcc-lib/sparc-ork-elf/2.8.1/adalib/libgnarl.a(s-taskin.o)
                0x0200e20c                system__tasking___init_proc__3
                0x0200e4b4                system__tasking___init_proc__8
                0x0200e474                system__tasking___init_proc__7
                0x0200ddf8                system__tasking__self
                0x0200e1d4                system__tasking___init_proc__2
                0x0200df34                system__tasking___elabb
                0x0200e288                system__tasking___init_proc__4
                0x0200e4c0                system__tasking___init_proc__9
                0x0200e180                system__tasking___init_proc
                0x0200e2dc                system__tasking___init_proc__6
                0x0200de0c                system__tasking__initialize_atcb
                0x0200e294                system__tasking___init_proc__5
 .text          0x0200e554       0x14 /usr/local/openravenscar/lib/gcc-lib/sparc-ork-elf/2.8.1/adalib/libgnarl.a(s-taspri.o)
                0x0200e554                system__task_primitives___init_proc
 .text          0x0200e568      0x1f0 /usr/local/openravenscar/lib/gcc-lib/sparc-ork-elf/2.8.1/adalib/libgnarl.a(kernel-interrupts.o)
                0x0200e630                kernel_detach_interrupt_handler
                0x0200e678                kernel__interrupts___elabb
                0x0200e568                kernel__interrupts__null_handler
                0x0200e570                kernel__interrupts__wrapper
                0x0200e658                kernel_current_interrupt_handler
                0x0200e5d0                kernel_attach_interrupt_handler
                0x0200e6fc                kernel__interrupts___init_proc__2
                0x0200e6e4                kernel__interrupts___init_proc
 .text          0x0200e758      0x5dc /usr/local/openravenscar/lib/gcc-lib/sparc-ork-elf/2.8.1/adalib/libgnarl.a(kernel-threads.o)
                0x0200e758                kernel__threads___elabs
                0x0200ecf8                kernel__threads___init_proc__3
                0x0200e9c8                kernel_yield
                0x0200eac8                kernel_check_no_mutexes
                0x0200ead8                kernel_condition_init
                0x0200e928                kernel__threads__set_active_priority
                0x0200e8dc                kernel_set_priority
                0x0200eb9c                kernel_condition_signal
                0x0200ebfc                kernel_thread_create
                0x0200e7e4                kernel__threads__default_dummy_task_function
                0x0200ecc4                kernel_thread_self
                0x0200e794                kernel__threads__thread_caller
                0x0200eae0                kernel_condition_wait
                0x0200e7f4                kernel_initialize
                0x0200ea68                kernel_mutex_unlock
                0x0200ea10                kernel_mutex_lock
                0x0200ea04                kernel_mutex_init
                0x0200ecd4                kernel__threads___elabb
                0x0200ece4                kernel__threads___init_proc
                0x0200ecf0                kernel__threads___init_proc__2
                0x0200e9ac                kernel_get_priority
 .text          0x0200ed34       0x28 /usr/local/openravenscar/lib/gcc-lib/sparc-ork-elf/2.8.1/adalib/libgnarl.a(kernel-threads-atcb.o)
                0x0200ed4c                kernel__threads__atcb___elabb
                0x0200ed3c                kernel__threads__atcb__thread_self_atcb
                0x0200ed34                kernel__threads__atcb__set_atcb
 .text          0x0200ed5c      0x478 /usr/local/openravenscar/lib/gcc-lib/sparc-ork-elf/2.8.1/adalib/libgnarl.a(kernel-threads-queues.o)
                0x0200ef74                kernel__threads__queues__insert_alarm
                0x0200ee18                kernel__threads__queues__insert_at_tail
                0x0200ed74                kernel__threads__queues__insert_at_head
                0x0200f040                kernel__threads__queues__extract_first_alarm
                0x0200ef28                kernel__threads__queues__get_new_thread_descriptor
                0x0200f144                kernel__threads__queues___init_proc
                0x0200eebc                kernel__threads__queues__extract_from_ready
                0x0200f06c                kernel__threads__queues__get_next_alarm_time
                0x0200f0a0                kernel__threads__queues___elabb
                0x0200ef04                kernel__threads__queues__next_running
                0x0200ed68                kernel__threads__queues__environment_thread_id
                0x0200ed5c                kernel__threads__queues__dummy_thread_id
 .text          0x0200f1d4      0x108 /usr/local/openravenscar/lib/gcc-lib/sparc-ork-elf/2.8.1/adalib/libgnarl.a(kernel-threads-protection.o)
                0x0200f1f8                kernel__threads__protection__leave_kernel
                0x0200f1d4                kernel__threads__protection__dispatch
                0x0200f2cc                kernel__threads__protection___elabb
                0x0200f1e4                kernel__threads__protection__enter_kernel
 .text          0x0200f2dc      0x3c4 /usr/local/openravenscar/lib/gcc-lib/sparc-ork-elf/2.8.1/adalib/libgnarl.a(kernel-time.o)
                0x0200f394                kernel_delay_until
                0x0200f2dc                kernel_clock
                0x0200f660                kernel__time___elabb
 .text          0x0200f6a0       0x9c /usr/local/openravenscar/lib/gcc-lib/sparc-ork-elf/2.8.1/adalib/libgnarl.a(kernel-memory.o)
                0x0200f6fc                kernel__memory___elabb
                0x0200f6a8                kernel_new_stack
                0x0200f6a0                kernel_new_memory_region
 .text          0x0200f73c       0x88 /usr/local/openravenscar/lib/gcc-lib/sparc-ork-elf/2.8.1/adalib/libgnarl.a(kernel-cpu_primitives.o)
                0x0200f73c                kernel__cpu_primitives__context_switch
                0x0200f748                kernel__cpu_primitives__initialize_context
                0x0200f7b4                kernel__cpu_primitives___elabb
 .text          0x0200f7c4       0x44 /usr/local/openravenscar/lib/gcc-lib/sparc-ork-elf/2.8.1/adalib/libgnarl.a(kernel-peripherals-registers.o)
                0x0200f7c4                kernel__peripherals__registers___elabs
 .text          0x0200f808      0x6ac /usr/local/openravenscar/lib/gcc-lib/sparc-ork-elf/2.8.1/adalib/libgnarl.a(kernel-peripherals.o)
                0x0200f818                kernel__peripherals__stop_watch_dog
                0x0200f808                kernel__peripherals__to_vector
                0x0200f834                kernel__peripherals__init_clock
                0x0200fe00                kernel__peripherals___elabb
                0x0200f918                kernel__peripherals__cancel_and_set_alarm
                0x0200f8f4                kernel__peripherals__init_board
                0x0200f92c                kernel__peripherals__set_alarm
                0x0200faa0                kernel__peripherals__read_clock
                0x0200fb10                kernel__peripherals__clear_alarm_interrupt
                0x0200fd40                kernel__peripherals__uart_send
                0x0200fb18                kernel__peripherals__clear_clock_interrupt
                0x0200fc54                kernel__peripherals__init_uart
                0x0200f82c                kernel__peripherals__memory_configuration
                0x0200fb20                kernel__peripherals__protect_segment
                0x0200f810                kernel__peripherals__priority_of_interrupt
 .text          0x0200feb4       0xe4 /usr/local/openravenscar/lib/gcc-lib/sparc-ork-elf/2.8.1/adalib/libgnarl.a(kernel-serial_output.o)
                0x0200ff0c                kernel_new_line
                0x0200ff20                kernel_put_line_c
                0x0200fecc                kernel__serial_output__put__2
                0x0200feb4                kernel_put_c
                0x0200ff3c                kernel__serial_output__put_line__2
                0x0200ff6c                kernel__serial_output___elabb
 .text          0x0200ff98      0x2dc /usr/local/openravenscar/lib/gcc-lib/sparc-ork-elf/2.8.1/adalib/libgnarl.a(context.o)
                0x0201026c                exit_from_context_switch
                0x0200ff98                context_switch
                0x0200ffa4                context_trap
 .text          0x02010274      0x60c /usr/local/openravenscar/lib/gcc-lib/sparc-ork-elf/2.8.1/adalib/libgnarl.a(install_handler.o)
                0x0201032c                set_next_running
                0x02010274                enable_traps
                0x020102d8                install_trap_handler
                0x02010288                install_int_handler
 .text          0x02010880       0x34 /usr/local/openravenscar/lib/gcc-lib/sparc-ork-elf/2.8.1/adalib/libgnarl.a(int_level.o)
                0x02010880                disable_interrupts
                0x02010898                enable_interrupts
 .text          0x020108b4     0x25c0 /usr/local/openravenscar/lib/gcc-lib/sparc-ork-elf/2.8.1/adalib/libgnat.a(a-except.o)
                0x0201211c                ada__exceptions__sdp_table_sort_move
                0x0201227c                ada__exceptions__string_to_eid
                0x02011938                __gnat_raise_nodefer_with_msg
                0x02010ae4                ada__exceptions__current_target_exception
                0x02011ab0                ada__exceptions__raise_from_signal_handler
                0x02010934                ada__exceptions__address_image
                0x02011d34                ada__exceptions__save_occurrence
                0x02012918                __gnat_notify_exception
                0x020115f8                ada__exceptions__propagate_exception
                0x0201146c                ada__exceptions__exception_name_simple
                0x02011c88                __gnat_reraise
                0x02011a18                __gnat_raise_exception
                0x020108b4                ada__exceptions___elabs
                0x02010a3c                __gnat_break_start
                0x02010a28                ada__exceptions__allocate_machine_state
                0x02010b08                ada__exceptions__deallocate_machine_state
                0x02010dbc                ada__exceptions__exception_information
                0x02011be8                __gnat_raise_storage_error
                0x02010b78                ada__exceptions__eo_to_string
                0x02012080                ada__exceptions__sdp_table_sort_lt
                0x02012d8c                ada__exceptions__raise_exception_no_defer
                0x02011378                ada__exceptions__exception_name__2
                0x02012e34                ada__exceptions__zzz
                0x02010924                ada__exceptions__poll
                0x02011c08                ada__exceptions__raise_with_c_msg
                0x020129ac                ada__exceptions__unhandled_exception_terminate
                0x02010b1c                ada__exceptions__eid_to_string
                0x02011dc8                ada__exceptions__save_occurrence__2
                0x02011b74                ada__exceptions__raise_with_location
                0x02011b4c                ada__exceptions__raise_no_msg
                0x020112b4                ada__exceptions__exception_message
                0x0201214c                ada__exceptions__set_exception_c_msg
                0x020123a4                ada__exceptions__string_to_eo
                0x02011ba8                __gnat_raise_constraint_error
                0x02011cc0                ada__exceptions__reraise_occurrence
                0x02012e3c                ada__exceptions___elabb
                0x02012e64                ada__exceptions___init_proc
                0x0201143c                ada__exceptions__exception_name
                0x0201092c                ada__exceptions__aaa
                0x02011d08                ada__exceptions__reraise_occurrence_no_defer
                0x02010bd8                ada__exceptions__exception_identity
                0x02011df4                __gnat_SDP_Table_Build
                0x02012910                __gnat_unhandled_exception
                0x02010a44                ada__exceptions__call_chain
                0x02011c3c                __gnat_raise_with_msg
                0x02011bc8                __gnat_raise_program_error
 .text          0x02012e74      0x2ec /usr/local/openravenscar/lib/gcc-lib/sparc-ork-elf/2.8.1/adalib/libgnat.a(a-filico.o)
                0x02012ec0                ada__finalization__list_controller___deep_finalize__2
                0x0201312c                ada__finalization__list_controller___init_proc__2
                0x020130f0                ada__finalization__list_controller__finalize
                0x02012eb0                ada__finalization__list_controller___size__2
                0x02013108                ada__finalization__list_controller___init_proc
                0x020130bc                ada__finalization__list_controller__finalize__2
                0x02012eec                ada__finalization__list_controller___elabs
                0x02012e74                ada__finalization__list_controller___size
                0x020130a4                ada__finalization__list_controller__initialize__2
                0x02012e84                ada__finalization__list_controller___deep_finalize
 .text          0x02013160      0x560 /usr/local/openravenscar/lib/gcc-lib/sparc-ork-elf/2.8.1/adalib/libgnat.a(a-finali.o)
                0x020133c0                ada__finalization___size__4
                0x02013640                ada__finalization__initialize
                0x02013658                ada__finalization__Oeq__2
                0x02013680                ada__finalization___init_proc
                0x02013188                ada__finalization___write__3
                0x02013678                ada__finalization__finalize__2
                0x02013160                ada__finalization___size__3
                0x02013170                ada__finalization___read__3
                0x02013648                ada__finalization__adjust
                0x020136a0                ada__finalization___init_proc__2
                0x020133fc                ada__finalization___elabs
                0x02013650                ada__finalization__finalize
                0x0201336c                ada__finalization___deep_adjust
                0x02013670                ada__finalization__initialize__2
                0x020131a0                ada__finalization___assign__3
                0x02013394                ada__finalization___deep_finalize
                0x020133d0                ada__finalization___deep_finalize__2
 .text          0x020136c0       0x6c /usr/local/openravenscar/lib/gcc-lib/sparc-ork-elf/2.8.1/adalib/libgnat.a(a-ioexce.o)
                0x020136c0                ada__io_exceptions___elabs
 .text          0x0201372c     0x1e98 /usr/local/openravenscar/lib/gcc-lib/sparc-ork-elf/2.8.1/adalib/libgnat.a(a-nuelfu.o)
                0x020151e8                ada__numerics__elementary_functions__sinh
                0x02014070                ada__numerics__elementary_functions__arcsin
                0x02013e58                ada__numerics__elementary_functions__arccosh
                0x0201429c                ada__numerics__elementary_functions__arcsinh
                0x0201372c                ada__numerics__elementary_functions__Oexpon
                0x02013f6c                ada__numerics__elementary_functions__arccoth
                0x02013f50                ada__numerics__elementary_functions__arccot__2
                0x02014144                ada__numerics__elementary_functions__arcsin__2
                0x020144cc                ada__numerics__elementary_functions__arctan__2
                0x02013cec                ada__numerics__elementary_functions__arccos__2
                0x020147cc                ada__numerics__elementary_functions__cos
                0x020152f4                ada__numerics__elementary_functions__sqrt
                0x02015400                ada__numerics__elementary_functions__tan__2
                0x020150ec                ada__numerics__elementary_functions__sin__2
                0x02014f7c                ada__numerics__elementary_functions__log__2
                0x020149d0                ada__numerics__elementary_functions__cot__2
                0x02015530                ada__numerics__elementary_functions__tanh
                0x02014b38                ada__numerics__elementary_functions__coth
                0x02014ec0                ada__numerics__elementary_functions__log
                0x0201487c                ada__numerics__elementary_functions__cosh
                0x02013f38                ada__numerics__elementary_functions__arccot
                0x020143bc                ada__numerics__elementary_functions__arctan
                0x020150a4                ada__numerics__elementary_functions__sin
                0x02013bec                ada__numerics__elementary_functions__arccos
                0x02014838                ada__numerics__elementary_functions__cos__2
                0x02015378                ada__numerics__elementary_functions__tan
                0x02014c2c                ada__numerics__elementary_functions__exp
                0x02014928                ada__numerics__elementary_functions__cot
                0x02014640                ada__numerics__elementary_functions__arctanh
 .text          0x020155c4       0x18 /usr/local/openravenscar/lib/gcc-lib/sparc-ork-elf/2.8.1/adalib/libgnat.a(a-numeri.o)
                0x020155c4                ada__numerics___elabs
 .text          0x020155dc       0xc0 /usr/local/openravenscar/lib/gcc-lib/sparc-ork-elf/2.8.1/adalib/libgnat.a(a-stream.o)
                0x020155f4                ada__streams___elabs
                0x020155ec                ada__streams___deep_finalize
                0x020155dc                ada__streams___size
                0x0201568c                ada__streams___init_proc
 .text          0x0201569c      0x934 /usr/local/openravenscar/lib/gcc-lib/sparc-ork-elf/2.8.1/adalib/libgnat.a(a-tags.o)
                0x02015d04                ada__tags__length
                0x02015f70                ada__tags___init_proc
                0x02015810                ada__tags__external_tag_htable__removeXn
                0x02015e28                ada__tags__get_rc_offset
                0x02015f44                ada__tags__set_remotely_callable
                0x02015f0c                ada__tags__set_prim_op_address
                0x02015eec                ada__tags__register_tag
                0x02015e8c                ada__tags__inherit_tsd
                0x0201569c                ada__tags___elabs
                0x02015e04                ada__tags__get_expanded_name
                0x02015f20                ada__tags__set_expanded_name
                0x02015e34                ada__tags__get_remotely_callable
                0x02015a2c                ada__tags__expanded_name
                0x020156b4                ada__tags__external_tag_htable__getXn
                0x02015e1c                ada__tags__get_inheritance_depth
                0x02015e4c                ada__tags__get_tsd
                0x02015908                ada__tags__external_tag_htable__setXn
                0x02015dc4                ada__tags__cw_membership
                0x02015e54                ada__tags__inherit_dt
                0x0201575c                ada__tags__external_tag_htable__get_nextXn
                0x02015b34                ada__tags__get_external_tag
                0x02015b58                ada__tags__internal_tag
                0x02015f78                ada__tags___init_proc__2
                0x02015d60                ada__tags___elabb
                0x02015f18                ada__tags__set_tsd
                0x02015f2c                ada__tags__set_external_tag
                0x0201597c                ada__tags__get_ht_link
                0x02015d38                ada__tags__parent_size
                0x02015944                ada__tags__equal
                0x02015728                ada__tags__external_tag_htable__get_firstXn
                0x02015f00                ada__tags__set_inheritance_depth
                0x02015ab0                ada__tags__external_tag
                0x02015798                ada__tags__external_tag_htable__get_non_nullXn
                0x02015e10                ada__tags__get_prim_op_address
                0x02015f38                ada__tags__set_rc_offset
                0x020159e8                ada__tags__hash
                0x020158c8                ada__tags__external_tag_htable__resetXn
                0x02015a20                ada__tags__set_ht_link
                0x02015f84                ada__tags__external_tag_htable___init_procXn
 .text          0x02015fd0     0x227c /usr/local/openravenscar/lib/gcc-lib/sparc-ork-elf/2.8.1/adalib/libgnat.a(a-textio.o)
                0x02016de4                ada__text_io__line_length
                0x02016e14                ada__text_io__look_ahead
                0x020175ac                ada__text_io__read__2
                0x020179b8                ada__text_io__set_input
                0x02017b68                ada__text_io__set_page_length
                0x02017e48                ada__text_io__skip_page__2
                0x02016d70                ada__text_io__get_line__2
                0x0201623c                ada__text_io__afcb_allocate__2
                0x02017420                ada__text_io__put_line
                0x020171c0                ada__text_io__page_length
                0x02016344                ada__text_io__create
                0x02016314                ada__text_io__col
                0x02016434                ada__text_io__delete
                0x020179d4                ada__text_io__set_line
                0x02016da0                ada__text_io__is_open
                0x02016040                ada__text_io___size__2
                0x02017bc8                ada__text_io__skip_line
                0x02016f18                ada__text_io__new_line
                0x02016b88                ada__text_io__get_immediate__4
                0x0201799c                ada__text_io__set_error
                0x0201727c                ada__text_io__put__2
                0x02016a8c                ada__text_io__get_immediate__2
                0x02017e84                ada__text_io__standard_input__2
                0x02015fd0                ada__text_io___rep_to_pos
                0x02016db4                ada__text_io__line
                0x02016fc4                ada__text_io__new_line__2
                0x02016dcc                ada__text_io__line__2
                0x020166b4                ada__text_io__flush__2
                0x02017e90                ada__text_io__standard_output
                0x02017f94                ada__text_io__write__2
                0x02016300                ada__text_io__close
                0x020170f4                ada__text_io__open
                0x02017e9c                ada__text_io__standard_output__2
                0x0201804c                ada__text_io___elabb
                0x02017ad0                ada__text_io__set_line__2
                0x02017e6c                ada__text_io__standard_error__2
                0x020173f0                ada__text_io__put__4
                0x02016448                ada__text_io__end_of_file
                0x02017ea8                ada__text_io__terminate_line
                0x0201705c                ada__text_io__nextc
                0x02016974                ada__text_io__getc
                0x02017bac                ada__text_io__set_page_length__2
                0x02016418                ada__text_io__current_output
                0x02016688                ada__text_io__end_of_page__2
                0x020163e0                ada__text_io__current_error
                0x02016ed4                ada__text_io__mode
                0x02017d40                ada__text_io__skip_line__2
                0x02016050                ada__text_io___elabs
                0x02016288                ada__text_io__afcb_close__2
                0x02017044                ada__text_io__new_page__2
                0x020167f8                ada__text_io__get__2
                0x020165c8                ada__text_io__end_of_page
                0x02017f3c                ada__text_io__ungetc
                0x0201632c                ada__text_io__col__2
                0x02016e98                ada__text_io__look_ahead__2
                0x02017320                ada__text_io__put__3
                0x020165b0                ada__text_io__end_of_line__2
                0x02016aa4                ada__text_io__get_immediate__3
                0x02017530                ada__text_io__put_line__2
                0x02017e78                ada__text_io__standard_input
                0x020169d8                ada__text_io__get_immediate
                0x020166a0                ada__text_io__flush
                0x02017d5c                ada__text_io__skip_page
                0x02016424                ada__text_io__current_output__2
                0x020163fc                ada__text_io__current_input
                0x02018208                ada__text_io___init_proc
                0x020163ec                ada__text_io__current_error__2
                0x02017b4c                ada__text_io__set_output
                0x020166cc                ada__text_io__form
                0x020177a8                ada__text_io__reset__2
                0x02016dfc                ada__text_io__line_length__2
                0x02016ee8                ada__text_io__name
                0x02016944                ada__text_io__get__4
                0x020171f0                ada__text_io__put
                0x02017980                ada__text_io__set_col__2
                0x020162e0                ada__text_io__afcb_free__2
                0x02017e60                ada__text_io__standard_error
                0x02017560                ada__text_io__putc
                0x02016540                ada__text_io__end_of_file__2
                0x020176f8                ada__text_io__reset
                0x02016558                ada__text_io__end_of_line
                0x020171d8                ada__text_io__page_length__2
                0x02016408                ada__text_io__current_input__2
                0x020177e4                ada__text_io__set_col
                0x02016810                ada__text_io__get__3
                0x02017aec                ada__text_io__set_line_length
                0x02017b30                ada__text_io__set_line_length__2
                0x020171a8                ada__text_io__page__2
                0x02016fe0                ada__text_io__new_page
                0x020166fc                ada__text_io__get
                0x02016bc4                ada__text_io__get_line
                0x02017190                ada__text_io__page
 .text          0x0201824c      0x25c /usr/local/openravenscar/lib/gcc-lib/sparc-ork-elf/2.8.1/adalib/libgnat.a(g-except.o)
                0x02018398                gnat__exceptions___deep_finalize
                0x02018264                gnat__exceptions___write
                0x020182a0                gnat__exceptions___output
                0x020182c0                gnat__exceptions___assign
                0x0201826c                gnat__exceptions___input
                0x020183a0                gnat__exceptions___elabs
                0x0201825c                gnat__exceptions___read
                0x0201824c                gnat__exceptions___size
                0x02018498                gnat__exceptions___init_proc
                0x020182b8                gnat__exceptions__Oeq
                0x02018390                gnat__exceptions___deep_adjust
 .text          0x020184a8      0x174 /usr/local/openravenscar/lib/gcc-lib/sparc-ork-elf/2.8.1/adalib/libgnat.a(g-hesora.o)
                0x02018578                gnat__heap_sort_a__sort
 .text          0x0201861c      0xc6c /usr/local/openravenscar/lib/gcc-lib/sparc-ork-elf/2.8.1/adalib/libgnat.a(i-c.o)
                0x02018f2c                interfaces__c__to_c__4
                0x02018a6c                interfaces__c__to_ada__6
                0x02018680                interfaces__c__is_nul_terminated__2
                0x020186d0                interfaces__c__to_ada
                0x020186d8                interfaces__c__to_ada__2
                0x02018b94                interfaces__c__to_c
                0x02018634                interfaces__c__is_nul_terminated
                0x020190e0                interfaces__c__to_c__6
                0x0201880c                interfaces__c__to_ada__3
                0x0201861c                interfaces__c___elabs
                0x02018d94                interfaces__c__to_c__3
                0x0201892c                interfaces__c__to_ada__5
                0x02018f34                interfaces__c__to_c__5
                0x02018b9c                interfaces__c__to_c__2
                0x02018924                interfaces__c__to_ada__4
 .text          0x02019288      0x110 /usr/local/openravenscar/lib/gcc-lib/sparc-ork-elf/2.8.1/adalib/libgnat.a(i-cstrea.o)
                0x02019288                interfaces__c_streams___elabs
                0x0201930c                interfaces__c_streams__fread
                0x02019378                interfaces__c_streams__setvbuf
                0x0201932c                interfaces__c_streams__fread__2
                0x02019358                interfaces__c_streams__fwrite
 .text          0x02019398     0x13b4 /usr/local/openravenscar/lib/gcc-lib/sparc-ork-elf/2.8.1/adalib/libgnat.a(s-arit64.o)
                0x020194d4                system__arith_64__hi
                0x02019a7c                system__arith_64__scaled_divide
                0x02019a4c                system__arith_64__raise_error
                0x0201944c                system__arith_64__Odivide
                0x020193c0                system__arith_64__Oadd__2
                0x0201a678                system__arith_64__subtract_with_ovflo_check
                0x020193f0                system__arith_64__Omultiply
                0x020194e4                system__arith_64__lo
                0x02019420                system__arith_64__Omultiply__2
                0x02019558                system__arith_64__double_divide
                0x02019848                system__arith_64__multiply_with_ovflo_check
                0x0201a72c                system__arith_64__to_pos_int
                0x02019398                system__arith_64__Oadd
                0x020194a4                system__arith_64__Oconcat
                0x0201a6f4                system__arith_64__to_neg_int
                0x02019478                system__arith_64__Orem
                0x020194ec                system__arith_64__add_with_ovflo_check
                0x020193d8                system__arith_64__Osubtract
 .text          0x0201a74c      0x16c /usr/local/openravenscar/lib/gcc-lib/sparc-ork-elf/2.8.1/adalib/libgnat.a(s-except.o)
                0x0201a770                system__exceptions___init_proc
                0x0201a74c                system__exceptions___elabs
                0x0201a818                system__exceptions___init_proc__4
                0x0201a7b8                system__exceptions___init_proc__3
                0x0201a858                system__exceptions___init_proc__5
                0x0201a778                system__exceptions___init_proc__2
 .text          0x0201a8b8      0x54c /usr/local/openravenscar/lib/gcc-lib/sparc-ork-elf/2.8.1/adalib/libgnat.a(s-exctab.o)
                0x0201abcc                system__exception_table__get_key
                0x0201a960                system__exception_table__exception_htable__get_nextXn
                0x0201ab94                system__exception_table__equal
                0x0201ab0c                system__exception_table__exception_htable__setXn
                0x0201adb8                system__exception_table__exception_htable___init_procXn
                0x0201a8b8                system__exception_table__exception_htable__getXn
                0x0201ab50                system__exception_table__get_ht_link
                0x0201aacc                system__exception_table__exception_htable__resetXn
                0x0201ab48                system__exception_table__set_ht_link
                0x0201abd4                system__exception_table__internal_exception
                0x0201a99c                system__exception_table__exception_htable__get_non_nullXn
                0x0201ab58                system__exception_table__hash
                0x0201a92c                system__exception_table__exception_htable__get_firstXn
                0x0201ad08                system__exception_table___elabb
                0x0201acf4                system__exception_table__register_exception
                0x0201aa14                system__exception_table__exception_htable__removeXn
 .text          0x0201ae04      0x1c4 /usr/local/openravenscar/lib/gcc-lib/sparc-ork-elf/2.8.1/adalib/libgnat.a(s-exnflt.o)
                0x0201ae04                system__exn_flt__exn_float
 .text          0x0201afc8      0xb2c /usr/local/openravenscar/lib/gcc-lib/sparc-ork-elf/2.8.1/adalib/libgnat.a(s-fatflt.o)
                0x0201b97c                system__fat_flt__fat_float__truncation
                0x0201b10c                system__fat_flt__fat_float__decompose
                0x0201b4a0                system__fat_flt__fat_float__model
                0x0201b3a8                system__fat_flt__fat_float__floor
                0x0201b4b4                system__fat_flt__fat_float__pred
                0x0201b77c                system__fat_flt__fat_float__scaling
                0x0201b430                system__fat_flt__fat_float__leading_part
                0x0201ba2c                system__fat_flt__fat_float__unbiased_rounding
                0x0201b020                system__fat_flt__fat_float__ceiling
                0x0201b080                system__fat_flt__fat_float__compose
                0x0201b380                system__fat_flt__fat_float__exponent
                0x0201b408                system__fat_flt__fat_float__fraction
                0x0201b2f8                system__fat_flt__fat_float__gradual_scaling
                0x0201b56c                system__fat_flt__fat_float__remainder
                0x0201b6f4                system__fat_flt__fat_float__rounding
                0x0201afc8                system__fat_flt__fat_float__adjacent
                0x0201b894                system__fat_flt__fat_float__succ
                0x0201bad4                system__fat_flt__fat_float__valid
                0x0201b0b0                system__fat_flt__fat_float__copy_sign
                0x0201b48c                system__fat_flt__fat_float__machine
 .text          0x0201baf4      0x1d4 /usr/local/openravenscar/lib/gcc-lib/sparc-ork-elf/2.8.1/adalib/libgnat.a(s-ficobl.o)
                0x0201bc94                system__file_control_block___init_proc
                0x0201bb04                system__file_control_block___elabs
                0x0201baf4                system__file_control_block___size
 .text          0x0201bcc8     0x2084 /usr/local/openravenscar/lib/gcc-lib/sparc-ork-elf/2.8.1/adalib/libgnat.a(s-fileio.o)
                0x0201c100                system__file_io__check_file_open
                0x0201d9b4                system__file_io__make_unbuffered
                0x0201c638                system__file_io__flush
                0x0201dd3c                system__file_io___init_proc__2
                0x0201cb60                system__file_io__mode
                0x0201d9d8                system__file_io__make_line_buffered
                0x0201d74c                system__file_io__read_buf__2
                0x0201c0d4                system__file_io___deep_finalize__2
                0x0201c478                system__file_io__delete
                0x0201c74c                system__file_io__form
                0x0201bee0                system__file_io___assign__2
                0x0201c5d0                system__file_io__finalize__2
                0x0201d7cc                system__file_io__reset
                0x0201c568                system__file_io__end_of_file
                0x0201c290                system__file_io__close
                0x0201da20                system__file_io___elabb
                0x0201c0ac                system__file_io___deep_adjust__2
                0x0201beb0                system__file_io___output__2
                0x0201c680                system__file_io__fopen_mode
                0x0201cb9c                system__file_io__name
                0x0201cb54                system__file_io__is_open
                0x0201d930                system__file_io__write_buf
                0x0201c9e0                system__file_io__form_parameter
                0x0201c224                system__file_io__check_write_status
                0x0201bd40                system__file_io___input__2
                0x0201c8d0                system__file_io__form_integer
                0x0201bcd8                system__file_io___read__2
                0x0201cc6c                system__file_io__open
                0x0201c190                system__file_io__chain_file
                0x0201bcc8                system__file_io___size__2
                0x0201bcf0                system__file_io___write__2
                0x0201bec8                system__file_io__Oeq
                0x0201dd00                system__file_io___init_proc
                0x0201c81c                system__file_io__form_boolean
                0x0201d7ac                system__file_io__reset__2
                0x0201c138                system__file_io__append_set
                0x0201d9fc                system__file_io__make_buffered
                0x0201d690                system__file_io__read_buf
                0x0201c1b8                system__file_io__check_read_status
 .text          0x0201dd4c     0x13dc /usr/local/openravenscar/lib/gcc-lib/sparc-ork-elf/2.8.1/adalib/libgnat.a(s-finimp.o)
                0x0201ef6c                system__finalization_implementation__deep_tag_attach
                0x0201df78                system__finalization_implementation___read__2
                0x0201e5cc                system__finalization_implementation__detach_from_final_list
                0x0201de10                system__finalization_implementation___output
                0x0201ea28                system__finalization_implementation__finalize_list
                0x0201e044                system__finalization_implementation__Oeq__2
                0x0201f0f8                system__finalization_implementation___init_proc__2
                0x0201de70                system__finalization_implementation___assign
                0x0201f024                system__finalization_implementation__initialize__2
                0x0201e430                system__finalization_implementation__attach_to_final_list
                0x0201edd0                system__finalization_implementation__deep_tag_adjust
                0x0201e08c                system__finalization_implementation___assign__2
                0x0201de28                system__finalization_implementation__Oeq
                0x0201ddb8                system__finalization_implementation___input
                0x0201dd94                system__finalization_implementation___write
                0x0201ece0                system__finalization_implementation__deep_tag_initialize
                0x0201f01c                system__finalization_implementation__initialize
                0x0201f0d4                system__finalization_implementation___init_proc
                0x0201df9c                system__finalization_implementation___write__2
                0x0201e18c                system__finalization_implementation___elabs
                0x0201e02c                system__finalization_implementation___output__2
                0x0201dfc0                system__finalization_implementation___input__2
                0x0201dd5c                system__finalization_implementation___read
                0x0201eb94                system__finalization_implementation__finalize_one
                0x0201ee9c                system__finalization_implementation__deep_tag_finalize
                0x0201eb6c                system__finalization_implementation__finalize_global_list
                0x0201f0c0                system__finalization_implementation__finalize
                0x0201df68                system__finalization_implementation___size__2
                0x0201f08c                system__finalization_implementation__adjust__2
                0x0201dd4c                system__finalization_implementation___size
 .text          0x0201f128      0x658 /usr/local/openravenscar/lib/gcc-lib/sparc-ork-elf/2.8.1/adalib/libgnat.a(s-finroo.o)
                0x0201f128                system__finalization_root___size
                0x0201f75c                system__finalization_root___init_proc__2
                0x0201f138                system__finalization_root___read
                0x0201f470                system__finalization_root___elabs
                0x0201f328                system__finalization_root__Oeq__2
                0x0201f2b8                system__finalization_root___input__2
                0x0201f140                system__finalization_root___write
                0x0201f150                system__finalization_root___assign
                0x0201f71c                system__finalization_root__finalize
                0x0201f310                system__finalization_root___output__2
                0x0201f6bc                system__finalization_root__initialize
                0x0201f148                system__finalization_root__Oeq
                0x0201f230                system__finalization_root___read__2
                0x0201f288                system__finalization_root___write__2
                0x0201f220                system__finalization_root___size__2
                0x0201f6ec                system__finalization_root__adjust
                0x0201f380                system__finalization_root___assign__2
                0x0201f74c                system__finalization_root___init_proc
 .text          0x0201f780      0x1b4 /usr/local/openravenscar/lib/gcc-lib/sparc-ork-elf/2.8.1/adalib/libgnat.a(s-imgint.o)
                0x0201f8bc                system__img_int__set_image_integer
                0x0201f780                system__img_int__image_integer
 .text          0x0201f934      0xbc8 /usr/local/openravenscar/lib/gcc-lib/sparc-ork-elf/2.8.1/adalib/libgnat.a(s-imgrea.o)
                0x0201f934                system__img_real__image_ordinary_fixed_point
                0x02020020                system__img_real__set_image_real
                0x0201fa08                system__img_real__image_floating_point
 .text          0x020204fc      0x160 /usr/local/openravenscar/lib/gcc-lib/sparc-ork-elf/2.8.1/adalib/libgnat.a(s-imguns.o)
                0x020204fc                system__img_uns__image_unsigned
                0x0202061c                system__img_uns__set_image_unsigned
 .text          0x0202065c       0x40 /usr/local/openravenscar/lib/gcc-lib/sparc-ork-elf/2.8.1/adalib/libgnat.a(s-mastop.o)
                0x02020674                system__machine_state_operations__get_code_loc
                0x0202065c                system__machine_state_operations__allocate_machine_state
                0x02020694                system__machine_state_operations__set_signal_machine_state
                0x0202066c                system__machine_state_operations__free_machine_state
                0x0202067c                system__machine_state_operations__machine_state_length
                0x02020664                system__machine_state_operations__enter_handler
                0x0202068c                system__machine_state_operations__set_machine_state
                0x02020684                system__machine_state_operations__pop_frame
 .text          0x0202069c       0x50 /usr/local/openravenscar/lib/gcc-lib/sparc-ork-elf/2.8.1/adalib/libgnat.a(s-parame.o)
                0x020206a4                system__parameters__minimum_stack_size
                0x020206ac                system__parameters__adjust_storage_size
                0x0202069c                system__parameters__default_stack_size
 .text          0x020206ec      0x314 /usr/local/openravenscar/lib/gcc-lib/sparc-ork-elf/2.8.1/adalib/libgnat.a(s-secsta.o)
                0x020209f8                system__secondary_stack___init_proc__2
                0x0202099c                system__secondary_stack___elabb
                0x020206ec                system__secondary_stack__ss_allocate
                0x020208e0                system__secondary_stack__ss_free
                0x0202097c                system__secondary_stack__ss_release
                0x0202095c                system__secondary_stack__ss_mark
                0x020209e4                system__secondary_stack___init_proc
                0x0202087c                system__secondary_stack__ss_init
 .text          0x02020a00      0x1fc /usr/local/openravenscar/lib/gcc-lib/sparc-ork-elf/2.8.1/adalib/libgnat.a(s-sopco3.o)
                0x02020a00                system__string_ops_concat_3__str_concat_3
 .text          0x02020bfc      0x1e4 /usr/local/openravenscar/lib/gcc-lib/sparc-ork-elf/2.8.1/adalib/libgnat.a(s-stache.o)
                0x02020bfc                system__stack_checking___elabs
                0x02020c14                _gnat_stack_check
                0x02020d98                system__stack_checking__set_stack_size
                0x02020dd0                system__stack_checking___init_proc
                0x02020ca0                system__stack_checking__invalidate_stack_cache
                0x02020dc0                system__stack_checking__update_stack_cache
 .text          0x02020de0       0x28 /usr/local/openravenscar/lib/gcc-lib/sparc-ork-elf/2.8.1/adalib/libgnat.a(s-stalib.o)
                0x02020de0                system__standard_library__abort_undefer_direct
                0x02020dfc                system__standard_library___init_proc
 .text          0x02020e08       0x64 /usr/local/openravenscar/lib/gcc-lib/sparc-ork-elf/2.8.1/adalib/libgnat.a(s-stoele.o)
                0x02020e28                system__storage_elements__Omod
                0x02020e5c                system__storage_elements__to_address
                0x02020e10                system__storage_elements__Oadd__2
                0x02020e18                system__storage_elements__Osubtract
                0x02020e08                system__storage_elements__Oadd
                0x02020e64                system__storage_elements__to_integer
                0x02020e20                system__storage_elements__Osubtract__2
 .text          0x02020e6c     0x102c /usr/local/openravenscar/lib/gcc-lib/sparc-ork-elf/2.8.1/adalib/libgnat.a(s-stratt.o)
                0x02021584                system__stream_attributes__i_si
                0x0202183c                system__stream_attributes__w_ad
                0x02020f74                system__stream_attributes__i_b
                0x02021930                system__stream_attributes__w_c
                0x0202114c                system__stream_attributes__i_lf
                0x020214fc                system__stream_attributes__i_sf
                0x02021db8                system__stream_attributes__w_su
                0x02020fd8                system__stream_attributes__i_c
                0x0202127c                system__stream_attributes__i_llf
                0x020216c4                system__stream_attributes__i_su
                0x020213cc                system__stream_attributes__i_llu
                0x02021cb4                system__stream_attributes__w_sf
                0x0202173c                system__stream_attributes__i_u
                0x02021e54                system__stream_attributes__w_wc
                0x02020e6c                system__stream_attributes__i_ad
                0x02021dfc                system__stream_attributes__w_u
                0x02021c5c                system__stream_attributes__w_lu
                0x020218fc                system__stream_attributes__w_b
                0x02021b64                system__stream_attributes__w_lli
                0x02021660                system__stream_attributes__i_ssu
                0x020211f4                system__stream_attributes__i_li
                0x02021d50                system__stream_attributes__w_ssi
                0x02021d0c                system__stream_attributes__w_si
                0x02021a14                system__stream_attributes__w_lf
                0x020215fc                system__stream_attributes__i_ssi
                0x0202103c                system__stream_attributes__i_f
                0x02021a90                system__stream_attributes__w_li
                0x020218ac                system__stream_attributes__w_as
                0x020219bc                system__stream_attributes__w_i
                0x020210c4                system__stream_attributes__i_i
                0x02021324                system__stream_attributes__i_lli
                0x020217c4                system__stream_attributes__i_wc
                0x02021ae8                system__stream_attributes__w_llf
                0x02021d84                system__stream_attributes__w_ssu
                0x02020ee4                system__stream_attributes__i_as
                0x02021964                system__stream_attributes__w_f
                0x02021be0                system__stream_attributes__w_llu
                0x02021474                system__stream_attributes__i_lu
 .text          0x02021e98      0x5b8 /usr/local/openravenscar/lib/gcc-lib/sparc-ork-elf/2.8.1/adalib/libgnat.a(s-strops.o)
                0x020222bc                system__string_ops__str_equal
                0x02022194                system__string_ops__str_concat_sc
                0x020223cc                system__string_ops__str_normalize
                0x02021e98                system__string_ops__str_concat
                0x020220b8                system__string_ops__str_concat_cs
                0x0202240c                system__string_ops__wide_str_normalize
                0x02022058                system__string_ops__str_concat_cc
 .text          0x02022450      0x298 /usr/local/openravenscar/lib/gcc-lib/sparc-ork-elf/2.8.1/adalib/libgnat.a(s-soflin.o)
                0x020225b4                system__soft_links__set_jmpbuf_address_soft
                0x02022520                system__soft_links__get_stack_info_nt
                0x0202267c                system__soft_links___elabb
                0x02022514                system__soft_links__get_current_excep_nt
                0x02022624                system__soft_links__set_exc_stack_addr_soft
                0x02022450                system__soft_links__abort_defer_nt
                0x02022484                system__soft_links__check_abort_status_nt
                0x020224cc                system__soft_links__get_sec_stack_addr_nt
                0x020224c0                system__soft_links__set_jmpbuf_address_nt
                0x020224a4                system__soft_links__task_lock_nt
                0x02022660                system__soft_links__set_machine_state_addr_soft
                0x02022494                system__soft_links__current_master_nt
                0x02022458                system__soft_links__abort_handler_nt
                0x02022550                system__soft_links__destroy_tsd
                0x02022608                system__soft_links__get_exc_stack_addr_soft
                0x020224b4                system__soft_links__get_jmpbuf_address_nt
                0x02022460                system__soft_links__abort_undefer_nt
                0x0202252c                system__soft_links__create_tsd
                0x020224f0                system__soft_links__set_machine_state_addr_nt
                0x020224d8                system__soft_links__set_sec_stack_addr_nt
                0x02022468                system__soft_links__update_exception_nt
                0x02022508                system__soft_links__set_exc_stack_addr_nt
                0x020226bc                system__soft_links___init_proc
                0x02022598                system__soft_links__get_jmpbuf_address_soft
                0x0202249c                system__soft_links__enter_master_nt
                0x02022644                system__soft_links__get_machine_state_addr_soft
                0x020225ec                system__soft_links__set_sec_stack_addr_soft
                0x020224ac                system__soft_links__task_unlock_nt
                0x02022574                system__soft_links__get_gnat_exception
                0x020225d0                system__soft_links__get_sec_stack_addr_soft
                0x0202248c                system__soft_links__complete_master_nt
                0x020224e4                system__soft_links__get_machine_state_addr_nt
                0x020224fc                system__soft_links__get_exc_stack_addr_nt
 .text          0x020226e8       0x68 /usr/local/openravenscar/lib/gcc-lib/sparc-ork-elf/2.8.1/adalib/libgnat.a(s-traceb.o)
                0x020226fc                system__traceback__get_code_loc
                0x02022724                system__traceback__pop_frame
                0x02022710                system__traceback__free_machine_state
                0x020226e8                system__traceback__allocate_machine_state
                0x0202273c                system__traceback__set_machine_state
 .text          0x02022750      0x894 /usr/local/openravenscar/lib/gcc-lib/sparc-ork-elf/2.8.1/adalib/libgnat.a(a-adaint.o)
                0x020228e0                get_object_suffix_ptr
                0x0202288c                Get_Default_Identifier_Character_Set
                0x02022874                Get_Maximum_File_Name_Length
                0x02022884                Get_File_Names_Case_Sensitive
                0x02022afc                file_time_name
                0x0202289c                Get_Pathsep_Char
                0x0202297c                open_read
                0x02022894                Get_Dirsep_Char
                0x02022b94                is_regular_file
                0x0202287c                Get_Switch_Character
                0x02022d48                locate_regular_file
                0x02022f98                to_canonical_file_list_next
                0x02022fc4                to_host_dir_spec
                0x02022b74                __gnat_file_exists
                0x02022a68                __gnat_mkdir
                0x02022fbc                to_canonical_path_spec
                0x02022c14                is_writable_file
                0x02022a40                open_new_temp
                0x02022c48                portable_spawn
                0x02022fac                to_canonical_dir_spec
                0x02022b34                get_env_value_ptr
                0x02022b18                file_time_fd
                0x02022af4                readdir_is_thread_safe
                0x02022a18                open_new
                0x02022750                to_gm_time
                0x020227c4                Try_Lock
                0x02022fb4                to_canonical_file_spec
                0x02022d04                portable_wait
                0x02022f90                to_canonical_file_list_init
                0x02022fdc                convert_addresses
                0x02022914                get_executable_suffix_ptr
                0x02022bd4                is_directory
                0x020229f0                open_append
                0x020229c8                open_create
                0x020229a0                open_rw
                0x02022a80                file_length
                0x02022ac0                readdir_gnat
                0x02022fd4                adjust_os_resource_limits
                0x02022ed4                locate_exec
                0x02022cc4                portable_no_block_spawn
                0x02022d34                os_exit
                0x02022b68                Get_Libraries_From_Registry
                0x02022fa4                to_canonical_file_list_free
                0x020228a4                Get_Current_Dir
                0x02022fcc                to_host_file_spec
                0x02022f48                locate_exec_on_path
                0x02022948                get_debuggable_suffix_ptr
 .text          0x02022fe4       0xfc /usr/local/openravenscar/lib/gcc-lib/sparc-ork-elf/2.8.1/adalib/libgnat.a(a-argv.o)
                0x020230ac                fill_env
                0x02023050                env_count
                0x0202308c                len_env
                0x02022fe4                arg_count
                0x02022ff0                gnat_argval
                0x0202301c                fill_arg
                0x02022ffc                len_arg
 .text          0x020230e0      0x14c /usr/local/openravenscar/lib/gcc-lib/sparc-ork-elf/2.8.1/adalib/libgnat.a(a-cio.o)
                0x02023100                put_int
                0x0202311c                get_char
                0x020230e0                get_int
                0x0202320c                put_char_stderr
                0x0202316c                put_char
 .text          0x0202322c      0x10c /usr/local/openravenscar/lib/gcc-lib/sparc-ork-elf/2.8.1/adalib/libgnat.a(a-cstrea.o)
                0x0202324c                fileno__
                0x020232d0                full_name
                0x02023260                is_regular_file_fd
                0x020232a0                c_constant_stderr
                0x0202322c                feof__
                0x020232b0                c_constant_stdin
                0x0202323c                ferror__
                0x020232c0                c_constant_stdout
 .text          0x02023338        0xc /usr/local/openravenscar/lib/gcc-lib/sparc-ork-elf/2.8.1/adalib/libgnat.a(a-exit.o)
                0x02023338                set_gnat_exit_status
 .text          0x02023344      0x1f4 /usr/local/openravenscar/lib/gcc-lib/sparc-ork-elf/2.8.1/adalib/libgnat.a(a-raise.o)
                0x02023344                _gnat_builtin_longjmp
                0x0202339c                __gnat_malloc
                0x02023454                __gnat_free
                0x02023384                __gnat_unhandled_terminate
                0x02023490                __gnat_realloc
 .text          0x02023538       0xac /usr/local/openravenscar/lib/gcc-lib/sparc-ork-elf/2.8.1/adalib/libgnat.a(a-sysdep.o)
                0x02023540                set_text_mode
                0x02023548                getc_immediate
                0x0202356c                getc_immediate_nowait
                0x020235cc                __gnat_localtime_r
                0x02023538                set_binary_mode
                0x02023590                getc_immediate_common
 .text          0x020235e4      0x410 /usr/local/openravenscar/lib/gcc-lib/sparc-ork-elf/2.8.1/adalib/libgnat.a(a-init.o)
                0x020237d8                __gnat_pop_frame
                0x020239ec                __gnat_init_float
                0x020235e4                __gnat_set_globals
                0x020239e4                __gnat_get_code_loc
                0x0202363c                __gnat_initialize
                0x02023928                __gnat_enter_handler
                0x020239dc                __gnat_machine_state_length
                0x0202387c                __gnat_set_machine_state
 .text          0x020239f4        0x8 /usr/local/openravenscar/lib/gcc-lib/sparc-ork-elf/2.8.1/adalib/libgnat.a(a-final.o)
                0x020239f4                __gnat_finalize
 .text          0x020239fc      0xc1c /usr/local/openravenscar/lib/gcc-lib/sparc-ork-elf/2.8.1/adalib/libgnat.a(s-fatllf.o)
                0x02023b00                system__fat_llf__fat_long_long_float__copy_sign
                0x02023d70                system__fat_llf__fat_long_long_float__gradual_scaling
                0x02024544                system__fat_llf__fat_long_long_float__unbiased_rounding
                0x02023e08                system__fat_llf__fat_long_long_float__exponent
                0x02023acc                system__fat_llf__fat_long_long_float__compose
                0x02023e34                system__fat_llf__fat_long_long_float__floor
                0x020239fc                system__fat_llf__fat_long_long_float__adjacent
                0x02023f60                system__fat_llf__fat_long_long_float__pred
                0x02023ea0                system__fat_llf__fat_long_long_float__fraction
                0x02024020                system__fat_llf__fat_long_long_float__remainder
                0x02024268                system__fat_llf__fat_long_long_float__scaling
                0x02023a60                system__fat_llf__fat_long_long_float__ceiling
                0x02023b64                system__fat_llf__fat_long_long_float__decompose
                0x02024390                system__fat_llf__fat_long_long_float__succ
                0x02023ecc                system__fat_llf__fat_long_long_float__leading_part
                0x020241d0                system__fat_llf__fat_long_long_float__rounding
                0x02023f48                system__fat_llf__fat_long_long_float__model
                0x020245f0                system__fat_llf__fat_long_long_float__valid
                0x02024480                system__fat_llf__fat_long_long_float__truncation
                0x02023f34                system__fat_llf__fat_long_long_float__machine
 .text          0x02024618      0x18c /usr/local/openravenscar/lib/gcc-lib/sparc-ork-elf/2.8.1/adalib/libgnat.a(s-imgllu.o)
                0x02024618                system__img_llu__image_long_long_unsigned
                0x02024760                system__img_llu__set_image_long_long_unsigned
 .text          0x020247a4      0x294 /usr/local/openravenscar/sparc-ork-elf/lib/libm.a(s_atan.o)
                0x020247a4                atan
 .text          0x02024a38       0xf0 /usr/local/openravenscar/sparc-ork-elf/lib/libm.a(s_cos.o)
                0x02024a38                cos
 .text          0x02024b28       0x2c /usr/local/openravenscar/sparc-ork-elf/lib/libm.a(s_fabs.o)
                0x02024b28                fabs
 .text          0x02024b54       0xf0 /usr/local/openravenscar/sparc-ork-elf/lib/libm.a(s_sin.o)
                0x02024b54                sin
 .text          0x02024c44       0x9c /usr/local/openravenscar/sparc-ork-elf/lib/libm.a(s_tan.o)
                0x02024c44                tan
 .text          0x02024ce0      0x134 /usr/local/openravenscar/sparc-ork-elf/lib/libm.a(s_tanh.o)
                0x02024ce0                tanh
 .text          0x02024e14       0xf8 /usr/local/openravenscar/sparc-ork-elf/lib/libm.a(w_acos.o)
                0x02024e14                acos
 .text          0x02024f0c       0xf8 /usr/local/openravenscar/sparc-ork-elf/lib/libm.a(w_asin.o)
                0x02024f0c                asin
 .text          0x02025004      0x1c0 /usr/local/openravenscar/sparc-ork-elf/lib/libm.a(w_exp.o)
                0x02025004                exp
 .text          0x020251c4      0x184 /usr/local/openravenscar/sparc-ork-elf/lib/libm.a(w_log.o)
                0x020251c4                log
 .text          0x02025348      0x60c /usr/local/openravenscar/sparc-ork-elf/lib/libm.a(w_pow.o)
                0x02025348                pow
 .text          0x02025954      0x118 /usr/local/openravenscar/sparc-ork-elf/lib/libm.a(w_sqrt.o)
                0x02025954                sqrt
 .text          0x02025a6c      0x3ac /usr/local/openravenscar/sparc-ork-elf/lib/libm.a(e_acos.o)
                0x02025a6c                __ieee754_acos
 .text          0x02025e18      0x340 /usr/local/openravenscar/sparc-ork-elf/lib/libm.a(e_asin.o)
                0x02025e18                __ieee754_asin
 .text          0x02026158      0x2f0 /usr/local/openravenscar/sparc-ork-elf/lib/libm.a(e_exp.o)
                0x02026158                __ieee754_exp
 .text          0x02026448      0x310 /usr/local/openravenscar/sparc-ork-elf/lib/libm.a(e_log.o)
                0x02026448                __ieee754_log
 .text          0x02026758      0x99c /usr/local/openravenscar/sparc-ork-elf/lib/libm.a(e_pow.o)
                0x02026758                __ieee754_pow
 .text          0x020270f4      0x3d8 /usr/local/openravenscar/sparc-ork-elf/lib/libm.a(e_rem_pio2.o)
                0x020270f4                __ieee754_rem_pio2
 .text          0x020274cc      0x264 /usr/local/openravenscar/sparc-ork-elf/lib/libm.a(e_sqrt.o)
                0x020274cc                __ieee754_sqrt
 .text          0x02027730      0x17c /usr/local/openravenscar/sparc-ork-elf/lib/libm.a(k_cos.o)
                0x02027730                __kernel_cos
 .text          0x020278ac      0x838 /usr/local/openravenscar/sparc-ork-elf/lib/libm.a(k_rem_pio2.o)
                0x020278ac                __kernel_rem_pio2
 .text          0x020280e4      0x11c /usr/local/openravenscar/sparc-ork-elf/lib/libm.a(k_sin.o)
                0x020280e4                __kernel_sin
 .text          0x02028200      0x2b4 /usr/local/openravenscar/sparc-ork-elf/lib/libm.a(k_tan.o)
                0x02028200                __kernel_tan
 .text          0x020284b4      0x40c /usr/local/openravenscar/sparc-ork-elf/lib/libm.a(s_expm1.o)
                0x020284b4                expm1
 .text          0x020288c0       0x18 /usr/local/openravenscar/sparc-ork-elf/lib/libm.a(s_finite.o)
                0x020288c0                finite
 .text          0x020288d8      0x1a0 /usr/local/openravenscar/sparc-ork-elf/lib/libm.a(s_floor.o)
                0x020288d8                floor
 .text          0x02028a78       0x28 /usr/local/openravenscar/sparc-ork-elf/lib/libm.a(s_isnan.o)
                0x02028a78                isnan
 .text          0x02028aa0        0x8 /usr/local/openravenscar/sparc-ork-elf/lib/libm.a(s_matherr.o)
                0x02028aa0                matherr
 .text          0x02028aa8      0x1c8 /usr/local/openravenscar/sparc-ork-elf/lib/libm.a(s_rint.o)
                0x02028aa8                rint
 .text          0x02028c70      0x1d8 /usr/local/openravenscar/sparc-ork-elf/lib/libm.a(s_scalbn.o)
                0x02028c70                scalbn
 .text          0x02028e48       0x40 /usr/local/openravenscar/sparc-ork-elf/lib/libm.a(s_copysign.o)
                0x02028e48                copysign
 .text          0x02028e88        0x8 /usr/local/openravenscar/lib/gcc-lib/sparc-ork-elf/2.8.1/libgcc.a(__dummy.o)
                0x02028e88                __dummy
 .text          0x02028e90       0x48 /usr/local/openravenscar/lib/gcc-lib/sparc-ork-elf/2.8.1/libgcc.a(_ashldi3.o)
                0x02028e90                __ashldi3
 .text          0x02028ed8       0x38 /usr/local/openravenscar/lib/gcc-lib/sparc-ork-elf/2.8.1/libgcc.a(_cmpdi2.o)
                0x02028ed8                __cmpdi2
 .text          0x02028f10      0x3c0 /usr/local/openravenscar/lib/gcc-lib/sparc-ork-elf/2.8.1/libgcc.a(_divdi3.o)
                0x02028f10                __divdi3
 .text          0x020292d0      0x1f4 /usr/local/openravenscar/lib/gcc-lib/sparc-ork-elf/2.8.1/libgcc.a(_divsi3.o)
                0x020292d0                udiv
                0x020292dc                div
 .text          0x020294c4       0x58 /usr/local/openravenscar/lib/gcc-lib/sparc-ork-elf/2.8.1/libgcc.a(_fixsfdi.o)
                0x020294c4                __fixsfdi
 .text          0x0202951c      0x1c0 /usr/local/openravenscar/lib/gcc-lib/sparc-ork-elf/2.8.1/libgcc.a(_fixunsdfdi.o)
                0x0202951c                __fixunsdfdi
 .text          0x020296dc      0x1c8 /usr/local/openravenscar/lib/gcc-lib/sparc-ork-elf/2.8.1/libgcc.a(_fixunssfdi.o)
                0x020296dc                __fixunssfdi
 .text          0x020298a4       0x54 /usr/local/openravenscar/lib/gcc-lib/sparc-ork-elf/2.8.1/libgcc.a(_floatdidf.o)
                0x020298a4                __floatdidf
 .text          0x020298f8       0xa8 /usr/local/openravenscar/lib/gcc-lib/sparc-ork-elf/2.8.1/libgcc.a(_floatdisf.o)
                0x020298f8                __floatdisf
 .text          0x020299a0       0x48 /usr/local/openravenscar/lib/gcc-lib/sparc-ork-elf/2.8.1/libgcc.a(_lshrdi3.o)
                0x020299a0                __lshrdi3
 .text          0x020299e8      0x1f4 /usr/local/openravenscar/lib/gcc-lib/sparc-ork-elf/2.8.1/libgcc.a(_modsi3.o)
                0x020299e8                urem
                0x020299f4                rem
 .text          0x02029bdc       0xe0 /usr/local/openravenscar/lib/gcc-lib/sparc-ork-elf/2.8.1/libgcc.a(_muldi3.o)
                0x02029bdc                __muldi3
 .text          0x02029cbc       0xe8 /usr/local/openravenscar/lib/gcc-lib/sparc-ork-elf/2.8.1/libgcc.a(_mulsi3.o)
                0x02029cbc                umul
 .text          0x02029da4      0x340 /usr/local/openravenscar/lib/gcc-lib/sparc-ork-elf/2.8.1/libgcc.a(_udivdi3.o)
                0x02029da4                __udivdi3
 .text          0x0202a0e4      0x39c /usr/local/openravenscar/lib/gcc-lib/sparc-ork-elf/2.8.1/libgcc.a(_umoddi3.o)
                0x0202a0e4                __umoddi3
 .text          0x0202a480      0xa48 /usr/local/openravenscar/lib/gcc-lib/sparc-ork-elf/2.8.1/libgcc.a(frame.o)
                0x0202ada4                __frame_state_for
                0x0202ad3c                __deregister_frame_info
                0x0202ad14                __register_frame_info_table
                0x0202acec                __register_frame_info
 .text          0x0202aec8       0x20 /usr/local/openravenscar/sparc-ork-elf/lib/libc.a(abort.o)
                0x0202aec8                abort
 .text          0x0202aee8       0x1c /usr/local/openravenscar/sparc-ork-elf/lib/libc.a(atoi.o)
                0x0202aee8                atoi
 .text          0x0202af04       0x10 /usr/local/openravenscar/sparc-ork-elf/lib/libc.a(clearerr.o)
                0x0202af04                clearerr
 .text          0x0202af14        0xc /usr/local/openravenscar/sparc-ork-elf/lib/libc.a(errno.o)
                0x0202af14                __errno
 .text          0x0202af20       0x8c /usr/local/openravenscar/sparc-ork-elf/lib/libc.a(exit.o)
                0x0202af20                exit
 .text          0x0202afac      0x110 /usr/local/openravenscar/sparc-ork-elf/lib/libc.a(fclose.o)
                0x0202afac                fclose
 .text          0x0202b0bc       0xf0 /usr/local/openravenscar/sparc-ork-elf/lib/libc.a(fflush.o)
                0x0202b0bc                fflush
 .text          0x0202b1ac       0x44 /usr/local/openravenscar/sparc-ork-elf/lib/libc.a(fgetc.o)
                0x0202b1ac                fgetc
 .text          0x0202b1f0       0x48 /usr/local/openravenscar/sparc-ork-elf/lib/libc.a(fileno.o)
                0x0202b1f0                fileno
 .text          0x0202b238      0x228 /usr/local/openravenscar/sparc-ork-elf/lib/libc.a(findfp.o)
                0x0202b3f0                __sinit
                0x0202b294                __sfmoreglue
                0x0202b3d8                _cleanup
                0x0202b3bc                _cleanup_r
                0x0202b2ec                __sfp
 .text          0x0202b460       0xd8 /usr/local/openravenscar/sparc-ork-elf/lib/libc.a(fopen.o)
                0x0202b518                fopen
                0x0202b460                _fopen_r
 .text          0x0202b538       0x90 /usr/local/openravenscar/sparc-ork-elf/lib/libc.a(fputc.o)
                0x0202b538                fputc
 .text          0x0202b5c8       0xcc /usr/local/openravenscar/sparc-ork-elf/lib/libc.a(fread.o)
                0x0202b5c8                fread
 .text          0x0202b694      0x3c0 /usr/local/openravenscar/sparc-ork-elf/lib/libc.a(freer.o)
                0x0202b694                _free_r
                0x0202b930                _malloc_trim_r
 .text          0x0202ba54      0x1a8 /usr/local/openravenscar/sparc-ork-elf/lib/libc.a(freopen.o)
                0x0202ba54                freopen
 .text          0x0202bbfc      0x474 /usr/local/openravenscar/sparc-ork-elf/lib/libc.a(fseek.o)
                0x0202bbfc                fseek
 .text          0x0202c070       0x38 /usr/local/openravenscar/sparc-ork-elf/lib/libc.a(fstatr.o)
                0x0202c070                _fstat_r
 .text          0x0202c0a8       0x60 /usr/local/openravenscar/sparc-ork-elf/lib/libc.a(fwalk.o)
                0x0202c0a8                _fwalk
 .text          0x0202c108       0x68 /usr/local/openravenscar/sparc-ork-elf/lib/libc.a(fwrite.o)
                0x0202c108                fwrite
 .text          0x0202c170       0x40 /usr/local/openravenscar/sparc-ork-elf/lib/libc.a(getenv.o)
                0x0202c190                getenv
                0x0202c170                _findenv
 .text          0x0202c1b0      0x100 /usr/local/openravenscar/sparc-ork-elf/lib/libc.a(getenv_r.o)
                0x0202c1b0                _findenv_r
                0x0202c294                _getenv_r
 .text          0x0202c2b0       0x1c /usr/local/openravenscar/sparc-ork-elf/lib/libc.a(gmtime.o)
                0x0202c2b0                gmtime
 .text          0x0202c2cc       0x20 /usr/local/openravenscar/sparc-ork-elf/lib/libc.a(lcltime.o)
                0x0202c2cc                localtime
 .text          0x0202c2ec      0x21c /usr/local/openravenscar/sparc-ork-elf/lib/libc.a(lcltime_r.o)
                0x0202c2ec                localtime_r
 .text          0x0202c508      0x144 /usr/local/openravenscar/sparc-ork-elf/lib/libc.a(makebuf.o)
                0x0202c508                __smakebuf
 .text          0x0202c64c       0x38 /usr/local/openravenscar/sparc-ork-elf/lib/libc.a(malloc.o)
                0x0202c64c                malloc
                0x0202c668                free
 .text          0x0202c684      0x774 /usr/local/openravenscar/sparc-ork-elf/lib/libc.a(mallocr.o)
                0x0202c850                _malloc_r
 .text          0x0202cdf8       0x80 /usr/local/openravenscar/sparc-ork-elf/lib/libc.a(memcmp.o)
                0x0202cdf8                memcmp
 .text          0x0202ce78       0xc4 /usr/local/openravenscar/sparc-ork-elf/lib/libc.a(memcpy.o)
                0x0202ce78                memcpy
 .text          0x0202cf3c       0xa4 /usr/local/openravenscar/sparc-ork-elf/lib/libc.a(memset.o)
                0x0202cf3c                memset
 .text          0x0202cfe0       0x10 /usr/local/openravenscar/sparc-ork-elf/lib/libc.a(mlock.o)
                0x0202cfe8                __malloc_unlock
                0x0202cfe0                __malloc_lock
 .text          0x0202cff0       0x3c /usr/local/openravenscar/sparc-ork-elf/lib/libc.a(openr.o)
                0x0202cff0                _open_r
 .text          0x0202d02c       0x70 /usr/local/openravenscar/sparc-ork-elf/lib/libc.a(printf.o)
                0x0202d05c                printf
                0x0202d02c                _printf_r
 .text          0x0202d09c       0x20 /usr/local/openravenscar/sparc-ork-elf/lib/libc.a(realloc.o)
                0x0202d09c                realloc
 .text          0x0202d0bc      0x50c /usr/local/openravenscar/sparc-ork-elf/lib/libc.a(reallocr.o)
                0x0202d0bc                _realloc_r
 .text          0x0202d5c8      0x19c /usr/local/openravenscar/sparc-ork-elf/lib/libc.a(refill.o)
                0x0202d5dc                __srefill
 .text          0x0202d764       0x28 /usr/local/openravenscar/sparc-ork-elf/lib/libc.a(rewind.o)
                0x0202d764                rewind
 .text          0x0202d78c       0x40 /usr/local/openravenscar/sparc-ork-elf/lib/libc.a(rget.o)
                0x0202d78c                __srget
 .text          0x0202d7cc       0x34 /usr/local/openravenscar/sparc-ork-elf/lib/libc.a(sbrkr.o)
                0x0202d7cc                _sbrk_r
 .text          0x0202d800       0x64 /usr/local/openravenscar/sparc-ork-elf/lib/libc.a(scanf.o)
                0x0202d838                _scanf_r
                0x0202d800                scanf
 .text          0x0202d864      0x188 /usr/local/openravenscar/sparc-ork-elf/lib/libc.a(setvbuf.o)
                0x0202d864                setvbuf
 .text          0x0202d9ec      0x24c /usr/local/openravenscar/sparc-ork-elf/lib/libc.a(signal.o)
                0x0202da48                _signal_r
                0x0202daa4                _raise_r
                0x0202db40                __sigtramp_r
                0x0202dbe4                signal
                0x0202dc04                _init_signal
                0x0202d9ec                _init_signal_r
                0x0202dc1c                __sigtramp
                0x0202dbc8                raise
 .text          0x0202dc38       0x4c /usr/local/openravenscar/sparc-ork-elf/lib/libc.a(signalr.o)
                0x0202dc38                _kill_r
                0x0202dc70                _getpid_r
 .text          0x0202dc84       0xb4 /usr/local/openravenscar/sparc-ork-elf/lib/libc.a(sprintf.o)
                0x0202dc84                _sprintf_r
                0x0202dcd8                sprintf
 .text          0x0202dd38      0x104 /usr/local/openravenscar/sparc-ork-elf/lib/libc.a(stdio.o)
                0x0202ddd4                __sseek
                0x0202dd38                __sread
                0x0202de24                __sclose
                0x0202dd84                __swrite
 .text          0x0202de3c       0x8c /usr/local/openravenscar/sparc-ork-elf/lib/libc.a(strcat.o)
                0x0202de3c                strcat
 .text          0x0202dec8       0xb8 /usr/local/openravenscar/sparc-ork-elf/lib/libc.a(strcmp.o)
                0x0202dec8                strcmp
 .text          0x0202df80       0x8c /usr/local/openravenscar/sparc-ork-elf/lib/libc.a(strcpy.o)
                0x0202df80                strcpy
 .text          0x0202e00c       0x78 /usr/local/openravenscar/sparc-ork-elf/lib/libc.a(strlen.o)
                0x0202e00c                strlen
 .text          0x0202e084       0xcc /usr/local/openravenscar/sparc-ork-elf/lib/libc.a(strncmp.o)
                0x0202e084                strncmp
 .text          0x0202e150       0xd4 /usr/local/openravenscar/sparc-ork-elf/lib/libc.a(strncpy.o)
                0x0202e150                strncpy